07-06 16:39:02.960 19629 19629 D VRI[PopupWindow:47e457f]: vri.Setup new sync id=1 syncSeqId=0
07-06 16:39:02.982 19629 19629 D VRI[PopupWindow:47e457f]: vri.reportDrawFinished syncSeqId=0 android.view.ViewRootImpl.lambda$createSyncIfNeeded$4$android-view-ViewRootImpl:3847 android.view.ViewRootImpl$$ExternalSyntheticLambda1.run:6 android.os.Handler.handleCallback:942 android.os.Handler.dispatchMessage:99 android.os.Looper.loopOnce:211 
07-06 16:39:02.983 19629 19629 D VRI[PopupWindow:47e457f]: vri.reportNextDraw android.view.ViewRootImpl.handleResized:1936 android.view.ViewRootImpl.-$$Nest$mhandleResized:0 android.view.ViewRootImpl$ViewRootHandler.handleMessageImpl:5860 android.view.ViewRootImpl$ViewRootHandler.handleMessage:5829 android.os.Handler.dispatchMessage:106 
07-06 16:39:02.984 19629 19629 D VRI[PopupWindow:d2bde38]: vri.reportNextDraw android.view.ViewRootImpl.handleResized:1936 android.view.ViewRootImpl.-$$Nest$mhandleResized:0 android.view.ViewRootImpl$ViewRootHandler.handleMessageImpl:5860 android.view.ViewRootImpl$ViewRootHandler.handleMessage:5829 android.os.Handler.dispatchMessage:106 
07-06 16:39:02.984 19629 19629 D VRI[PopupWindow:ea75014]: vri.reportNextDraw android.view.ViewRootImpl.handleResized:1936 android.view.ViewRootImpl.-$$Nest$mhandleResized:0 android.view.ViewRootImpl$ViewRootHandler.handleMessageImpl:5860 android.view.ViewRootImpl$ViewRootHandler.handleMessage:5829 android.os.Handler.dispatchMessage:106 
07-06 16:39:02.985 19629 19629 D VRI[PopupWindow:47e457f]: vri.Setup new sync id=2 syncSeqId=0
07-06 16:39:02.989 19629 19629 D VRI[PopupWindow:d2bde38]: vri.Setup new sync id=1 syncSeqId=0
07-06 16:39:02.994 19629 19629 D VRI[PopupWindow:ea75014]: vri.Setup new sync id=1 syncSeqId=0
07-06 16:39:03.001 19629 19629 E ViewDragHelper: Ignoring pointerId=0 because ACTION_DOWN was not received for this pointer before ACTION_MOVE. It likely happened because  ViewDragHelper did not receive all the events in the event stream.
07-06 16:39:03.001 19629 19629 E ViewDragHelper: Ignoring pointerId=0 because ACTION_DOWN was not received for this pointer before ACTION_MOVE. It likely happened because  ViewDragHelper did not receive all the events in the event stream.
07-06 16:39:03.001 19629 19629 E ViewDragHelper: Ignoring pointerId=0 because ACTION_DOWN was not received for this pointer before ACTION_MOVE. It likely happened because  ViewDragHelper did not receive all the events in the event stream.
07-06 16:39:03.001 19629 19629 E ViewDragHelper: Ignoring pointerId=0 because ACTION_DOWN was not received for this pointer before ACTION_MOVE. It likely happened because  ViewDragHelper did not receive all the events in the event stream.
07-06 16:39:03.002 19629 19629 D VRI[PopupWindow:ea75014]: vri.reportDrawFinished syncSeqId=0 android.view.ViewRootImpl.lambda$createSyncIfNeeded$4$android-view-ViewRootImpl:3847 android.view.ViewRootImpl$$ExternalSyntheticLambda1.run:6 android.os.Handler.handleCallback:942 android.os.Handler.dispatchMessage:99 android.os.Looper.loopOnce:211 
07-06 16:39:03.002 19629 19629 D VRI[PopupWindow:d2bde38]: vri.reportDrawFinished syncSeqId=0 android.view.ViewRootImpl.lambda$createSyncIfNeeded$4$android-view-ViewRootImpl:3847 android.view.ViewRootImpl$$ExternalSyntheticLambda1.run:6 android.os.Handler.handleCallback:942 android.os.Handler.dispatchMessage:99 android.os.Looper.loopOnce:211 
07-06 16:39:03.002 19629 19629 D VRI[PopupWindow:47e457f]: vri.reportDrawFinished syncSeqId=0 android.view.ViewRootImpl.lambda$createSyncIfNeeded$4$android-view-ViewRootImpl:3847 android.view.ViewRootImpl$$ExternalSyntheticLambda1.run:6 android.os.Handler.handleCallback:942 android.os.Handler.dispatchMessage:99 android.os.Looper.loopOnce:211 
07-06 16:39:03.353 19629 19629 E FileUtils: err write to mi_exception_log
07-06 16:39:03.360 19629 19629 D VRI[PopupWindow:ea75014]: vri.reportNextDraw android.view.ViewRootImpl.performTraversals:3779 android.view.ViewRootImpl.doTraversal:2543 android.view.ViewRootImpl$TraversalRunnable.run:9465 android.view.Choreographer$CallbackRecord.run:1451 android.view.Choreographer$CallbackRecord.run:1459 
07-06 16:39:03.360 19629 19629 D VRI[PopupWindow:ea75014]: vri.Setup new sync id=0 syncSeqId=0
07-06 16:39:03.369 19629  9499 W Parcel  : Expecting binder but got null!
07-06 16:39:03.370 19629 19629 D VRI[PopupWindow:ea75014]: vri.reportDrawFinished syncSeqId=0 android.view.ViewRootImpl.lambda$createSyncIfNeeded$4$android-view-ViewRootImpl:3847 android.view.ViewRootImpl$$ExternalSyntheticLambda1.run:6 android.os.Handler.handleCallback:942 android.os.Handler.dispatchMessage:99 android.os.Looper.loopOnce:211 
07-06 16:39:03.373 19629 19629 D VRI[PopupWindow:ea75014]: vri.reportNextDraw android.view.ViewRootImpl.handleResized:1936 android.view.ViewRootImpl.-$$Nest$mhandleResized:0 android.view.ViewRootImpl$ViewRootHandler.handleMessageImpl:5860 android.view.ViewRootImpl$ViewRootHandler.handleMessage:5829 android.os.Handler.dispatchMessage:106 
07-06 16:39:03.375 19629 19629 D VRI[PopupWindow:ea75014]: vri.Setup new sync id=1 syncSeqId=0
07-06 16:39:03.383 19629 19629 D VRI[PopupWindow:ea75014]: vri.reportDrawFinished syncSeqId=0 android.view.ViewRootImpl.lambda$createSyncIfNeeded$4$android-view-ViewRootImpl:3847 android.view.ViewRootImpl$$ExternalSyntheticLambda1.run:6 android.os.Handler.handleCallback:942 android.os.Handler.dispatchMessage:99 android.os.Looper.loopOnce:211 
07-06 16:39:04.402 19629  9499 D OpenGLRenderer: endAllActiveAnimators on 0x7c5629c300 (RippleDrawable) with handle 0x7c561daa60
07-06 16:39:06.501 13364 13364 W bash    : type=1400 audit(0.0:77468): avc: granted { execute } for name="git" dev="dm-41" ino=2464664 scontext=u:r:untrusted_app_27:s0:c178,c256,c512,c768 tcontext=u:object_r:app_data_file:s0:c178,c256,c512,c768 tclass=file app=com.termux
07-06 16:39:06.501 13364 13364 W bash    : type=1400 audit(0.0:77469): avc: granted { execute } for name="git" dev="dm-41" ino=2464664 scontext=u:r:untrusted_app_27:s0:c178,c256,c512,c768 tcontext=u:object_r:app_data_file:s0:c178,c256,c512,c768 tclass=file app=com.termux
07-06 16:39:06.501 13364 13364 W bash    : type=1400 audit(0.0:77470): avc: granted { execute_no_trans } for path="/data/data/com.termux/files/usr/bin/git" dev="dm-41" ino=2464664 scontext=u:r:untrusted_app_27:s0:c178,c256,c512,c768 tcontext=u:object_r:app_data_file:s0:c178,c256,c512,c768 tclass=file app=com.termux
07-06 16:39:06.501 13364 13364 W git     : type=1400 audit(0.0:77471): avc: granted { execute } for path="/data/data/com.termux/files/usr/bin/git" dev="dm-41" ino=2464664 scontext=u:r:untrusted_app_27:s0:c178,c256,c512,c768 tcontext=u:object_r:app_data_file:s0:c178,c256,c512,c768 tclass=file app=com.termux
07-06 16:39:06.521 13364 13364 W git     : type=1400 audit(0.0:77472): avc: denied { search } for name="tests" dev="dm-41" ino=165402 scontext=u:r:untrusted_app_27:s0:c178,c256,c512,c768 tcontext=u:object_r:shell_test_data_file:s0 tclass=dir permissive=0 app=com.termux
07-06 16:39:06.521 13364 13364 W git     : type=1400 audit(0.0:77473): avc: denied { search } for name="tests" dev="dm-41" ino=165402 scontext=u:r:untrusted_app_27:s0:c178,c256,c512,c768 tcontext=u:object_r:shell_test_data_file:s0 tclass=dir permissive=0 app=com.termux
07-06 16:39:06.521 13364 13364 W git     : type=1400 audit(0.0:77474): avc: denied { search } for name="tests" dev="dm-41" ino=165402 scontext=u:r:untrusted_app_27:s0:c178,c256,c512,c768 tcontext=u:object_r:shell_test_data_file:s0 tclass=dir permissive=0 app=com.termux
07-06 16:39:57.715 19629 19629 W DecorViewStubImpl: try catch editor reflect exception
07-06 16:39:57.715 19629 19629 W DecorViewStubImpl: java.lang.reflect.InvocationTargetException
07-06 16:39:57.715 19629 19629 W DecorViewStubImpl: 	at java.lang.reflect.Method.invoke(Native Method)
07-06 16:39:57.715 19629 19629 W DecorViewStubImpl: 	at com.android.internal.policy.DecorViewStubImpl.createActionMode(DecorViewStubImpl.java:41)
07-06 16:39:57.715 19629 19629 W DecorViewStubImpl: 	at com.android.internal.policy.DecorView.startActionMode(DecorView.java:1011)
07-06 16:39:57.715 19629 19629 W DecorViewStubImpl: 	at com.android.internal.policy.DecorView.startActionModeForChild(DecorView.java:959)
07-06 16:39:57.715 19629 19629 W DecorViewStubImpl: 	at android.view.ViewGroup.startActionModeForChild(ViewGroup.java:1044)
07-06 16:39:57.715 19629 19629 W DecorViewStubImpl: 	at android.view.ViewGroup.startActionModeForChild(ViewGroup.java:1044)
07-06 16:39:57.715 19629 19629 W DecorViewStubImpl: 	at android.view.ViewGroup.startActionModeForChild(ViewGroup.java:1044)
07-06 16:39:57.715 19629 19629 W DecorViewStubImpl: 	at android.view.ViewGroup.startActionModeForChild(ViewGroup.java:1044)
07-06 16:39:57.715 19629 19629 W DecorViewStubImpl: 	at android.view.ViewGroup.startActionModeForChild(ViewGroup.java:1044)
07-06 16:39:57.715 19629 19629 W DecorViewStubImpl: 	at android.view.View.startActionMode(View.java:7744)
07-06 16:39:57.715 19629 19629 W DecorViewStubImpl: 	at com.termux.view.textselection.TextSelectionCursorController.setActionModeCallBacks(TextSelectionCursorController.java:167)
07-06 16:39:57.715 19629 19629 W DecorViewStubImpl: 	at com.termux.view.textselection.TextSelectionCursorController.show(TextSelectionCursorController.java:52)
07-06 16:39:57.715 19629 19629 W DecorViewStubImpl: 	at com.termux.view.TerminalView.showTextSelectionCursors(TerminalView.java:1341)
07-06 16:39:57.715 19629 19629 W DecorViewStubImpl: 	at com.termux.view.TerminalView.startTextSelectionMode(TerminalView.java:1393)
07-06 16:39:57.715 19629 19629 W DecorViewStubImpl: 	at com.termux.view.TerminalView$1.onLongPress(TerminalView.java:249)
07-06 16:39:57.715 19629 19629 W DecorViewStubImpl: 	at com.termux.view.GestureAndScaleRecognizer$1.onLongPress(GestureAndScaleRecognizer.java:55)
07-06 16:39:57.715 19629 19629 W DecorViewStubImpl: 	at android.view.GestureDetector.dispatchLongPress(GestureDetector.java:890)
07-06 16:39:57.715 19629 19629 W DecorViewStubImpl: 	at android.view.GestureDetector.-$$Nest$mdispatchLongPress(GestureDetector.java:0)
07-06 16:39:57.715 19629 19629 W DecorViewStubImpl: 	at android.view.GestureDetector$GestureHandler.handleMessage(GestureDetector.java:324)
07-06 16:39:57.715 19629 19629 W DecorViewStubImpl: 	at android.os.Handler.dispatchMessage(Handler.java:106)
07-06 16:39:57.715 19629 19629 W DecorViewStubImpl: 	at android.os.Looper.loopOnce(Looper.java:211)
07-06 16:39:57.715 19629 19629 W DecorViewStubImpl: 	at android.os.Looper.loop(Looper.java:300)
07-06 16:39:57.715 19629 19629 W DecorViewStubImpl: 	at android.app.ActivityThread.main(ActivityThread.java:8296)
07-06 16:39:57.715 19629 19629 W DecorViewStubImpl: 	at java.lang.reflect.Method.invoke(Native Method)
07-06 16:39:57.715 19629 19629 W DecorViewStubImpl: 	at com.android.internal.os.RuntimeInit$MethodAndArgsCaller.run(RuntimeInit.java:559)
07-06 16:39:57.715 19629 19629 W DecorViewStubImpl: 	at com.android.internal.os.ZygoteInit.main(ZygoteInit.java:954)
07-06 16:39:57.715 19629 19629 W DecorViewStubImpl: Caused by: java.lang.ClassCastException: com.termux.view.TerminalView cannot be cast to android.widget.TextView
07-06 16:39:57.715 19629 19629 W DecorViewStubImpl: 	at miuix.toolbar.internal.ActionView.<init>(ActionView.java:20)
07-06 16:39:57.715 19629 19629 W DecorViewStubImpl: 	at miuix.toolbar.FloatingActionMode.<init>(FloatingActionMode.java:102)
07-06 16:39:57.715 19629 19629 W DecorViewStubImpl: 	at miuix.toolbar.FloatingActionModeHelper.startActionMode(FloatingActionModeHelper.java:24)
07-06 16:39:57.715 19629 19629 W DecorViewStubImpl: 	... 26 more
07-06 16:39:57.741 19629 19629 E FileUtils: err write to mi_exception_log
07-06 16:39:57.756 19629 19629 D VRI[PopupWindow:6b8b612]: vri.reportNextDraw android.view.ViewRootImpl.performTraversals:3779 android.view.ViewRootImpl.doTraversal:2543 android.view.ViewRootImpl$TraversalRunnable.run:9465 android.view.Choreographer$CallbackRecord.run:1451 android.view.Choreographer$CallbackRecord.run:1459 
07-06 16:39:57.756 19629 19629 D VRI[PopupWindow:6b8b612]: vri.Setup new sync id=0 syncSeqId=0
07-06 16:39:57.760 19629  9499 W Parcel  : Expecting binder but got null!
07-06 16:39:57.776 19629 19629 D VRI[PopupWindow:235093f]: vri.reportNextDraw android.view.ViewRootImpl.performTraversals:3779 android.view.ViewRootImpl.doTraversal:2543 android.view.ViewRootImpl$TraversalRunnable.run:9465 android.view.Choreographer$CallbackRecord.run:1451 android.view.Choreographer$CallbackRecord.run:1459 
07-06 16:39:57.776 19629 19629 D VRI[PopupWindow:235093f]: vri.Setup new sync id=0 syncSeqId=0
07-06 16:39:57.780 19629  9499 W Parcel  : Expecting binder but got null!
07-06 16:39:57.801 19629 19629 D VRI[PopupWindow:22b304b]: vri.reportNextDraw android.view.ViewRootImpl.performTraversals:3779 android.view.ViewRootImpl.doTraversal:2543 android.view.ViewRootImpl$TraversalRunnable.run:9465 android.view.Choreographer$CallbackRecord.run:1451 android.view.Choreographer$CallbackRecord.run:1459 
07-06 16:39:57.802 19629 19629 D VRI[PopupWindow:22b304b]: vri.Setup new sync id=0 syncSeqId=0
07-06 16:39:57.807 19629  9499 W Parcel  : Expecting binder but got null!
07-06 16:39:57.808 19629 19629 E FileUtils: err write to mi_exception_log
07-06 16:39:57.808 19629 19629 D VRI[PopupWindow:22b304b]: vri.reportDrawFinished syncSeqId=0 android.view.ViewRootImpl.lambda$createSyncIfNeeded$4$android-view-ViewRootImpl:3847 android.view.ViewRootImpl$$ExternalSyntheticLambda1.run:6 android.os.Handler.handleCallback:942 android.os.Handler.dispatchMessage:99 android.os.Looper.loopOnce:211 
07-06 16:39:57.809 19629 19629 D VRI[PopupWindow:235093f]: vri.reportDrawFinished syncSeqId=0 android.view.ViewRootImpl.lambda$createSyncIfNeeded$4$android-view-ViewRootImpl:3847 android.view.ViewRootImpl$$ExternalSyntheticLambda1.run:6 android.os.Handler.handleCallback:942 android.os.Handler.dispatchMessage:99 android.os.Looper.loopOnce:211 
07-06 16:39:57.809 19629 19629 D VRI[PopupWindow:6b8b612]: vri.reportDrawFinished syncSeqId=0 android.view.ViewRootImpl.lambda$createSyncIfNeeded$4$android-view-ViewRootImpl:3847 android.view.ViewRootImpl$$ExternalSyntheticLambda1.run:6 android.os.Handler.handleCallback:942 android.os.Handler.dispatchMessage:99 android.os.Looper.loopOnce:211 
07-06 16:39:57.822 19629 19629 D VRI[PopupWindow:6b8b612]: vri.reportNextDraw android.view.ViewRootImpl.performTraversals:3779 android.view.ViewRootImpl.doTraversal:2543 android.view.ViewRootImpl$TraversalRunnable.run:9465 android.view.Choreographer$CallbackRecord.run:1451 android.view.Choreographer$CallbackRecord.run:1459 
07-06 16:39:57.822 19629 19629 D VRI[PopupWindow:6b8b612]: vri.Setup new sync id=1 syncSeqId=0
07-06 16:39:57.842 19629 19629 D VRI[PopupWindow:6b8b612]: vri.reportDrawFinished syncSeqId=0 android.view.ViewRootImpl.lambda$createSyncIfNeeded$4$android-view-ViewRootImpl:3847 android.view.ViewRootImpl$$ExternalSyntheticLambda1.run:6 android.os.Handler.handleCallback:942 android.os.Handler.dispatchMessage:99 android.os.Looper.loopOnce:211 
07-06 16:39:57.842 19629 19629 D VRI[PopupWindow:6b8b612]: vri.reportNextDraw android.view.ViewRootImpl.handleResized:1936 android.view.ViewRootImpl.-$$Nest$mhandleResized:0 android.view.ViewRootImpl$ViewRootHandler.handleMessageImpl:5860 android.view.ViewRootImpl$ViewRootHandler.handleMessage:5829 android.os.Handler.dispatchMessage:106 
07-06 16:39:57.843 19629 19629 D VRI[PopupWindow:235093f]: vri.reportNextDraw android.view.ViewRootImpl.handleResized:1936 android.view.ViewRootImpl.-$$Nest$mhandleResized:0 android.view.ViewRootImpl$ViewRootHandler.handleMessageImpl:5860 android.view.ViewRootImpl$ViewRootHandler.handleMessage:5829 android.os.Handler.dispatchMessage:106 
07-06 16:39:57.843 19629 19629 D VRI[PopupWindow:22b304b]: vri.reportNextDraw android.view.ViewRootImpl.handleResized:1936 android.view.ViewRootImpl.-$$Nest$mhandleResized:0 android.view.ViewRootImpl$ViewRootHandler.handleMessageImpl:5860 android.view.ViewRootImpl$ViewRootHandler.handleMessage:5829 android.os.Handler.dispatchMessage:106 
07-06 16:39:57.843 19629 19629 D VRI[PopupWindow:6b8b612]: vri.Setup new sync id=2 syncSeqId=0
07-06 16:39:57.848 19629 19629 D VRI[PopupWindow:235093f]: vri.Setup new sync id=1 syncSeqId=0
07-06 16:39:57.851 19629 19629 D VRI[PopupWindow:22b304b]: vri.Setup new sync id=1 syncSeqId=0
07-06 16:39:57.855 19629 19629 D VRI[PopupWindow:22b304b]: vri.reportDrawFinished syncSeqId=0 android.view.ViewRootImpl.lambda$createSyncIfNeeded$4$android-view-ViewRootImpl:3847 android.view.ViewRootImpl$$ExternalSyntheticLambda1.run:6 android.os.Handler.handleCallback:942 android.os.Handler.dispatchMessage:99 android.os.Looper.loopOnce:211 
07-06 16:39:57.855 19629 19629 D VRI[PopupWindow:235093f]: vri.reportDrawFinished syncSeqId=0 android.view.ViewRootImpl.lambda$createSyncIfNeeded$4$android-view-ViewRootImpl:3847 android.view.ViewRootImpl$$ExternalSyntheticLambda1.run:6 android.os.Handler.handleCallback:942 android.os.Handler.dispatchMessage:99 android.os.Looper.loopOnce:211 
07-06 16:39:57.855 19629 19629 D VRI[PopupWindow:6b8b612]: vri.reportDrawFinished syncSeqId=0 android.view.ViewRootImpl.lambda$createSyncIfNeeded$4$android-view-ViewRootImpl:3847 android.view.ViewRootImpl$$ExternalSyntheticLambda1.run:6 android.os.Handler.handleCallback:942 android.os.Handler.dispatchMessage:99 android.os.Looper.loopOnce:211 
07-06 16:39:58.999 19629  9499 D OpenGLRenderer: endAllActiveAnimators on 0x7c562b6700 (RippleDrawable) with handle 0x7c5fcd4520
07-06 16:39:59.741 13405 13405 W bash    : type=1400 audit(0.0:77521): avc: granted { execute } for name="git" dev="dm-41" ino=2464664 scontext=u:r:untrusted_app_27:s0:c178,c256,c512,c768 tcontext=u:object_r:app_data_file:s0:c178,c256,c512,c768 tclass=file app=com.termux
07-06 16:39:59.751 13405 13405 W bash    : type=1400 audit(0.0:77522): avc: granted { execute } for name="git" dev="dm-41" ino=2464664 scontext=u:r:untrusted_app_27:s0:c178,c256,c512,c768 tcontext=u:object_r:app_data_file:s0:c178,c256,c512,c768 tclass=file app=com.termux
07-06 16:39:59.751 13405 13405 W bash    : type=1400 audit(0.0:77523): avc: granted { execute_no_trans } for path="/data/data/com.termux/files/usr/bin/git" dev="dm-41" ino=2464664 scontext=u:r:untrusted_app_27:s0:c178,c256,c512,c768 tcontext=u:object_r:app_data_file:s0:c178,c256,c512,c768 tclass=file app=com.termux
07-06 16:39:59.751 13405 13405 W git     : type=1400 audit(0.0:77524): avc: granted { execute } for path="/data/data/com.termux/files/usr/bin/git" dev="dm-41" ino=2464664 scontext=u:r:untrusted_app_27:s0:c178,c256,c512,c768 tcontext=u:object_r:app_data_file:s0:c178,c256,c512,c768 tclass=file app=com.termux
07-06 16:39:59.751 13405 13405 W git     : type=1400 audit(0.0:77525): avc: denied { search } for name="tests" dev="dm-41" ino=165402 scontext=u:r:untrusted_app_27:s0:c178,c256,c512,c768 tcontext=u:object_r:shell_test_data_file:s0 tclass=dir permissive=0 app=com.termux
07-06 16:39:59.751 13405 13405 W git     : type=1400 audit(0.0:77526): avc: denied { search } for name="tests" dev="dm-41" ino=165402 scontext=u:r:untrusted_app_27:s0:c178,c256,c512,c768 tcontext=u:object_r:shell_test_data_file:s0 tclass=dir permissive=0 app=com.termux
07-06 16:39:59.751 13405 13405 W git     : type=1400 audit(0.0:77527): avc: denied { search } for name="tests" dev="dm-41" ino=165402 scontext=u:r:untrusted_app_27:s0:c178,c256,c512,c768 tcontext=u:object_r:shell_test_data_file:s0 tclass=dir permissive=0 app=com.termux
07-06 16:39:59.751 13405 13405 W git     : type=1400 audit(0.0:77528): avc: denied { search } for name="tests" dev="dm-41" ino=165402 scontext=u:r:untrusted_app_27:s0:c178,c256,c512,c768 tcontext=u:object_r:shell_test_data_file:s0 tclass=dir permissive=0 app=com.termux
07-06 16:40:20.311 19629 19629 W DecorViewStubImpl: try catch editor reflect exception
07-06 16:40:20.311 19629 19629 W DecorViewStubImpl: java.lang.reflect.InvocationTargetException
07-06 16:40:20.311 19629 19629 W DecorViewStubImpl: 	at java.lang.reflect.Method.invoke(Native Method)
07-06 16:40:20.311 19629 19629 W DecorViewStubImpl: 	at com.android.internal.policy.DecorViewStubImpl.createActionMode(DecorViewStubImpl.java:41)
07-06 16:40:20.311 19629 19629 W DecorViewStubImpl: 	at com.android.internal.policy.DecorView.startActionMode(DecorView.java:1011)
07-06 16:40:20.311 19629 19629 W DecorViewStubImpl: 	at com.android.internal.policy.DecorView.startActionModeForChild(DecorView.java:959)
07-06 16:40:20.311 19629 19629 W DecorViewStubImpl: 	at android.view.ViewGroup.startActionModeForChild(ViewGroup.java:1044)
07-06 16:40:20.311 19629 19629 W DecorViewStubImpl: 	at android.view.ViewGroup.startActionModeForChild(ViewGroup.java:1044)
07-06 16:40:20.311 19629 19629 W DecorViewStubImpl: 	at android.view.ViewGroup.startActionModeForChild(ViewGroup.java:1044)
07-06 16:40:20.311 19629 19629 W DecorViewStubImpl: 	at android.view.ViewGroup.startActionModeForChild(ViewGroup.java:1044)
07-06 16:40:20.311 19629 19629 W DecorViewStubImpl: 	at android.view.ViewGroup.startActionModeForChild(ViewGroup.java:1044)
07-06 16:40:20.311 19629 19629 W DecorViewStubImpl: 	at android.view.View.startActionMode(View.java:7744)
07-06 16:40:20.311 19629 19629 W DecorViewStubImpl: 	at com.termux.view.textselection.TextSelectionCursorController.setActionModeCallBacks(TextSelectionCursorController.java:167)
07-06 16:40:20.311 19629 19629 W DecorViewStubImpl: 	at com.termux.view.textselection.TextSelectionCursorController.show(TextSelectionCursorController.java:52)
07-06 16:40:20.311 19629 19629 W DecorViewStubImpl: 	at com.termux.view.TerminalView.showTextSelectionCursors(TerminalView.java:1341)
07-06 16:40:20.311 19629 19629 W DecorViewStubImpl: 	at com.termux.view.TerminalView.startTextSelectionMode(TerminalView.java:1393)
07-06 16:40:20.311 19629 19629 W DecorViewStubImpl: 	at com.termux.view.TerminalView$1.onLongPress(TerminalView.java:249)
07-06 16:40:20.311 19629 19629 W DecorViewStubImpl: 	at com.termux.view.GestureAndScaleRecognizer$1.onLongPress(GestureAndScaleRecognizer.java:55)
07-06 16:40:20.311 19629 19629 W DecorViewStubImpl: 	at android.view.GestureDetector.dispatchLongPress(GestureDetector.java:890)
07-06 16:40:20.311 19629 19629 W DecorViewStubImpl: 	at android.view.GestureDetector.-$$Nest$mdispatchLongPress(GestureDetector.java:0)
07-06 16:40:20.311 19629 19629 W DecorViewStubImpl: 	at android.view.GestureDetector$GestureHandler.handleMessage(GestureDetector.java:324)
07-06 16:40:20.311 19629 19629 W DecorViewStubImpl: 	at android.os.Handler.dispatchMessage(Handler.java:106)
07-06 16:40:20.311 19629 19629 W DecorViewStubImpl: 	at android.os.Looper.loopOnce(Looper.java:211)
07-06 16:40:20.311 19629 19629 W DecorViewStubImpl: 	at android.os.Looper.loop(Looper.java:300)
07-06 16:40:20.311 19629 19629 W DecorViewStubImpl: 	at android.app.ActivityThread.main(ActivityThread.java:8296)
07-06 16:40:20.311 19629 19629 W DecorViewStubImpl: 	at java.lang.reflect.Method.invoke(Native Method)
07-06 16:40:20.311 19629 19629 W DecorViewStubImpl: 	at com.android.internal.os.RuntimeInit$MethodAndArgsCaller.run(RuntimeInit.java:559)
07-06 16:40:20.311 19629 19629 W DecorViewStubImpl: 	at com.android.internal.os.ZygoteInit.main(ZygoteInit.java:954)
07-06 16:40:20.311 19629 19629 W DecorViewStubImpl: Caused by: java.lang.ClassCastException: com.termux.view.TerminalView cannot be cast to android.widget.TextView
07-06 16:40:20.311 19629 19629 W DecorViewStubImpl: 	at miuix.toolbar.internal.ActionView.<init>(ActionView.java:20)
07-06 16:40:20.311 19629 19629 W DecorViewStubImpl: 	at miuix.toolbar.FloatingActionMode.<init>(FloatingActionMode.java:102)
07-06 16:40:20.311 19629 19629 W DecorViewStubImpl: 	at miuix.toolbar.FloatingActionModeHelper.startActionMode(FloatingActionModeHelper.java:24)
07-06 16:40:20.311 19629 19629 W DecorViewStubImpl: 	... 26 more
07-06 16:40:20.336 19629 19629 E FileUtils: err write to mi_exception_log
07-06 16:40:20.352 19629 19629 D VRI[PopupWindow:37fff70]: vri.reportNextDraw android.view.ViewRootImpl.performTraversals:3779 android.view.ViewRootImpl.doTraversal:2543 android.view.ViewRootImpl$TraversalRunnable.run:9465 android.view.Choreographer$CallbackRecord.run:1451 android.view.Choreographer$CallbackRecord.run:1459 
07-06 16:40:20.352 19629 19629 D VRI[PopupWindow:37fff70]: vri.Setup new sync id=0 syncSeqId=0
07-06 16:40:20.357 19629  9499 W Parcel  : Expecting binder but got null!
07-06 16:40:20.371 19629 19629 D VRI[PopupWindow:871f4a5]: vri.reportNextDraw android.view.ViewRootImpl.performTraversals:3779 android.view.ViewRootImpl.doTraversal:2543 android.view.ViewRootImpl$TraversalRunnable.run:9465 android.view.Choreographer$CallbackRecord.run:1451 android.view.Choreographer$CallbackRecord.run:1459 
07-06 16:40:20.371 19629 19629 D VRI[PopupWindow:871f4a5]: vri.Setup new sync id=0 syncSeqId=0
07-06 16:40:20.375 19629  9499 W Parcel  : Expecting binder but got null!
07-06 16:40:20.395 19629 19629 D VRI[PopupWindow:743e991]: vri.reportNextDraw android.view.ViewRootImpl.performTraversals:3779 android.view.ViewRootImpl.doTraversal:2543 android.view.ViewRootImpl$TraversalRunnable.run:9465 android.view.Choreographer$CallbackRecord.run:1451 android.view.Choreographer$CallbackRecord.run:1459 
07-06 16:40:20.395 19629 19629 D VRI[PopupWindow:743e991]: vri.Setup new sync id=0 syncSeqId=0
07-06 16:40:20.399 19629  9499 W Parcel  : Expecting binder but got null!
07-06 16:40:20.399 19629 19629 E FileUtils: err write to mi_exception_log
07-06 16:40:20.400 19629 19629 D VRI[PopupWindow:743e991]: vri.reportDrawFinished syncSeqId=0 android.view.ViewRootImpl.lambda$createSyncIfNeeded$4$android-view-ViewRootImpl:3847 android.view.ViewRootImpl$$ExternalSyntheticLambda1.run:6 android.os.Handler.handleCallback:942 android.os.Handler.dispatchMessage:99 android.os.Looper.loopOnce:211 
07-06 16:40:20.401 19629 19629 D VRI[PopupWindow:871f4a5]: vri.reportDrawFinished syncSeqId=0 android.view.ViewRootImpl.lambda$createSyncIfNeeded$4$android-view-ViewRootImpl:3847 android.view.ViewRootImpl$$ExternalSyntheticLambda1.run:6 android.os.Handler.handleCallback:942 android.os.Handler.dispatchMessage:99 android.os.Looper.loopOnce:211 
07-06 16:40:20.401 19629 19629 D VRI[PopupWindow:37fff70]: vri.reportDrawFinished syncSeqId=0 android.view.ViewRootImpl.lambda$createSyncIfNeeded$4$android-view-ViewRootImpl:3847 android.view.ViewRootImpl$$ExternalSyntheticLambda1.run:6 android.os.Handler.handleCallback:942 android.os.Handler.dispatchMessage:99 android.os.Looper.loopOnce:211 
07-06 16:40:20.413 19629 19629 D VRI[PopupWindow:37fff70]: vri.reportNextDraw android.view.ViewRootImpl.performTraversals:3779 android.view.ViewRootImpl.doTraversal:2543 android.view.ViewRootImpl$TraversalRunnable.run:9465 android.view.Choreographer$CallbackRecord.run:1451 android.view.Choreographer$CallbackRecord.run:1459 
07-06 16:40:20.413 19629 19629 D VRI[PopupWindow:37fff70]: vri.Setup new sync id=1 syncSeqId=0
07-06 16:40:20.435 19629 19629 D VRI[PopupWindow:37fff70]: vri.reportDrawFinished syncSeqId=0 android.view.ViewRootImpl.lambda$createSyncIfNeeded$4$android-view-ViewRootImpl:3847 android.view.ViewRootImpl$$ExternalSyntheticLambda1.run:6 android.os.Handler.handleCallback:942 android.os.Handler.dispatchMessage:99 android.os.Looper.loopOnce:211 
07-06 16:40:20.436 19629 19629 D VRI[PopupWindow:37fff70]: vri.reportNextDraw android.view.ViewRootImpl.handleResized:1936 android.view.ViewRootImpl.-$$Nest$mhandleResized:0 android.view.ViewRootImpl$ViewRootHandler.handleMessageImpl:5860 android.view.ViewRootImpl$ViewRootHandler.handleMessage:5829 android.os.Handler.dispatchMessage:106 
07-06 16:40:20.436 19629 19629 D VRI[PopupWindow:871f4a5]: vri.reportNextDraw android.view.ViewRootImpl.handleResized:1936 android.view.ViewRootImpl.-$$Nest$mhandleResized:0 android.view.ViewRootImpl$ViewRootHandler.handleMessageImpl:5860 android.view.ViewRootImpl$ViewRootHandler.handleMessage:5829 android.os.Handler.dispatchMessage:106 
07-06 16:40:20.437 19629 19629 D VRI[PopupWindow:743e991]: vri.reportNextDraw android.view.ViewRootImpl.handleResized:1936 android.view.ViewRootImpl.-$$Nest$mhandleResized:0 android.view.ViewRootImpl$ViewRootHandler.handleMessageImpl:5860 android.view.ViewRootImpl$ViewRootHandler.handleMessage:5829 android.os.Handler.dispatchMessage:106 
07-06 16:40:20.437 19629 19629 D VRI[PopupWindow:37fff70]: vri.Setup new sync id=2 syncSeqId=0
07-06 16:40:20.440 19629 19629 D VRI[PopupWindow:871f4a5]: vri.Setup new sync id=1 syncSeqId=0
07-06 16:40:20.444 19629 19629 D VRI[PopupWindow:743e991]: vri.Setup new sync id=1 syncSeqId=0
07-06 16:40:20.449 19629 19629 D VRI[PopupWindow:743e991]: vri.reportDrawFinished syncSeqId=0 android.view.ViewRootImpl.lambda$createSyncIfNeeded$4$android-view-ViewRootImpl:3847 android.view.ViewRootImpl$$ExternalSyntheticLambda1.run:6 android.os.Handler.handleCallback:942 android.os.Handler.dispatchMessage:99 android.os.Looper.loopOnce:211 
07-06 16:40:20.450 19629 19629 D VRI[PopupWindow:871f4a5]: vri.reportDrawFinished syncSeqId=0 android.view.ViewRootImpl.lambda$createSyncIfNeeded$4$android-view-ViewRootImpl:3847 android.view.ViewRootImpl$$ExternalSyntheticLambda1.run:6 android.os.Handler.handleCallback:942 android.os.Handler.dispatchMessage:99 android.os.Looper.loopOnce:211 
07-06 16:40:20.450 19629 19629 D VRI[PopupWindow:37fff70]: vri.reportDrawFinished syncSeqId=0 android.view.ViewRootImpl.lambda$createSyncIfNeeded$4$android-view-ViewRootImpl:3847 android.view.ViewRootImpl$$ExternalSyntheticLambda1.run:6 android.os.Handler.handleCallback:942 android.os.Handler.dispatchMessage:99 android.os.Looper.loopOnce:211 
07-06 16:40:21.554 19629  9499 D OpenGLRenderer: endAllActiveAnimators on 0x7c5638fd00 (RippleDrawable) with handle 0x7c561dac60
07-06 16:40:22.340 19629 19629 E FileUtils: err write to mi_exception_log
07-06 16:40:22.359 19629 19629 D DecorView[]: onWindowFocusChanged hasWindowFocus false
07-06 16:40:22.663 19629 19629 E FileUtils: err write to mi_exception_log
07-06 16:40:23.034 19629 19629 E FileUtils: err write to mi_exception_log
07-06 16:40:24.692 19629  9529 D BufferPoolAccessor2.0: bufferpool2 0x7cdb704c28 : 0(0 size) total buffers - 0(0 size) used buffers - 2/7 (recycle/alloc) - 5/24 (fetch/transfer)
07-06 16:40:24.693 19629  9529 D BufferPoolAccessor2.0: Destruction - bufferpool2 0x7cdb704c28 cached: 0/0M, 0/0% in use; allocs: 7, 29% recycled; transfers: 24, 79% unfetched
07-06 16:40:29.693 19629  9528 D BufferPoolAccessor2.0: evictor expired: 1, evicted: 0
07-06 16:41:29.251  6782  6782 I com.termux.gui: Using generational CollectorTypeCC GC.
07-06 16:41:29.281  6782  6782 D nativeloader: Load libframework-connectivity-tiramisu-jni.so using APEX ns com_android_tethering for caller /apex/com.android.tethering/javalib/framework-connectivity-t.jar: ok
07-06 16:41:29.286  6782  6782 I MessageMonitor: Load libmiui_runtime
07-06 16:41:29.370  6782  6782 D CompatibilityChangeReporter: Compat change id reported: 171979766; UID 10178; state: ENABLED
07-06 16:41:29.393  6782 16040 D AppScoutStateMachine: 6782-ScoutStateMachinecreated
07-06 16:41:29.433  6782  6782 D nativeloader: Configuring clns-4 for other apk /data/app/~~pggoACAX67qP_lzfMb2Uyg==/com.termux.gui-AdPY6q7A-myFn8bLL4rYUA==/base.apk. target_sdk_version=33, uses_libraries=, library_path=/data/app/~~pggoACAX67qP_lzfMb2Uyg==/com.termux.gui-AdPY6q7A-myFn8bLL4rYUA==/lib/arm64:/data/app/~~pggoACAX67qP_lzfMb2Uyg==/com.termux.gui-AdPY6q7A-myFn8bLL4rYUA==/base.apk!/lib/arm64-v8a, permitted_path=/data:/mnt/expand:/data/user/0/com.termux.gui
07-06 16:41:29.445  6782  6782 D nativeloader: Load libframework-connectivity-jni.so using APEX ns com_android_tethering for caller /apex/com.android.tethering/javalib/framework-connectivity.jar: ok
07-06 16:41:29.447  6782  6782 I Perf    : Connecting to perf service.
07-06 16:41:29.469  6782  6782 V GraphicsEnvironment: ANGLE Developer option for 'com.termux.gui' set to: 'default'
07-06 16:41:29.472  6782  6782 V GraphicsEnvironment: ANGLE GameManagerService for com.termux.gui: false
07-06 16:41:29.473  6782  6782 V GraphicsEnvironment: Updatable production driver is not supported on the device.
07-06 16:41:29.481  6782  6782 W com.termux.gui: type=1400 audit(0.0:77677): avc: denied { read } for name="u:object_r:vendor_displayfeature_prop:s0" dev="tmpfs" ino=10233 scontext=u:r:untrusted_app_27:s0:c178,c256,c512,c768 tcontext=u:object_r:vendor_displayfeature_prop:s0 tclass=file permissive=0 app=com.termux.gui
07-06 16:41:29.483  6782  6782 I ForceDarkHelperStubImpl: initialize for com.termux.gui , ForceDarkOrigin
07-06 16:41:29.485  6782  6782 D nativeloader: Load libforcedarkimpl.so using system ns (caller=/system_ext/framework/miui-framework.jar): ok
07-06 16:41:29.485  6782  6782 D com.termux.gui: JNI_OnLoad success
07-06 16:41:29.485  6782  6782 I MiuiForceDarkConfig: setConfig density:2.881250, mainRule:0, secondaryRule:0, tertiaryRule:0
07-06 16:41:29.489  6782  6782 W libc    : Access denied finding property "ro.vendor.df.effect.conflict"
07-06 16:41:29.490  6782  6782 D NetworkSecurityConfig: No Network Security Config specified, using platform default
07-06 16:41:29.490  6782  6782 D NetworkSecurityConfig: No Network Security Config specified, using platform default
07-06 16:41:29.693  6782  6782 W AndroidKeysetManager: keyset not found, will generate a new one
07-06 16:41:29.693  6782  6782 W AndroidKeysetManager: java.io.FileNotFoundException: can't read keyset; the pref value __androidx_security_crypto_encrypted_prefs_key_keyset__ does not exist
07-06 16:41:29.693  6782  6782 W AndroidKeysetManager: 	at com.google.crypto.tink.integration.android.SharedPrefKeysetReader.readPref(SharedPrefKeysetReader.java:31)
07-06 16:41:29.693  6782  6782 W AndroidKeysetManager: 	at com.google.crypto.tink.KeysetHandle.read(KeysetHandle.java:1)
07-06 16:41:29.693  6782  6782 W AndroidKeysetManager: 	at com.google.crypto.tink.integration.android.AndroidKeysetManager$Builder.readOrGenerateNewKeyset(AndroidKeysetManager.java:7)
07-06 16:41:29.693  6782  6782 W AndroidKeysetManager: 	at androidx.security.crypto.EncryptedSharedPreferences.create(EncryptedSharedPreferences.java:78)
07-06 16:41:29.693  6782  6782 W AndroidKeysetManager: 	at com.termux.gui.Settings.settingsPreferences(Settings.kt:19)
07-06 16:41:29.693  6782  6782 W AndroidKeysetManager: 	at com.termux.gui.Settings.load(Settings.kt:6)
07-06 16:41:29.693  6782  6782 W AndroidKeysetManager: 	at com.termux.gui.App.onCreate(App.kt:12)
07-06 16:41:29.693  6782  6782 W AndroidKeysetManager: 	at android.app.Instrumentation.callApplicationOnCreate(Instrumentation.java:1287)
07-06 16:41:29.693  6782  6782 W AndroidKeysetManager: 	at android.app.ActivityThread.handleBindApplication(ActivityThread.java:7127)
07-06 16:41:29.693  6782  6782 W AndroidKeysetManager: 	at android.app.ActivityThread.-$$Nest$mhandleBindApplication(ActivityThread.java:0)
07-06 16:41:29.693  6782  6782 W AndroidKeysetManager: 	at android.app.ActivityThread$H.handleMessage(ActivityThread.java:2220)
07-06 16:41:29.693  6782  6782 W AndroidKeysetManager: 	at android.os.Handler.dispatchMessage(Handler.java:106)
07-06 16:41:29.693  6782  6782 W AndroidKeysetManager: 	at android.os.Looper.loopOnce(Looper.java:211)
07-06 16:41:29.693  6782  6782 W AndroidKeysetManager: 	at android.os.Looper.loop(Looper.java:300)
07-06 16:41:29.693  6782  6782 W AndroidKeysetManager: 	at android.app.ActivityThread.main(ActivityThread.java:8296)
07-06 16:41:29.693  6782  6782 W AndroidKeysetManager: 	at java.lang.reflect.Method.invoke(Native Method)
07-06 16:41:29.693  6782  6782 W AndroidKeysetManager: 	at com.android.internal.os.RuntimeInit$MethodAndArgsCaller.run(RuntimeInit.java:559)
07-06 16:41:29.693  6782  6782 W AndroidKeysetManager: 	at com.android.internal.os.ZygoteInit.main(ZygoteInit.java:954)
07-06 16:41:29.771  6782  6782 W AndroidKeysetManager: keyset not found, will generate a new one
07-06 16:41:29.771  6782  6782 W AndroidKeysetManager: java.io.FileNotFoundException: can't read keyset; the pref value __androidx_security_crypto_encrypted_prefs_value_keyset__ does not exist
07-06 16:41:29.771  6782  6782 W AndroidKeysetManager: 	at com.google.crypto.tink.integration.android.SharedPrefKeysetReader.readPref(SharedPrefKeysetReader.java:31)
07-06 16:41:29.771  6782  6782 W AndroidKeysetManager: 	at com.google.crypto.tink.KeysetHandle.read(KeysetHandle.java:1)
07-06 16:41:29.771  6782  6782 W AndroidKeysetManager: 	at com.google.crypto.tink.integration.android.AndroidKeysetManager$Builder.readOrGenerateNewKeyset(AndroidKeysetManager.java:7)
07-06 16:41:29.771  6782  6782 W AndroidKeysetManager: 	at androidx.security.crypto.EncryptedSharedPreferences.create(EncryptedSharedPreferences.java:145)
07-06 16:41:29.771  6782  6782 W AndroidKeysetManager: 	at com.termux.gui.Settings.settingsPreferences(Settings.kt:19)
07-06 16:41:29.771  6782  6782 W AndroidKeysetManager: 	at com.termux.gui.Settings.load(Settings.kt:6)
07-06 16:41:29.771  6782  6782 W AndroidKeysetManager: 	at com.termux.gui.App.onCreate(App.kt:12)
07-06 16:41:29.771  6782  6782 W AndroidKeysetManager: 	at android.app.Instrumentation.callApplicationOnCreate(Instrumentation.java:1287)
07-06 16:41:29.771  6782  6782 W AndroidKeysetManager: 	at android.app.ActivityThread.handleBindApplication(ActivityThread.java:7127)
07-06 16:41:29.771  6782  6782 W AndroidKeysetManager: 	at android.app.ActivityThread.-$$Nest$mhandleBindApplication(ActivityThread.java:0)
07-06 16:41:29.771  6782  6782 W AndroidKeysetManager: 	at android.app.ActivityThread$H.handleMessage(ActivityThread.java:2220)
07-06 16:41:29.771  6782  6782 W AndroidKeysetManager: 	at android.os.Handler.dispatchMessage(Handler.java:106)
07-06 16:41:29.771  6782  6782 W AndroidKeysetManager: 	at android.os.Looper.loopOnce(Looper.java:211)
07-06 16:41:29.771  6782  6782 W AndroidKeysetManager: 	at android.os.Looper.loop(Looper.java:300)
07-06 16:41:29.771  6782  6782 W AndroidKeysetManager: 	at android.app.ActivityThread.main(ActivityThread.java:8296)
07-06 16:41:29.771  6782  6782 W AndroidKeysetManager: 	at java.lang.reflect.Method.invoke(Native Method)
07-06 16:41:29.771  6782  6782 W AndroidKeysetManager: 	at com.android.internal.os.RuntimeInit$MethodAndArgsCaller.run(RuntimeInit.java:559)
07-06 16:41:29.771  6782  6782 W AndroidKeysetManager: 	at com.android.internal.os.ZygoteInit.main(ZygoteInit.java:954)
07-06 16:41:29.800  6782  6782 I EngineFactory: Provider GmsCore_OpenSSL not available
07-06 16:41:29.823  6782  6782 E FileUtils: err open mi_exception_log errno=2
07-06 16:41:29.823  6782  6782 E FileUtils: err write to mi_exception_log
07-06 16:41:29.826  6782  6782 D MiuiMultiWindowAdapter: MiuiMultiWindowAdapter::getFreeformVideoWhiteListInSystem::LIST_ABOUT_SUPPORT_LANDSCAPE_VIDEO = [com.hunantv.imgo.activity, com.tencent.qqlive, com.qiyi.video, com.hunantv.imgo.activity.inter, com.tencent.qqlivei18n, com.iqiyi.i18n, tv.danmaku.bili]
07-06 16:41:29.865  6782  6782 D CompatibilityChangeReporter: Compat change id reported: 171228096; UID 10178; state: ENABLED
07-06 16:41:29.871  6782  6782 D CompatibilityChangeReporter: Compat change id reported: 210923482; UID 10178; state: ENABLED
07-06 16:41:29.948  6782  6782 D IS_CTS_MODE: false
07-06 16:41:29.948  6782  6782 D MULTI_WINDOW_ENABLED: false
07-06 16:41:29.950  6782  6782 D DecorView[]: getWindowModeFromSystem  windowmode is 1
07-06 16:41:29.985  6782  6782 E FileUtils: err write to mi_exception_log
07-06 16:41:29.985  6782  6782 E FileUtils: err write to mi_exception_log
07-06 16:41:29.985  6782  6782 E FileUtils: err write to mi_exception_log
07-06 16:41:30.035  6782 16079 I AdrenoGLES-0: QUALCOMM build                   : c5f0e23, I9972db7aac
07-06 16:41:30.035  6782 16079 I AdrenoGLES-0: Build Date                       : 04/28/21
07-06 16:41:30.035  6782 16079 I AdrenoGLES-0: OpenGL ES Shader Compiler Version: EV031.32.02.10
07-06 16:41:30.035  6782 16079 I AdrenoGLES-0: Local Branch                     : mybrancheba83f1e-3815-f156-b760-08f1eafda2d8
07-06 16:41:30.035  6782 16079 I AdrenoGLES-0: Remote Branch                    : quic/gfx-adreno.lnx.1.0.r99-rel
07-06 16:41:30.035  6782 16079 I AdrenoGLES-0: Remote Branch                    : NONE
07-06 16:41:30.035  6782 16079 I AdrenoGLES-0: Reconstruct Branch               : NOTHING
07-06 16:41:30.035  6782 16079 I AdrenoGLES-0: Build Config                     : S P 10.0.7 AArch64
07-06 16:41:30.036  6782 16079 I AdrenoGLES-0: Driver Path                      : /vendor/lib64/egl/libGLESv2_adreno.so
07-06 16:41:30.038  6782  6782 D VRI[GUIConfigActivity]: vri.reportNextDraw android.view.ViewRootImpl.performTraversals:3779 android.view.ViewRootImpl.doTraversal:2543 android.view.ViewRootImpl$TraversalRunnable.run:9465 android.view.Choreographer$CallbackRecord.run:1451 android.view.Choreographer$CallbackRecord.run:1459 
07-06 16:41:30.038  6782  6782 D VRI[GUIConfigActivity]: vri.Setup new sync id=0 syncSeqId=0
07-06 16:41:30.056  6782 16079 I AdrenoGLES-0: PFP: 0x016ee190, ME: 0x00000000
07-06 16:41:30.069  6782 16079 W libc    : Access denied finding property "vendor.migl.debug"
07-06 16:41:30.072  6782 16079 E libEGL  : pre_cache appList: ,,
07-06 16:41:30.092  6782 16079 D com.termux.gui: MiuiProcessManagerServiceStub setSchedFifo
07-06 16:41:30.092  6782 16079 I MiuiProcessManagerImpl: setSchedFifo pid:6782, mode:3
07-06 16:41:30.103  6782 16079 E libEGL  : pre_cache appList: ,,
07-06 16:41:30.198  6782 16079 E LB      : fail to open node: No such file or directory
07-06 16:41:30.203  6782 16079 W Parcel  : Expecting binder but got null!
07-06 16:41:30.203  6782  6782 E FileUtils: err write to mi_exception_log
07-06 16:41:30.203  6782  6782 D VRI[GUIConfigActivity]: vri.reportDrawFinished syncSeqId=0 android.view.ViewRootImpl.lambda$createSyncIfNeeded$4$android-view-ViewRootImpl:3847 android.view.ViewRootImpl$$ExternalSyntheticLambda1.run:6 android.os.Handler.handleCallback:942 android.os.Handler.dispatchMessage:99 android.os.Looper.loopOnce:211 
07-06 16:41:30.230  6782  6782 D DecorView[]: onWindowFocusChanged hasWindowFocus true
07-06 16:41:30.230  6782  6782 I HandWritingStubImpl: refreshLastKeyboardType: 1
07-06 16:41:30.230  6782  6782 I HandWritingStubImpl: getCurrentKeyboardType: 1
07-06 16:41:30.252  6782  6782 E BinderMonitor: err open binder_delay errno=2
07-06 16:41:30.253  6782  6782 E FileUtils: err write to mi_exception_log
07-06 16:41:30.286  6782  6782 I HandWritingStubImpl: getCurrentKeyboardType: 1
07-06 16:41:33.611  6782  6782 W MirrorManager: this model don't Support
07-06 16:41:34.698  6782  6782 E FileUtils: err write to mi_exception_log
07-06 16:41:42.081  6782  6782 W FinalizerDaemon: type=1400 audit(0.0:77681): avc: denied { getopt } for path="/dev/socket/usap_pool_primary" scontext=u:r:untrusted_app_27:s0:c178,c256,c512,c768 tcontext=u:r:zygote:s0 tclass=unix_stream_socket permissive=0 app=com.termux.gui
07-06 16:41:48.972  6782  6782 E FileUtils: err write to mi_exception_log
07-06 16:41:51.948  6782  6782 E FileUtils: err write to mi_exception_log
07-06 16:41:51.949  6782  6782 E FileUtils: err write to mi_exception_log
--------- beginning of system
07-06 16:41:52.044  6782  6782 W Activity: PerfMonitor: Slow Operation: Activity com.termux.gui/.GUIConfigActivity onPause took 89ms
07-06 16:41:52.075  6782  6782 E FileUtils: err write to mi_exception_log
07-06 16:41:52.075  6782  6782 E FileUtils: err write to mi_exception_log
07-06 16:41:52.077  6782  6782 D DecorView[]: onWindowFocusChanged hasWindowFocus false
07-06 16:41:52.580  6782 16079 D OpenGLRenderer: endAllActiveAnimators on 0xb400007c7363c500 (RippleDrawable) with handle 0xb400007ccd623e20
07-06 16:41:52.629  6782  6782 E FileUtils: err write to mi_exception_log
07-06 16:41:52.631  6782  6782 E FileUtils: err write to mi_exception_log
07-06 16:41:54.916  6782  6782 D CompatibilityChangeReporter: Compat change id reported: 78294732; UID 10178; state: ENABLED
07-06 16:41:54.925  6782 16544 D AppScoutStateMachine: 6782-ScoutStateMachinecreated
07-06 16:41:54.968  6782  6782 D VRI[GUIConfigActivity]: vri.reportNextDraw android.view.ViewRootImpl.performTraversals:3779 android.view.ViewRootImpl.doTraversal:2543 android.view.ViewRootImpl$TraversalRunnable.run:9465 android.view.Choreographer$CallbackRecord.run:1451 android.view.Choreographer$CallbackRecord.run:1459 
07-06 16:41:54.968  6782  6782 D VRI[GUIConfigActivity]: vri.Setup new sync id=1 syncSeqId=0
07-06 16:41:54.986  6782  6782 E FileUtils: err write to mi_exception_log
07-06 16:41:54.986  6782  6782 D VRI[GUIConfigActivity]: vri.reportDrawFinished syncSeqId=0 android.view.ViewRootImpl.lambda$createSyncIfNeeded$4$android-view-ViewRootImpl:3847 android.view.ViewRootImpl$$ExternalSyntheticLambda1.run:6 android.os.Handler.handleCallback:942 android.os.Handler.dispatchMessage:99 android.os.Looper.loopOnce:211 
07-06 16:41:54.989  6782  6782 D CompatibilityChangeReporter: Compat change id reported: 163400105; UID 10178; state: ENABLED
07-06 16:41:55.008  6782  6782 I AssistStructure: Flattened final assist data: 3316 bytes, containing 1 windows, 14 views
07-06 16:41:55.013  6782  6782 E FileUtils: err write to mi_exception_log
07-06 16:41:55.015  6782  6782 D DecorView[]: onWindowFocusChanged hasWindowFocus true
07-06 16:41:55.015  6782  6782 I HandWritingStubImpl: refreshLastKeyboardType: 1
07-06 16:41:55.015  6782  6782 I HandWritingStubImpl: getCurrentKeyboardType: 1
