07-06 16:38:38.000 19629 19629 D VRI[PopupWindow:af6e0fe]: vri.reportNextDraw android.view.ViewRootImpl.handleResized:1936 android.view.ViewRootImpl.-$$Nest$mhandleResized:0 android.view.ViewRootImpl$ViewRootHandler.handleMessageImpl:5860 android.view.ViewRootImpl$ViewRootHandler.handleMessage:5829 android.os.Handler.dispatchMessage:106 
07-06 16:38:38.001 19629 19629 D VRI[PopupWindow:af6e0fe]: vri.Setup new sync id=1 syncSeqId=0
07-06 16:38:38.008 19629 19629 D VRI[PopupWindow:af6e0fe]: vri.reportDrawFinished syncSeqId=0 android.view.ViewRootImpl.lambda$createSyncIfNeeded$4$android-view-ViewRootImpl:3847 android.view.ViewRootImpl$$ExternalSyntheticLambda1.run:6 android.os.Handler.handleCallback:942 android.os.Handler.dispatchMessage:99 android.os.Looper.loopOnce:211 
07-06 16:38:41.794 19629 19629 D VRI[PopupWindow:af6e0fe]: vri.reportNextDraw android.view.ViewRootImpl.performTraversals:3779 android.view.ViewRootImpl.doTraversal:2543 android.view.ViewRootImpl$TraversalRunnable.run:9465 android.view.Choreographer$CallbackRecord.run:1451 android.view.Choreographer$CallbackRecord.run:1459 
07-06 16:38:41.794 19629 19629 D VRI[PopupWindow:af6e0fe]: vri.Setup new sync id=0 syncSeqId=0
07-06 16:38:41.803 19629  9499 W Parcel  : Expecting binder but got null!
07-06 16:38:41.805 19629 19629 D VRI[PopupWindow:af6e0fe]: vri.reportDrawFinished syncSeqId=0 android.view.ViewRootImpl.lambda$createSyncIfNeeded$4$android-view-ViewRootImpl:3847 android.view.ViewRootImpl$$ExternalSyntheticLambda1.run:6 android.os.Handler.handleCallback:942 android.os.Handler.dispatchMessage:99 android.os.Looper.loopOnce:211 
07-06 16:38:41.807 19629 19629 D VRI[PopupWindow:af6e0fe]: vri.reportNextDraw android.view.ViewRootImpl.handleResized:1936 android.view.ViewRootImpl.-$$Nest$mhandleResized:0 android.view.ViewRootImpl$ViewRootHandler.handleMessageImpl:5860 android.view.ViewRootImpl$ViewRootHandler.handleMessage:5829 android.os.Handler.dispatchMessage:106 
07-06 16:38:41.809 19629 19629 D VRI[PopupWindow:af6e0fe]: vri.Setup new sync id=1 syncSeqId=0
07-06 16:38:41.815 19629 19629 D VRI[PopupWindow:af6e0fe]: vri.reportDrawFinished syncSeqId=0 android.view.ViewRootImpl.lambda$createSyncIfNeeded$4$android-view-ViewRootImpl:3847 android.view.ViewRootImpl$$ExternalSyntheticLambda1.run:6 android.os.Handler.handleCallback:942 android.os.Handler.dispatchMessage:99 android.os.Looper.loopOnce:211 
07-06 16:38:43.271 19629  9499 D OpenGLRenderer: endAllActiveAnimators on 0x7c5fc2b500 (RippleDrawable) with handle 0x7c5fbfbf80
07-06 16:38:45.507 19629 19629 D InputMethodManager: showSoftInput() view=com.termux.view.TerminalView{35b37fd VFED.V.L. .F...... 0,0-1064,1133 #7f080191 app:id/terminal_view aid=1073741824} flags=0 reason=SHOW_SOFT_INPUT
07-06 16:38:45.524 19629 19629 D InsetsController: show(ime(), fromIme=true)
07-06 16:38:50.305 19629 19629 W DecorViewStubImpl: try catch editor reflect exception
07-06 16:38:50.305 19629 19629 W DecorViewStubImpl: java.lang.reflect.InvocationTargetException
07-06 16:38:50.305 19629 19629 W DecorViewStubImpl: 	at java.lang.reflect.Method.invoke(Native Method)
07-06 16:38:50.305 19629 19629 W DecorViewStubImpl: 	at com.android.internal.policy.DecorViewStubImpl.createActionMode(DecorViewStubImpl.java:41)
07-06 16:38:50.305 19629 19629 W DecorViewStubImpl: 	at com.android.internal.policy.DecorView.startActionMode(DecorView.java:1011)
07-06 16:38:50.305 19629 19629 W DecorViewStubImpl: 	at com.android.internal.policy.DecorView.startActionModeForChild(DecorView.java:959)
07-06 16:38:50.305 19629 19629 W DecorViewStubImpl: 	at android.view.ViewGroup.startActionModeForChild(ViewGroup.java:1044)
07-06 16:38:50.305 19629 19629 W DecorViewStubImpl: 	at android.view.ViewGroup.startActionModeForChild(ViewGroup.java:1044)
07-06 16:38:50.305 19629 19629 W DecorViewStubImpl: 	at android.view.ViewGroup.startActionModeForChild(ViewGroup.java:1044)
07-06 16:38:50.305 19629 19629 W DecorViewStubImpl: 	at android.view.ViewGroup.startActionModeForChild(ViewGroup.java:1044)
07-06 16:38:50.305 19629 19629 W DecorViewStubImpl: 	at android.view.ViewGroup.startActionModeForChild(ViewGroup.java:1044)
07-06 16:38:50.305 19629 19629 W DecorViewStubImpl: 	at android.view.View.startActionMode(View.java:7744)
07-06 16:38:50.305 19629 19629 W DecorViewStubImpl: 	at com.termux.view.textselection.TextSelectionCursorController.setActionModeCallBacks(TextSelectionCursorController.java:167)
07-06 16:38:50.305 19629 19629 W DecorViewStubImpl: 	at com.termux.view.textselection.TextSelectionCursorController.show(TextSelectionCursorController.java:52)
07-06 16:38:50.305 19629 19629 W DecorViewStubImpl: 	at com.termux.view.TerminalView.showTextSelectionCursors(TerminalView.java:1341)
07-06 16:38:50.305 19629 19629 W DecorViewStubImpl: 	at com.termux.view.TerminalView.startTextSelectionMode(TerminalView.java:1393)
07-06 16:38:50.305 19629 19629 W DecorViewStubImpl: 	at com.termux.view.TerminalView$1.onLongPress(TerminalView.java:249)
07-06 16:38:50.305 19629 19629 W DecorViewStubImpl: 	at com.termux.view.GestureAndScaleRecognizer$1.onLongPress(GestureAndScaleRecognizer.java:55)
07-06 16:38:50.305 19629 19629 W DecorViewStubImpl: 	at android.view.GestureDetector.dispatchLongPress(GestureDetector.java:890)
07-06 16:38:50.305 19629 19629 W DecorViewStubImpl: 	at android.view.GestureDetector.-$$Nest$mdispatchLongPress(GestureDetector.java:0)
07-06 16:38:50.305 19629 19629 W DecorViewStubImpl: 	at android.view.GestureDetector$GestureHandler.handleMessage(GestureDetector.java:324)
07-06 16:38:50.305 19629 19629 W DecorViewStubImpl: 	at android.os.Handler.dispatchMessage(Handler.java:106)
07-06 16:38:50.305 19629 19629 W DecorViewStubImpl: 	at android.os.Looper.loopOnce(Looper.java:211)
07-06 16:38:50.305 19629 19629 W DecorViewStubImpl: 	at android.os.Looper.loop(Looper.java:300)
07-06 16:38:50.305 19629 19629 W DecorViewStubImpl: 	at android.app.ActivityThread.main(ActivityThread.java:8296)
07-06 16:38:50.305 19629 19629 W DecorViewStubImpl: 	at java.lang.reflect.Method.invoke(Native Method)
07-06 16:38:50.305 19629 19629 W DecorViewStubImpl: 	at com.android.internal.os.RuntimeInit$MethodAndArgsCaller.run(RuntimeInit.java:559)
07-06 16:38:50.305 19629 19629 W DecorViewStubImpl: 	at com.android.internal.os.ZygoteInit.main(ZygoteInit.java:954)
07-06 16:38:50.305 19629 19629 W DecorViewStubImpl: Caused by: java.lang.ClassCastException: com.termux.view.TerminalView cannot be cast to android.widget.TextView
07-06 16:38:50.305 19629 19629 W DecorViewStubImpl: 	at miuix.toolbar.internal.ActionView.<init>(ActionView.java:20)
07-06 16:38:50.305 19629 19629 W DecorViewStubImpl: 	at miuix.toolbar.FloatingActionMode.<init>(FloatingActionMode.java:102)
07-06 16:38:50.305 19629 19629 W DecorViewStubImpl: 	at miuix.toolbar.FloatingActionModeHelper.startActionMode(FloatingActionModeHelper.java:24)
07-06 16:38:50.305 19629 19629 W DecorViewStubImpl: 	... 26 more
07-06 16:38:50.330 19629 19629 E FileUtils: err write to mi_exception_log
07-06 16:38:50.347 19629 19629 D VRI[PopupWindow:39493a4]: vri.reportNextDraw android.view.ViewRootImpl.performTraversals:3779 android.view.ViewRootImpl.doTraversal:2543 android.view.ViewRootImpl$TraversalRunnable.run:9465 android.view.Choreographer$CallbackRecord.run:1451 android.view.Choreographer$CallbackRecord.run:1459 
07-06 16:38:50.347 19629 19629 D VRI[PopupWindow:39493a4]: vri.Setup new sync id=0 syncSeqId=0
07-06 16:38:50.351 19629  9499 W Parcel  : Expecting binder but got null!
07-06 16:38:50.367 19629 19629 D VRI[PopupWindow:7bbe509]: vri.reportNextDraw android.view.ViewRootImpl.performTraversals:3779 android.view.ViewRootImpl.doTraversal:2543 android.view.ViewRootImpl$TraversalRunnable.run:9465 android.view.Choreographer$CallbackRecord.run:1451 android.view.Choreographer$CallbackRecord.run:1459 
07-06 16:38:50.367 19629 19629 D VRI[PopupWindow:7bbe509]: vri.Setup new sync id=0 syncSeqId=0
07-06 16:38:50.372 19629  9499 W Parcel  : Expecting binder but got null!
07-06 16:38:50.394 19629 19629 D VRI[PopupWindow:1326d35]: vri.reportNextDraw android.view.ViewRootImpl.performTraversals:3779 android.view.ViewRootImpl.doTraversal:2543 android.view.ViewRootImpl$TraversalRunnable.run:9465 android.view.Choreographer$CallbackRecord.run:1451 android.view.Choreographer$CallbackRecord.run:1459 
07-06 16:38:50.395 19629 19629 D VRI[PopupWindow:1326d35]: vri.Setup new sync id=0 syncSeqId=0
07-06 16:38:50.400 19629  9499 W Parcel  : Expecting binder but got null!
07-06 16:38:50.402 19629 19629 E FileUtils: err write to mi_exception_log
07-06 16:38:50.402 19629 19629 D VRI[PopupWindow:1326d35]: vri.reportDrawFinished syncSeqId=0 android.view.ViewRootImpl.lambda$createSyncIfNeeded$4$android-view-ViewRootImpl:3847 android.view.ViewRootImpl$$ExternalSyntheticLambda1.run:6 android.os.Handler.handleCallback:942 android.os.Handler.dispatchMessage:99 android.os.Looper.loopOnce:211 
07-06 16:38:50.403 19629 19629 D VRI[PopupWindow:7bbe509]: vri.reportDrawFinished syncSeqId=0 android.view.ViewRootImpl.lambda$createSyncIfNeeded$4$android-view-ViewRootImpl:3847 android.view.ViewRootImpl$$ExternalSyntheticLambda1.run:6 android.os.Handler.handleCallback:942 android.os.Handler.dispatchMessage:99 android.os.Looper.loopOnce:211 
07-06 16:38:50.404 19629 19629 D VRI[PopupWindow:39493a4]: vri.reportDrawFinished syncSeqId=0 android.view.ViewRootImpl.lambda$createSyncIfNeeded$4$android-view-ViewRootImpl:3847 android.view.ViewRootImpl$$ExternalSyntheticLambda1.run:6 android.os.Handler.handleCallback:942 android.os.Handler.dispatchMessage:99 android.os.Looper.loopOnce:211 
07-06 16:38:50.418 19629 19629 D VRI[PopupWindow:39493a4]: vri.reportNextDraw android.view.ViewRootImpl.performTraversals:3779 android.view.ViewRootImpl.doTraversal:2543 android.view.ViewRootImpl$TraversalRunnable.run:9465 android.view.Choreographer$CallbackRecord.run:1451 android.view.Choreographer$CallbackRecord.run:1459 
07-06 16:38:50.418 19629 19629 D VRI[PopupWindow:39493a4]: vri.Setup new sync id=1 syncSeqId=0
07-06 16:38:50.442 19629 19629 E ViewDragHelper: Ignoring pointerId=0 because ACTION_DOWN was not received for this pointer before ACTION_MOVE. It likely happened because  ViewDragHelper did not receive all the events in the event stream.
07-06 16:38:50.442 19629 19629 E ViewDragHelper: Ignoring pointerId=0 because ACTION_DOWN was not received for this pointer before ACTION_MOVE. It likely happened because  ViewDragHelper did not receive all the events in the event stream.
07-06 16:38:50.442 19629 19629 E ViewDragHelper: Ignoring pointerId=0 because ACTION_DOWN was not received for this pointer before ACTION_MOVE. It likely happened because  ViewDragHelper did not receive all the events in the event stream.
07-06 16:38:50.442 19629 19629 E ViewDragHelper: Ignoring pointerId=0 because ACTION_DOWN was not received for this pointer before ACTION_MOVE. It likely happened because  ViewDragHelper did not receive all the events in the event stream.
07-06 16:38:50.443 19629 19629 D VRI[PopupWindow:39493a4]: vri.reportDrawFinished syncSeqId=0 android.view.ViewRootImpl.lambda$createSyncIfNeeded$4$android-view-ViewRootImpl:3847 android.view.ViewRootImpl$$ExternalSyntheticLambda1.run:6 android.os.Handler.handleCallback:942 android.os.Handler.dispatchMessage:99 android.os.Looper.loopOnce:211 
07-06 16:38:50.444 19629 19629 D VRI[PopupWindow:39493a4]: vri.reportNextDraw android.view.ViewRootImpl.handleResized:1936 android.view.ViewRootImpl.-$$Nest$mhandleResized:0 android.view.ViewRootImpl$ViewRootHandler.handleMessageImpl:5860 android.view.ViewRootImpl$ViewRootHandler.handleMessage:5829 android.os.Handler.dispatchMessage:106 
07-06 16:38:50.445 19629 19629 D VRI[PopupWindow:7bbe509]: vri.reportNextDraw android.view.ViewRootImpl.handleResized:1936 android.view.ViewRootImpl.-$$Nest$mhandleResized:0 android.view.ViewRootImpl$ViewRootHandler.handleMessageImpl:5860 android.view.ViewRootImpl$ViewRootHandler.handleMessage:5829 android.os.Handler.dispatchMessage:106 
07-06 16:38:50.445 19629 19629 D VRI[PopupWindow:1326d35]: vri.reportNextDraw android.view.ViewRootImpl.handleResized:1936 android.view.ViewRootImpl.-$$Nest$mhandleResized:0 android.view.ViewRootImpl$ViewRootHandler.handleMessageImpl:5860 android.view.ViewRootImpl$ViewRootHandler.handleMessage:5829 android.os.Handler.dispatchMessage:106 
07-06 16:38:50.446 19629 19629 D VRI[PopupWindow:1326d35]: vri.Setup new sync id=1 syncSeqId=0
07-06 16:38:50.450 19629 19629 D VRI[PopupWindow:39493a4]: vri.Setup new sync id=2 syncSeqId=0
07-06 16:38:50.454 19629 19629 D VRI[PopupWindow:7bbe509]: vri.Setup new sync id=1 syncSeqId=0
07-06 16:38:50.458 19629 19629 D VRI[PopupWindow:7bbe509]: vri.reportDrawFinished syncSeqId=0 android.view.ViewRootImpl.lambda$createSyncIfNeeded$4$android-view-ViewRootImpl:3847 android.view.ViewRootImpl$$ExternalSyntheticLambda1.run:6 android.os.Handler.handleCallback:942 android.os.Handler.dispatchMessage:99 android.os.Looper.loopOnce:211 
07-06 16:38:50.458 19629 19629 D VRI[PopupWindow:39493a4]: vri.reportDrawFinished syncSeqId=0 android.view.ViewRootImpl.lambda$createSyncIfNeeded$4$android-view-ViewRootImpl:3847 android.view.ViewRootImpl$$ExternalSyntheticLambda1.run:6 android.os.Handler.handleCallback:942 android.os.Handler.dispatchMessage:99 android.os.Looper.loopOnce:211 
07-06 16:38:50.459 19629 19629 D VRI[PopupWindow:1326d35]: vri.reportDrawFinished syncSeqId=0 android.view.ViewRootImpl.lambda$createSyncIfNeeded$4$android-view-ViewRootImpl:3847 android.view.ViewRootImpl$$ExternalSyntheticLambda1.run:6 android.os.Handler.handleCallback:942 android.os.Handler.dispatchMessage:99 android.os.Looper.loopOnce:211 
07-06 16:38:50.791 19629 19629 E FileUtils: err write to mi_exception_log
07-06 16:38:50.800 19629 19629 D VRI[PopupWindow:1326d35]: vri.reportNextDraw android.view.ViewRootImpl.performTraversals:3779 android.view.ViewRootImpl.doTraversal:2543 android.view.ViewRootImpl$TraversalRunnable.run:9465 android.view.Choreographer$CallbackRecord.run:1451 android.view.Choreographer$CallbackRecord.run:1459 
07-06 16:38:50.800 19629 19629 D VRI[PopupWindow:1326d35]: vri.Setup new sync id=0 syncSeqId=0
07-06 16:38:50.812 19629  9499 W Parcel  : Expecting binder but got null!
07-06 16:38:50.814 19629 19629 D VRI[PopupWindow:1326d35]: vri.reportDrawFinished syncSeqId=0 android.view.ViewRootImpl.lambda$createSyncIfNeeded$4$android-view-ViewRootImpl:3847 android.view.ViewRootImpl$$ExternalSyntheticLambda1.run:6 android.os.Handler.handleCallback:942 android.os.Handler.dispatchMessage:99 android.os.Looper.loopOnce:211 
07-06 16:38:50.818 19629 19629 D VRI[PopupWindow:1326d35]: vri.reportNextDraw android.view.ViewRootImpl.handleResized:1936 android.view.ViewRootImpl.-$$Nest$mhandleResized:0 android.view.ViewRootImpl$ViewRootHandler.handleMessageImpl:5860 android.view.ViewRootImpl$ViewRootHandler.handleMessage:5829 android.os.Handler.dispatchMessage:106 
07-06 16:38:50.820 19629 19629 D VRI[PopupWindow:1326d35]: vri.Setup new sync id=1 syncSeqId=0
07-06 16:38:50.828 19629 19629 D VRI[PopupWindow:1326d35]: vri.reportDrawFinished syncSeqId=0 android.view.ViewRootImpl.lambda$createSyncIfNeeded$4$android-view-ViewRootImpl:3847 android.view.ViewRootImpl$$ExternalSyntheticLambda1.run:6 android.os.Handler.handleCallback:942 android.os.Handler.dispatchMessage:99 android.os.Looper.loopOnce:211 
07-06 16:38:51.845 19629  9499 D OpenGLRenderer: endAllActiveAnimators on 0x7c5fc91600 (RippleDrawable) with handle 0x7c5fbfbba0
07-06 16:38:53.817 19629 19629 W DecorViewStubImpl: try catch editor reflect exception
07-06 16:38:53.817 19629 19629 W DecorViewStubImpl: java.lang.reflect.InvocationTargetException
07-06 16:38:53.817 19629 19629 W DecorViewStubImpl: 	at java.lang.reflect.Method.invoke(Native Method)
07-06 16:38:53.817 19629 19629 W DecorViewStubImpl: 	at com.android.internal.policy.DecorViewStubImpl.createActionMode(DecorViewStubImpl.java:41)
07-06 16:38:53.817 19629 19629 W DecorViewStubImpl: 	at com.android.internal.policy.DecorView.startActionMode(DecorView.java:1011)
07-06 16:38:53.817 19629 19629 W DecorViewStubImpl: 	at com.android.internal.policy.DecorView.startActionModeForChild(DecorView.java:959)
07-06 16:38:53.817 19629 19629 W DecorViewStubImpl: 	at android.view.ViewGroup.startActionModeForChild(ViewGroup.java:1044)
07-06 16:38:53.817 19629 19629 W DecorViewStubImpl: 	at android.view.ViewGroup.startActionModeForChild(ViewGroup.java:1044)
07-06 16:38:53.817 19629 19629 W DecorViewStubImpl: 	at android.view.ViewGroup.startActionModeForChild(ViewGroup.java:1044)
07-06 16:38:53.817 19629 19629 W DecorViewStubImpl: 	at android.view.ViewGroup.startActionModeForChild(ViewGroup.java:1044)
07-06 16:38:53.817 19629 19629 W DecorViewStubImpl: 	at android.view.ViewGroup.startActionModeForChild(ViewGroup.java:1044)
07-06 16:38:53.817 19629 19629 W DecorViewStubImpl: 	at android.view.View.startActionMode(View.java:7744)
07-06 16:38:53.817 19629 19629 W DecorViewStubImpl: 	at com.termux.view.textselection.TextSelectionCursorController.setActionModeCallBacks(TextSelectionCursorController.java:167)
07-06 16:38:53.817 19629 19629 W DecorViewStubImpl: 	at com.termux.view.textselection.TextSelectionCursorController.show(TextSelectionCursorController.java:52)
07-06 16:38:53.817 19629 19629 W DecorViewStubImpl: 	at com.termux.view.TerminalView.showTextSelectionCursors(TerminalView.java:1341)
07-06 16:38:53.817 19629 19629 W DecorViewStubImpl: 	at com.termux.view.TerminalView.startTextSelectionMode(TerminalView.java:1393)
07-06 16:38:53.817 19629 19629 W DecorViewStubImpl: 	at com.termux.view.TerminalView$1.onLongPress(TerminalView.java:249)
07-06 16:38:53.817 19629 19629 W DecorViewStubImpl: 	at com.termux.view.GestureAndScaleRecognizer$1.onLongPress(GestureAndScaleRecognizer.java:55)
07-06 16:38:53.817 19629 19629 W DecorViewStubImpl: 	at android.view.GestureDetector.dispatchLongPress(GestureDetector.java:890)
07-06 16:38:53.817 19629 19629 W DecorViewStubImpl: 	at android.view.GestureDetector.-$$Nest$mdispatchLongPress(GestureDetector.java:0)
07-06 16:38:53.817 19629 19629 W DecorViewStubImpl: 	at android.view.GestureDetector$GestureHandler.handleMessage(GestureDetector.java:324)
07-06 16:38:53.817 19629 19629 W DecorViewStubImpl: 	at android.os.Handler.dispatchMessage(Handler.java:106)
07-06 16:38:53.817 19629 19629 W DecorViewStubImpl: 	at android.os.Looper.loopOnce(Looper.java:211)
07-06 16:38:53.817 19629 19629 W DecorViewStubImpl: 	at android.os.Looper.loop(Looper.java:300)
07-06 16:38:53.817 19629 19629 W DecorViewStubImpl: 	at android.app.ActivityThread.main(ActivityThread.java:8296)
07-06 16:38:53.817 19629 19629 W DecorViewStubImpl: 	at java.lang.reflect.Method.invoke(Native Method)
07-06 16:38:53.817 19629 19629 W DecorViewStubImpl: 	at com.android.internal.os.RuntimeInit$MethodAndArgsCaller.run(RuntimeInit.java:559)
07-06 16:38:53.817 19629 19629 W DecorViewStubImpl: 	at com.android.internal.os.ZygoteInit.main(ZygoteInit.java:954)
07-06 16:38:53.817 19629 19629 W DecorViewStubImpl: Caused by: java.lang.ClassCastException: com.termux.view.TerminalView cannot be cast to android.widget.TextView
07-06 16:38:53.817 19629 19629 W DecorViewStubImpl: 	at miuix.toolbar.internal.ActionView.<init>(ActionView.java:20)
07-06 16:38:53.817 19629 19629 W DecorViewStubImpl: 	at miuix.toolbar.FloatingActionMode.<init>(FloatingActionMode.java:102)
07-06 16:38:53.817 19629 19629 W DecorViewStubImpl: 	at miuix.toolbar.FloatingActionModeHelper.startActionMode(FloatingActionModeHelper.java:24)
07-06 16:38:53.817 19629 19629 W DecorViewStubImpl: 	... 26 more
07-06 16:38:53.847 19629 19629 E FileUtils: err write to mi_exception_log
07-06 16:38:53.865 19629 19629 D VRI[PopupWindow:92e7b1b]: vri.reportNextDraw android.view.ViewRootImpl.performTraversals:3779 android.view.ViewRootImpl.doTraversal:2543 android.view.ViewRootImpl$TraversalRunnable.run:9465 android.view.Choreographer$CallbackRecord.run:1451 android.view.Choreographer$CallbackRecord.run:1459 
07-06 16:38:53.865 19629 19629 D VRI[PopupWindow:92e7b1b]: vri.Setup new sync id=0 syncSeqId=0
07-06 16:38:53.871 19629  9499 W Parcel  : Expecting binder but got null!
07-06 16:38:53.889 19629 19629 D VRI[PopupWindow:5588464]: vri.reportNextDraw android.view.ViewRootImpl.performTraversals:3779 android.view.ViewRootImpl.doTraversal:2543 android.view.ViewRootImpl$TraversalRunnable.run:9465 android.view.Choreographer$CallbackRecord.run:1451 android.view.Choreographer$CallbackRecord.run:1459 
07-06 16:38:53.889 19629 19629 D VRI[PopupWindow:5588464]: vri.Setup new sync id=0 syncSeqId=0
07-06 16:38:53.893 19629  9499 W Parcel  : Expecting binder but got null!
07-06 16:38:53.918 19629 19629 D VRI[PopupWindow:3ed4000]: vri.reportNextDraw android.view.ViewRootImpl.performTraversals:3779 android.view.ViewRootImpl.doTraversal:2543 android.view.ViewRootImpl$TraversalRunnable.run:9465 android.view.Choreographer$CallbackRecord.run:1451 android.view.Choreographer$CallbackRecord.run:1459 
07-06 16:38:53.919 19629 19629 D VRI[PopupWindow:3ed4000]: vri.Setup new sync id=0 syncSeqId=0
07-06 16:38:53.925 19629  9499 W Parcel  : Expecting binder but got null!
07-06 16:38:53.925 19629 19629 E FileUtils: err write to mi_exception_log
07-06 16:38:53.926 19629 19629 D VRI[PopupWindow:3ed4000]: vri.reportDrawFinished syncSeqId=0 android.view.ViewRootImpl.lambda$createSyncIfNeeded$4$android-view-ViewRootImpl:3847 android.view.ViewRootImpl$$ExternalSyntheticLambda1.run:6 android.os.Handler.handleCallback:942 android.os.Handler.dispatchMessage:99 android.os.Looper.loopOnce:211 
07-06 16:38:53.926 19629 19629 D VRI[PopupWindow:5588464]: vri.reportDrawFinished syncSeqId=0 android.view.ViewRootImpl.lambda$createSyncIfNeeded$4$android-view-ViewRootImpl:3847 android.view.ViewRootImpl$$ExternalSyntheticLambda1.run:6 android.os.Handler.handleCallback:942 android.os.Handler.dispatchMessage:99 android.os.Looper.loopOnce:211 
07-06 16:38:53.927 19629 19629 D VRI[PopupWindow:92e7b1b]: vri.reportDrawFinished syncSeqId=0 android.view.ViewRootImpl.lambda$createSyncIfNeeded$4$android-view-ViewRootImpl:3847 android.view.ViewRootImpl$$ExternalSyntheticLambda1.run:6 android.os.Handler.handleCallback:942 android.os.Handler.dispatchMessage:99 android.os.Looper.loopOnce:211 
07-06 16:38:53.941 19629 19629 D VRI[PopupWindow:92e7b1b]: vri.reportNextDraw android.view.ViewRootImpl.performTraversals:3779 android.view.ViewRootImpl.doTraversal:2543 android.view.ViewRootImpl$TraversalRunnable.run:9465 android.view.Choreographer$CallbackRecord.run:1451 android.view.Choreographer$CallbackRecord.run:1459 
07-06 16:38:53.941 19629 19629 D VRI[PopupWindow:92e7b1b]: vri.Setup new sync id=1 syncSeqId=0
07-06 16:38:53.963 19629 19629 D VRI[PopupWindow:92e7b1b]: vri.reportDrawFinished syncSeqId=0 android.view.ViewRootImpl.lambda$createSyncIfNeeded$4$android-view-ViewRootImpl:3847 android.view.ViewRootImpl$$ExternalSyntheticLambda1.run:6 android.os.Handler.handleCallback:942 android.os.Handler.dispatchMessage:99 android.os.Looper.loopOnce:211 
07-06 16:38:53.964 19629 19629 D VRI[PopupWindow:92e7b1b]: vri.reportNextDraw android.view.ViewRootImpl.handleResized:1936 android.view.ViewRootImpl.-$$Nest$mhandleResized:0 android.view.ViewRootImpl$ViewRootHandler.handleMessageImpl:5860 android.view.ViewRootImpl$ViewRootHandler.handleMessage:5829 android.os.Handler.dispatchMessage:106 
07-06 16:38:53.964 19629 19629 D VRI[PopupWindow:5588464]: vri.reportNextDraw android.view.ViewRootImpl.handleResized:1936 android.view.ViewRootImpl.-$$Nest$mhandleResized:0 android.view.ViewRootImpl$ViewRootHandler.handleMessageImpl:5860 android.view.ViewRootImpl$ViewRootHandler.handleMessage:5829 android.os.Handler.dispatchMessage:106 
07-06 16:38:53.964 19629 19629 D VRI[PopupWindow:3ed4000]: vri.reportNextDraw android.view.ViewRootImpl.handleResized:1936 android.view.ViewRootImpl.-$$Nest$mhandleResized:0 android.view.ViewRootImpl$ViewRootHandler.handleMessageImpl:5860 android.view.ViewRootImpl$ViewRootHandler.handleMessage:5829 android.os.Handler.dispatchMessage:106 
07-06 16:38:53.965 19629 19629 D VRI[PopupWindow:92e7b1b]: vri.Setup new sync id=2 syncSeqId=0
07-06 16:38:53.971 19629 19629 D VRI[PopupWindow:5588464]: vri.Setup new sync id=1 syncSeqId=0
07-06 16:38:53.975 19629 19629 D VRI[PopupWindow:3ed4000]: vri.Setup new sync id=1 syncSeqId=0
07-06 16:38:53.981 19629 19629 E ViewDragHelper: Ignoring pointerId=0 because ACTION_DOWN was not received for this pointer before ACTION_MOVE. It likely happened because  ViewDragHelper did not receive all the events in the event stream.
07-06 16:38:53.981 19629 19629 E ViewDragHelper: Ignoring pointerId=0 because ACTION_DOWN was not received for this pointer before ACTION_MOVE. It likely happened because  ViewDragHelper did not receive all the events in the event stream.
07-06 16:38:53.981 19629 19629 E ViewDragHelper: Ignoring pointerId=0 because ACTION_DOWN was not received for this pointer before ACTION_MOVE. It likely happened because  ViewDragHelper did not receive all the events in the event stream.
07-06 16:38:53.981 19629 19629 E ViewDragHelper: Ignoring pointerId=0 because ACTION_DOWN was not received for this pointer before ACTION_MOVE. It likely happened because  ViewDragHelper did not receive all the events in the event stream.
07-06 16:38:53.983 19629 19629 D VRI[PopupWindow:3ed4000]: vri.reportDrawFinished syncSeqId=0 android.view.ViewRootImpl.lambda$createSyncIfNeeded$4$android-view-ViewRootImpl:3847 android.view.ViewRootImpl$$ExternalSyntheticLambda1.run:6 android.os.Handler.handleCallback:942 android.os.Handler.dispatchMessage:99 android.os.Looper.loopOnce:211 
07-06 16:38:53.983 19629 19629 D VRI[PopupWindow:5588464]: vri.reportDrawFinished syncSeqId=0 android.view.ViewRootImpl.lambda$createSyncIfNeeded$4$android-view-ViewRootImpl:3847 android.view.ViewRootImpl$$ExternalSyntheticLambda1.run:6 android.os.Handler.handleCallback:942 android.os.Handler.dispatchMessage:99 android.os.Looper.loopOnce:211 
07-06 16:38:53.984 19629 19629 D VRI[PopupWindow:92e7b1b]: vri.reportDrawFinished syncSeqId=0 android.view.ViewRootImpl.lambda$createSyncIfNeeded$4$android-view-ViewRootImpl:3847 android.view.ViewRootImpl$$ExternalSyntheticLambda1.run:6 android.os.Handler.handleCallback:942 android.os.Handler.dispatchMessage:99 android.os.Looper.loopOnce:211 
07-06 16:38:54.341 19629 19629 D VRI[PopupWindow:3ed4000]: vri.reportNextDraw android.view.ViewRootImpl.performTraversals:3779 android.view.ViewRootImpl.doTraversal:2543 android.view.ViewRootImpl$TraversalRunnable.run:9465 android.view.Choreographer$CallbackRecord.run:1451 android.view.Choreographer$CallbackRecord.run:1459 
07-06 16:38:54.341 19629 19629 D VRI[PopupWindow:3ed4000]: vri.Setup new sync id=0 syncSeqId=0
07-06 16:38:54.347 19629  9499 W Parcel  : Expecting binder but got null!
07-06 16:38:54.349 19629 19629 D VRI[PopupWindow:3ed4000]: vri.reportDrawFinished syncSeqId=0 android.view.ViewRootImpl.lambda$createSyncIfNeeded$4$android-view-ViewRootImpl:3847 android.view.ViewRootImpl$$ExternalSyntheticLambda1.run:6 android.os.Handler.handleCallback:942 android.os.Handler.dispatchMessage:99 android.os.Looper.loopOnce:211 
07-06 16:38:54.351 19629 19629 D VRI[PopupWindow:3ed4000]: vri.reportNextDraw android.view.ViewRootImpl.handleResized:1936 android.view.ViewRootImpl.-$$Nest$mhandleResized:0 android.view.ViewRootImpl$ViewRootHandler.handleMessageImpl:5860 android.view.ViewRootImpl$ViewRootHandler.handleMessage:5829 android.os.Handler.dispatchMessage:106 
07-06 16:38:54.358 19629 19629 D VRI[PopupWindow:3ed4000]: vri.Setup new sync id=1 syncSeqId=0
07-06 16:38:54.364 19629 19629 D VRI[PopupWindow:3ed4000]: vri.reportDrawFinished syncSeqId=0 android.view.ViewRootImpl.lambda$createSyncIfNeeded$4$android-view-ViewRootImpl:3847 android.view.ViewRootImpl$$ExternalSyntheticLambda1.run:6 android.os.Handler.handleCallback:942 android.os.Handler.dispatchMessage:99 android.os.Looper.loopOnce:211 
07-06 16:38:55.831 19629 19629 D VRI[PopupWindow:3ed4000]: vri.reportNextDraw android.view.ViewRootImpl.performTraversals:3779 android.view.ViewRootImpl.doTraversal:2543 android.view.ViewRootImpl$TraversalRunnable.run:9465 android.view.Choreographer$CallbackRecord.run:1451 android.view.Choreographer$CallbackRecord.run:1459 
07-06 16:38:55.831 19629 19629 D VRI[PopupWindow:3ed4000]: vri.Setup new sync id=0 syncSeqId=0
07-06 16:38:55.837 19629  9499 W Parcel  : Expecting binder but got null!
07-06 16:38:55.839 19629 19629 D VRI[PopupWindow:3ed4000]: vri.reportDrawFinished syncSeqId=0 android.view.ViewRootImpl.lambda$createSyncIfNeeded$4$android-view-ViewRootImpl:3847 android.view.ViewRootImpl$$ExternalSyntheticLambda1.run:6 android.os.Handler.handleCallback:942 android.os.Handler.dispatchMessage:99 android.os.Looper.loopOnce:211 
07-06 16:38:55.841 19629 19629 D VRI[PopupWindow:3ed4000]: vri.reportNextDraw android.view.ViewRootImpl.handleResized:1936 android.view.ViewRootImpl.-$$Nest$mhandleResized:0 android.view.ViewRootImpl$ViewRootHandler.handleMessageImpl:5860 android.view.ViewRootImpl$ViewRootHandler.handleMessage:5829 android.os.Handler.dispatchMessage:106 
07-06 16:38:55.842 19629 19629 D VRI[PopupWindow:3ed4000]: vri.Setup new sync id=1 syncSeqId=0
07-06 16:38:55.849 19629 19629 D VRI[PopupWindow:3ed4000]: vri.reportDrawFinished syncSeqId=0 android.view.ViewRootImpl.lambda$createSyncIfNeeded$4$android-view-ViewRootImpl:3847 android.view.ViewRootImpl$$ExternalSyntheticLambda1.run:6 android.os.Handler.handleCallback:942 android.os.Handler.dispatchMessage:99 android.os.Looper.loopOnce:211 
07-06 16:38:56.458 19629 19629 W Choreographer: Frame time is 0.013932 ms in the future!  Check that graphics HAL is generating vsync timestamps using the correct timebase.
07-06 16:38:56.788 19629  9499 D OpenGLRenderer: endAllActiveAnimators on 0x7c56171b00 (RippleDrawable) with handle 0x7c5fcd4b80
07-06 16:38:57.494 19629 19629 D InputMethodManager: showSoftInput() view=com.termux.view.TerminalView{35b37fd VFED.V.L. .F...... 0,0-1064,1133 #7f080191 app:id/terminal_view aid=1073741824} flags=0 reason=SHOW_SOFT_INPUT
07-06 16:38:57.507 19629 19629 D InsetsController: show(ime(), fromIme=true)
07-06 16:38:58.606 19629 19629 D InputMethodManager: showSoftInput() view=com.termux.view.TerminalView{35b37fd VFED.V.L. .F...... 0,0-1064,1133 #7f080191 app:id/terminal_view aid=1073741824} flags=0 reason=SHOW_SOFT_INPUT
07-06 16:38:58.618 19629 19629 D InsetsController: show(ime(), fromIme=true)
07-06 16:38:59.467 19629 19629 W DecorViewStubImpl: try catch editor reflect exception
07-06 16:38:59.467 19629 19629 W DecorViewStubImpl: java.lang.reflect.InvocationTargetException
07-06 16:38:59.467 19629 19629 W DecorViewStubImpl: 	at java.lang.reflect.Method.invoke(Native Method)
07-06 16:38:59.467 19629 19629 W DecorViewStubImpl: 	at com.android.internal.policy.DecorViewStubImpl.createActionMode(DecorViewStubImpl.java:41)
07-06 16:38:59.467 19629 19629 W DecorViewStubImpl: 	at com.android.internal.policy.DecorView.startActionMode(DecorView.java:1011)
07-06 16:38:59.467 19629 19629 W DecorViewStubImpl: 	at com.android.internal.policy.DecorView.startActionModeForChild(DecorView.java:959)
07-06 16:38:59.467 19629 19629 W DecorViewStubImpl: 	at android.view.ViewGroup.startActionModeForChild(ViewGroup.java:1044)
07-06 16:38:59.467 19629 19629 W DecorViewStubImpl: 	at android.view.ViewGroup.startActionModeForChild(ViewGroup.java:1044)
07-06 16:38:59.467 19629 19629 W DecorViewStubImpl: 	at android.view.ViewGroup.startActionModeForChild(ViewGroup.java:1044)
07-06 16:38:59.467 19629 19629 W DecorViewStubImpl: 	at android.view.ViewGroup.startActionModeForChild(ViewGroup.java:1044)
07-06 16:38:59.467 19629 19629 W DecorViewStubImpl: 	at android.view.ViewGroup.startActionModeForChild(ViewGroup.java:1044)
07-06 16:38:59.467 19629 19629 W DecorViewStubImpl: 	at android.view.View.startActionMode(View.java:7744)
07-06 16:38:59.467 19629 19629 W DecorViewStubImpl: 	at com.termux.view.textselection.TextSelectionCursorController.setActionModeCallBacks(TextSelectionCursorController.java:167)
07-06 16:38:59.467 19629 19629 W DecorViewStubImpl: 	at com.termux.view.textselection.TextSelectionCursorController.show(TextSelectionCursorController.java:52)
07-06 16:38:59.467 19629 19629 W DecorViewStubImpl: 	at com.termux.view.TerminalView.showTextSelectionCursors(TerminalView.java:1341)
07-06 16:38:59.467 19629 19629 W DecorViewStubImpl: 	at com.termux.view.TerminalView.startTextSelectionMode(TerminalView.java:1393)
07-06 16:38:59.467 19629 19629 W DecorViewStubImpl: 	at com.termux.view.TerminalView$1.onLongPress(TerminalView.java:249)
07-06 16:38:59.467 19629 19629 W DecorViewStubImpl: 	at com.termux.view.GestureAndScaleRecognizer$1.onLongPress(GestureAndScaleRecognizer.java:55)
07-06 16:38:59.467 19629 19629 W DecorViewStubImpl: 	at android.view.GestureDetector.dispatchLongPress(GestureDetector.java:890)
07-06 16:38:59.467 19629 19629 W DecorViewStubImpl: 	at android.view.GestureDetector.-$$Nest$mdispatchLongPress(GestureDetector.java:0)
07-06 16:38:59.467 19629 19629 W DecorViewStubImpl: 	at android.view.GestureDetector$GestureHandler.handleMessage(GestureDetector.java:324)
07-06 16:38:59.467 19629 19629 W DecorViewStubImpl: 	at android.os.Handler.dispatchMessage(Handler.java:106)
07-06 16:38:59.467 19629 19629 W DecorViewStubImpl: 	at android.os.Looper.loopOnce(Looper.java:211)
07-06 16:38:59.467 19629 19629 W DecorViewStubImpl: 	at android.os.Looper.loop(Looper.java:300)
07-06 16:38:59.467 19629 19629 W DecorViewStubImpl: 	at android.app.ActivityThread.main(ActivityThread.java:8296)
07-06 16:38:59.467 19629 19629 W DecorViewStubImpl: 	at java.lang.reflect.Method.invoke(Native Method)
07-06 16:38:59.467 19629 19629 W DecorViewStubImpl: 	at com.android.internal.os.RuntimeInit$MethodAndArgsCaller.run(RuntimeInit.java:559)
07-06 16:38:59.467 19629 19629 W DecorViewStubImpl: 	at com.android.internal.os.ZygoteInit.main(ZygoteInit.java:954)
07-06 16:38:59.467 19629 19629 W DecorViewStubImpl: Caused by: java.lang.ClassCastException: com.termux.view.TerminalView cannot be cast to android.widget.TextView
07-06 16:38:59.467 19629 19629 W DecorViewStubImpl: 	at miuix.toolbar.internal.ActionView.<init>(ActionView.java:20)
07-06 16:38:59.467 19629 19629 W DecorViewStubImpl: 	at miuix.toolbar.FloatingActionMode.<init>(FloatingActionMode.java:102)
07-06 16:38:59.467 19629 19629 W DecorViewStubImpl: 	at miuix.toolbar.FloatingActionModeHelper.startActionMode(FloatingActionModeHelper.java:24)
07-06 16:38:59.467 19629 19629 W DecorViewStubImpl: 	... 26 more
07-06 16:38:59.494 19629 19629 E FileUtils: err write to mi_exception_log
07-06 16:38:59.510 19629 19629 D VRI[PopupWindow:b1f98b6]: vri.reportNextDraw android.view.ViewRootImpl.performTraversals:3779 android.view.ViewRootImpl.doTraversal:2543 android.view.ViewRootImpl$TraversalRunnable.run:9465 android.view.Choreographer$CallbackRecord.run:1451 android.view.Choreographer$CallbackRecord.run:1459 
07-06 16:38:59.510 19629 19629 D VRI[PopupWindow:b1f98b6]: vri.Setup new sync id=0 syncSeqId=0
07-06 16:38:59.514 19629  9499 W Parcel  : Expecting binder but got null!
07-06 16:38:59.530 19629 19629 D VRI[PopupWindow:39b2a53]: vri.reportNextDraw android.view.ViewRootImpl.performTraversals:3779 android.view.ViewRootImpl.doTraversal:2543 android.view.ViewRootImpl$TraversalRunnable.run:9465 android.view.Choreographer$CallbackRecord.run:1451 android.view.Choreographer$CallbackRecord.run:1459 
07-06 16:38:59.530 19629 19629 D VRI[PopupWindow:39b2a53]: vri.Setup new sync id=0 syncSeqId=0
07-06 16:38:59.534 19629  9499 W Parcel  : Expecting binder but got null!
07-06 16:38:59.559 19629 19629 D VRI[PopupWindow:8928b9f]: vri.reportNextDraw android.view.ViewRootImpl.performTraversals:3779 android.view.ViewRootImpl.doTraversal:2543 android.view.ViewRootImpl$TraversalRunnable.run:9465 android.view.Choreographer$CallbackRecord.run:1451 android.view.Choreographer$CallbackRecord.run:1459 
07-06 16:38:59.559 19629 19629 D VRI[PopupWindow:8928b9f]: vri.Setup new sync id=0 syncSeqId=0
07-06 16:38:59.564 19629  9499 W Parcel  : Expecting binder but got null!
07-06 16:38:59.564 19629 19629 E FileUtils: err write to mi_exception_log
07-06 16:38:59.565 19629 19629 D VRI[PopupWindow:8928b9f]: vri.reportDrawFinished syncSeqId=0 android.view.ViewRootImpl.lambda$createSyncIfNeeded$4$android-view-ViewRootImpl:3847 android.view.ViewRootImpl$$ExternalSyntheticLambda1.run:6 android.os.Handler.handleCallback:942 android.os.Handler.dispatchMessage:99 android.os.Looper.loopOnce:211 
07-06 16:38:59.565 19629 19629 D VRI[PopupWindow:39b2a53]: vri.reportDrawFinished syncSeqId=0 android.view.ViewRootImpl.lambda$createSyncIfNeeded$4$android-view-ViewRootImpl:3847 android.view.ViewRootImpl$$ExternalSyntheticLambda1.run:6 android.os.Handler.handleCallback:942 android.os.Handler.dispatchMessage:99 android.os.Looper.loopOnce:211 
07-06 16:38:59.566 19629 19629 D VRI[PopupWindow:b1f98b6]: vri.reportDrawFinished syncSeqId=0 android.view.ViewRootImpl.lambda$createSyncIfNeeded$4$android-view-ViewRootImpl:3847 android.view.ViewRootImpl$$ExternalSyntheticLambda1.run:6 android.os.Handler.handleCallback:942 android.os.Handler.dispatchMessage:99 android.os.Looper.loopOnce:211 
07-06 16:38:59.573 19629 19629 D VRI[PopupWindow:b1f98b6]: vri.reportNextDraw android.view.ViewRootImpl.performTraversals:3779 android.view.ViewRootImpl.doTraversal:2543 android.view.ViewRootImpl$TraversalRunnable.run:9465 android.view.Choreographer$CallbackRecord.run:1451 android.view.Choreographer$CallbackRecord.run:1459 
07-06 16:38:59.573 19629 19629 D VRI[PopupWindow:b1f98b6]: vri.Setup new sync id=1 syncSeqId=0
07-06 16:38:59.584 19629 19629 D VRI[PopupWindow:b1f98b6]: vri.reportDrawFinished syncSeqId=0 android.view.ViewRootImpl.lambda$createSyncIfNeeded$4$android-view-ViewRootImpl:3847 android.view.ViewRootImpl$$ExternalSyntheticLambda1.run:6 android.os.Handler.handleCallback:942 android.os.Handler.dispatchMessage:99 android.os.Looper.loopOnce:211 
07-06 16:38:59.585 19629 19629 D VRI[PopupWindow:b1f98b6]: vri.reportNextDraw android.view.ViewRootImpl.handleResized:1936 android.view.ViewRootImpl.-$$Nest$mhandleResized:0 android.view.ViewRootImpl$ViewRootHandler.handleMessageImpl:5860 android.view.ViewRootImpl$ViewRootHandler.handleMessage:5829 android.os.Handler.dispatchMessage:106 
07-06 16:38:59.585 19629 19629 D VRI[PopupWindow:39b2a53]: vri.reportNextDraw android.view.ViewRootImpl.handleResized:1936 android.view.ViewRootImpl.-$$Nest$mhandleResized:0 android.view.ViewRootImpl$ViewRootHandler.handleMessageImpl:5860 android.view.ViewRootImpl$ViewRootHandler.handleMessage:5829 android.os.Handler.dispatchMessage:106 
07-06 16:38:59.586 19629 19629 D VRI[PopupWindow:8928b9f]: vri.reportNextDraw android.view.ViewRootImpl.handleResized:1936 android.view.ViewRootImpl.-$$Nest$mhandleResized:0 android.view.ViewRootImpl$ViewRootHandler.handleMessageImpl:5860 android.view.ViewRootImpl$ViewRootHandler.handleMessage:5829 android.os.Handler.dispatchMessage:106 
07-06 16:38:59.586 19629 19629 D VRI[PopupWindow:b1f98b6]: vri.Setup new sync id=2 syncSeqId=0
07-06 16:38:59.589 19629 19629 D VRI[PopupWindow:39b2a53]: vri.Setup new sync id=1 syncSeqId=0
07-06 16:38:59.591 19629 19629 D VRI[PopupWindow:8928b9f]: vri.Setup new sync id=1 syncSeqId=0
07-06 16:38:59.595 19629 19629 D VRI[PopupWindow:8928b9f]: vri.reportDrawFinished syncSeqId=0 android.view.ViewRootImpl.lambda$createSyncIfNeeded$4$android-view-ViewRootImpl:3847 android.view.ViewRootImpl$$ExternalSyntheticLambda1.run:6 android.os.Handler.handleCallback:942 android.os.Handler.dispatchMessage:99 android.os.Looper.loopOnce:211 
07-06 16:38:59.595 19629 19629 D VRI[PopupWindow:39b2a53]: vri.reportDrawFinished syncSeqId=0 android.view.ViewRootImpl.lambda$createSyncIfNeeded$4$android-view-ViewRootImpl:3847 android.view.ViewRootImpl$$ExternalSyntheticLambda1.run:6 android.os.Handler.handleCallback:942 android.os.Handler.dispatchMessage:99 android.os.Looper.loopOnce:211 
07-06 16:38:59.596 19629 19629 D VRI[PopupWindow:b1f98b6]: vri.reportDrawFinished syncSeqId=0 android.view.ViewRootImpl.lambda$createSyncIfNeeded$4$android-view-ViewRootImpl:3847 android.view.ViewRootImpl$$ExternalSyntheticLambda1.run:6 android.os.Handler.handleCallback:942 android.os.Handler.dispatchMessage:99 android.os.Looper.loopOnce:211 
07-06 16:38:59.658 19629 19629 E ViewDragHelper: Ignoring pointerId=0 because ACTION_DOWN was not received for this pointer before ACTION_MOVE. It likely happened because  ViewDragHelper did not receive all the events in the event stream.
07-06 16:38:59.658 19629 19629 E ViewDragHelper: Ignoring pointerId=0 because ACTION_DOWN was not received for this pointer before ACTION_MOVE. It likely happened because  ViewDragHelper did not receive all the events in the event stream.
07-06 16:38:59.658 19629 19629 E ViewDragHelper: Ignoring pointerId=0 because ACTION_DOWN was not received for this pointer before ACTION_MOVE. It likely happened because  ViewDragHelper did not receive all the events in the event stream.
07-06 16:38:59.658 19629 19629 E ViewDragHelper: Ignoring pointerId=0 because ACTION_DOWN was not received for this pointer before ACTION_MOVE. It likely happened because  ViewDragHelper did not receive all the events in the event stream.
07-06 16:39:00.018 19629 19629 D VRI[PopupWindow:8928b9f]: vri.reportNextDraw android.view.ViewRootImpl.performTraversals:3779 android.view.ViewRootImpl.doTraversal:2543 android.view.ViewRootImpl$TraversalRunnable.run:9465 android.view.Choreographer$CallbackRecord.run:1451 android.view.Choreographer$CallbackRecord.run:1459 
07-06 16:39:00.018 19629 19629 D VRI[PopupWindow:8928b9f]: vri.Setup new sync id=0 syncSeqId=0
07-06 16:39:00.026 19629  9499 W Parcel  : Expecting binder but got null!
07-06 16:39:00.027 19629 19629 D VRI[PopupWindow:8928b9f]: vri.reportDrawFinished syncSeqId=0 android.view.ViewRootImpl.lambda$createSyncIfNeeded$4$android-view-ViewRootImpl:3847 android.view.ViewRootImpl$$ExternalSyntheticLambda1.run:6 android.os.Handler.handleCallback:942 android.os.Handler.dispatchMessage:99 android.os.Looper.loopOnce:211 
07-06 16:39:00.028 19629 19629 D VRI[PopupWindow:8928b9f]: vri.reportNextDraw android.view.ViewRootImpl.handleResized:1936 android.view.ViewRootImpl.-$$Nest$mhandleResized:0 android.view.ViewRootImpl$ViewRootHandler.handleMessageImpl:5860 android.view.ViewRootImpl$ViewRootHandler.handleMessage:5829 android.os.Handler.dispatchMessage:106 
07-06 16:39:00.033 19629 19629 D VRI[PopupWindow:8928b9f]: vri.Setup new sync id=1 syncSeqId=0
07-06 16:39:00.037 19629 19629 D VRI[PopupWindow:8928b9f]: vri.reportDrawFinished syncSeqId=0 android.view.ViewRootImpl.lambda$createSyncIfNeeded$4$android-view-ViewRootImpl:3847 android.view.ViewRootImpl$$ExternalSyntheticLambda1.run:6 android.os.Handler.handleCallback:942 android.os.Handler.dispatchMessage:99 android.os.Looper.loopOnce:211 
07-06 16:39:02.849 19629 19629 W DecorViewStubImpl: try catch editor reflect exception
07-06 16:39:02.849 19629 19629 W DecorViewStubImpl: java.lang.reflect.InvocationTargetException
07-06 16:39:02.849 19629 19629 W DecorViewStubImpl: 	at java.lang.reflect.Method.invoke(Native Method)
07-06 16:39:02.849 19629 19629 W DecorViewStubImpl: 	at com.android.internal.policy.DecorViewStubImpl.createActionMode(DecorViewStubImpl.java:41)
07-06 16:39:02.849 19629 19629 W DecorViewStubImpl: 	at com.android.internal.policy.DecorView.startActionMode(DecorView.java:1011)
07-06 16:39:02.849 19629 19629 W DecorViewStubImpl: 	at com.android.internal.policy.DecorView.startActionModeForChild(DecorView.java:959)
07-06 16:39:02.849 19629 19629 W DecorViewStubImpl: 	at android.view.ViewGroup.startActionModeForChild(ViewGroup.java:1044)
07-06 16:39:02.849 19629 19629 W DecorViewStubImpl: 	at android.view.ViewGroup.startActionModeForChild(ViewGroup.java:1044)
07-06 16:39:02.849 19629 19629 W DecorViewStubImpl: 	at android.view.ViewGroup.startActionModeForChild(ViewGroup.java:1044)
07-06 16:39:02.849 19629 19629 W DecorViewStubImpl: 	at android.view.ViewGroup.startActionModeForChild(ViewGroup.java:1044)
07-06 16:39:02.849 19629 19629 W DecorViewStubImpl: 	at android.view.ViewGroup.startActionModeForChild(ViewGroup.java:1044)
07-06 16:39:02.849 19629 19629 W DecorViewStubImpl: 	at android.view.View.startActionMode(View.java:7744)
07-06 16:39:02.849 19629 19629 W DecorViewStubImpl: 	at com.termux.view.textselection.TextSelectionCursorController.setActionModeCallBacks(TextSelectionCursorController.java:167)
07-06 16:39:02.849 19629 19629 W DecorViewStubImpl: 	at com.termux.view.textselection.TextSelectionCursorController.show(TextSelectionCursorController.java:52)
07-06 16:39:02.849 19629 19629 W DecorViewStubImpl: 	at com.termux.view.TerminalView.showTextSelectionCursors(TerminalView.java:1341)
07-06 16:39:02.849 19629 19629 W DecorViewStubImpl: 	at com.termux.view.TerminalView.startTextSelectionMode(TerminalView.java:1393)
07-06 16:39:02.849 19629 19629 W DecorViewStubImpl: 	at com.termux.view.TerminalView$1.onLongPress(TerminalView.java:249)
07-06 16:39:02.849 19629 19629 W DecorViewStubImpl: 	at com.termux.view.GestureAndScaleRecognizer$1.onLongPress(GestureAndScaleRecognizer.java:55)
07-06 16:39:02.849 19629 19629 W DecorViewStubImpl: 	at android.view.GestureDetector.dispatchLongPress(GestureDetector.java:890)
07-06 16:39:02.849 19629 19629 W DecorViewStubImpl: 	at android.view.GestureDetector.-$$Nest$mdispatchLongPress(GestureDetector.java:0)
07-06 16:39:02.849 19629 19629 W DecorViewStubImpl: 	at android.view.GestureDetector$GestureHandler.handleMessage(GestureDetector.java:324)
07-06 16:39:02.849 19629 19629 W DecorViewStubImpl: 	at android.os.Handler.dispatchMessage(Handler.java:106)
07-06 16:39:02.849 19629 19629 W DecorViewStubImpl: 	at android.os.Looper.loopOnce(Looper.java:211)
07-06 16:39:02.849 19629 19629 W DecorViewStubImpl: 	at android.os.Looper.loop(Looper.java:300)
07-06 16:39:02.849 19629 19629 W DecorViewStubImpl: 	at android.app.ActivityThread.main(ActivityThread.java:8296)
07-06 16:39:02.849 19629 19629 W DecorViewStubImpl: 	at java.lang.reflect.Method.invoke(Native Method)
07-06 16:39:02.849 19629 19629 W DecorViewStubImpl: 	at com.android.internal.os.RuntimeInit$MethodAndArgsCaller.run(RuntimeInit.java:559)
07-06 16:39:02.849 19629 19629 W DecorViewStubImpl: 	at com.android.internal.os.ZygoteInit.main(ZygoteInit.java:954)
07-06 16:39:02.849 19629 19629 W DecorViewStubImpl: Caused by: java.lang.ClassCastException: com.termux.view.TerminalView cannot be cast to android.widget.TextView
07-06 16:39:02.849 19629 19629 W DecorViewStubImpl: 	at miuix.toolbar.internal.ActionView.<init>(ActionView.java:20)
07-06 16:39:02.849 19629 19629 W DecorViewStubImpl: 	at miuix.toolbar.FloatingActionMode.<init>(FloatingActionMode.java:102)
07-06 16:39:02.849 19629 19629 W DecorViewStubImpl: 	at miuix.toolbar.FloatingActionModeHelper.startActionMode(FloatingActionModeHelper.java:24)
07-06 16:39:02.849 19629 19629 W DecorViewStubImpl: 	... 26 more
07-06 16:39:02.874 19629 19629 E FileUtils: err write to mi_exception_log
07-06 16:39:02.888 19629 19629 D VRI[PopupWindow:47e457f]: vri.reportNextDraw android.view.ViewRootImpl.performTraversals:3779 android.view.ViewRootImpl.doTraversal:2543 android.view.ViewRootImpl$TraversalRunnable.run:9465 android.view.Choreographer$CallbackRecord.run:1451 android.view.Choreographer$CallbackRecord.run:1459 
07-06 16:39:02.888 19629 19629 D VRI[PopupWindow:47e457f]: vri.Setup new sync id=0 syncSeqId=0
07-06 16:39:02.892 19629  9499 W Parcel  : Expecting binder but got null!
07-06 16:39:02.907 19629 19629 D VRI[PopupWindow:d2bde38]: vri.reportNextDraw android.view.ViewRootImpl.performTraversals:3779 android.view.ViewRootImpl.doTraversal:2543 android.view.ViewRootImpl$TraversalRunnable.run:9465 android.view.Choreographer$CallbackRecord.run:1451 android.view.Choreographer$CallbackRecord.run:1459 
07-06 16:39:02.908 19629 19629 D VRI[PopupWindow:d2bde38]: vri.Setup new sync id=0 syncSeqId=0
07-06 16:39:02.914 19629  9499 W Parcel  : Expecting binder but got null!
07-06 16:39:02.936 19629 19629 D VRI[PopupWindow:ea75014]: vri.reportNextDraw android.view.ViewRootImpl.performTraversals:3779 android.view.ViewRootImpl.doTraversal:2543 android.view.ViewRootImpl$TraversalRunnable.run:9465 android.view.Choreographer$CallbackRecord.run:1451 android.view.Choreographer$CallbackRecord.run:1459 
07-06 16:39:02.936 19629 19629 D VRI[PopupWindow:ea75014]: vri.Setup new sync id=0 syncSeqId=0
07-06 16:39:02.942 19629  9499 W Parcel  : Expecting binder but got null!
07-06 16:39:02.943 19629 19629 E FileUtils: err write to mi_exception_log
07-06 16:39:02.943 19629 19629 D VRI[PopupWindow:ea75014]: vri.reportDrawFinished syncSeqId=0 android.view.ViewRootImpl.lambda$createSyncIfNeeded$4$android-view-ViewRootImpl:3847 android.view.ViewRootImpl$$ExternalSyntheticLambda1.run:6 android.os.Handler.handleCallback:942 android.os.Handler.dispatchMessage:99 android.os.Looper.loopOnce:211 
07-06 16:39:02.944 19629 19629 D VRI[PopupWindow:d2bde38]: vri.reportDrawFinished syncSeqId=0 android.view.ViewRootImpl.lambda$createSyncIfNeeded$4$android-view-ViewRootImpl:3847 android.view.ViewRootImpl$$ExternalSyntheticLambda1.run:6 android.os.Handler.handleCallback:942 android.os.Handler.dispatchMessage:99 android.os.Looper.loopOnce:211 
07-06 16:39:02.944 19629 19629 D VRI[PopupWindow:47e457f]: vri.reportDrawFinished syncSeqId=0 android.view.ViewRootImpl.lambda$createSyncIfNeeded$4$android-view-ViewRootImpl:3847 android.view.ViewRootImpl$$ExternalSyntheticLambda1.run:6 android.os.Handler.handleCallback:942 android.os.Handler.dispatchMessage:99 android.os.Looper.loopOnce:211 
07-06 16:39:02.960 19629 19629 D VRI[PopupWindow:47e457f]: vri.reportNextDraw android.view.ViewRootImpl.performTraversals:3779 android.view.ViewRootImpl.doTraversal:2543 android.view.ViewRootImpl$TraversalRunnable.run:9465 android.view.Choreographer$CallbackRecord.run:1451 android.view.Choreographer$CallbackRecord.run:1459 
