07-06 16:34:39.461 19629 19629 E FileUtils: err write to mi_exception_log
07-06 16:34:39.467 19629 19629 D VRI[PopupWindow:433df74]: vri.reportNextDraw android.view.ViewRootImpl.performTraversals:3779 android.view.ViewRootImpl.doTraversal:2543 android.view.ViewRootImpl$TraversalRunnable.run:9465 android.view.Choreographer$CallbackRecord.run:1451 android.view.Choreographer$CallbackRecord.run:1459 
07-06 16:34:39.467 19629 19629 D VRI[PopupWindow:433df74]: vri.Setup new sync id=0 syncSeqId=0
07-06 16:34:39.477 19629  9499 W Parcel  : Expecting binder but got null!
07-06 16:34:39.478 19629 19629 D VRI[PopupWindow:433df74]: vri.reportDrawFinished syncSeqId=0 android.view.ViewRootImpl.lambda$createSyncIfNeeded$4$android-view-ViewRootImpl:3847 android.view.ViewRootImpl$$ExternalSyntheticLambda1.run:6 android.os.Handler.handleCallback:942 android.os.Handler.dispatchMessage:99 android.os.Looper.loopOnce:211 
07-06 16:34:39.482 19629 19629 D VRI[PopupWindow:433df74]: vri.reportNextDraw android.view.ViewRootImpl.handleResized:1936 android.view.ViewRootImpl.-$$Nest$mhandleResized:0 android.view.ViewRootImpl$ViewRootHandler.handleMessageImpl:5860 android.view.ViewRootImpl$ViewRootHandler.handleMessage:5829 android.os.Handler.dispatchMessage:106 
07-06 16:34:39.483 19629 19629 D VRI[PopupWindow:433df74]: vri.Setup new sync id=1 syncSeqId=0
07-06 16:34:39.494 19629 19629 D VRI[PopupWindow:433df74]: vri.reportDrawFinished syncSeqId=0 android.view.ViewRootImpl.lambda$createSyncIfNeeded$4$android-view-ViewRootImpl:3847 android.view.ViewRootImpl$$ExternalSyntheticLambda1.run:6 android.os.Handler.handleCallback:942 android.os.Handler.dispatchMessage:99 android.os.Looper.loopOnce:211 
07-06 16:34:40.288 19629 19629 E FileUtils: err write to mi_exception_log
07-06 16:34:40.340 19629 19629 E FileUtils: err write to mi_exception_log
07-06 16:34:40.367 19629 19629 E FileUtils: err write to mi_exception_log
07-06 16:34:40.587 19629 19629 E FileUtils: err write to mi_exception_log
07-06 16:34:40.624 19629  9499 D OpenGLRenderer: endAllActiveAnimators on 0x7c5f768700 (RippleDrawable) with handle 0x7c5f84c220
07-06 16:34:42.301 19629 19629 W DecorViewStubImpl: try catch editor reflect exception
07-06 16:34:42.301 19629 19629 W DecorViewStubImpl: java.lang.reflect.InvocationTargetException
07-06 16:34:42.301 19629 19629 W DecorViewStubImpl: 	at java.lang.reflect.Method.invoke(Native Method)
07-06 16:34:42.301 19629 19629 W DecorViewStubImpl: 	at com.android.internal.policy.DecorViewStubImpl.createActionMode(DecorViewStubImpl.java:41)
07-06 16:34:42.301 19629 19629 W DecorViewStubImpl: 	at com.android.internal.policy.DecorView.startActionMode(DecorView.java:1011)
07-06 16:34:42.301 19629 19629 W DecorViewStubImpl: 	at com.android.internal.policy.DecorView.startActionModeForChild(DecorView.java:959)
07-06 16:34:42.301 19629 19629 W DecorViewStubImpl: 	at android.view.ViewGroup.startActionModeForChild(ViewGroup.java:1044)
07-06 16:34:42.301 19629 19629 W DecorViewStubImpl: 	at android.view.ViewGroup.startActionModeForChild(ViewGroup.java:1044)
07-06 16:34:42.301 19629 19629 W DecorViewStubImpl: 	at android.view.ViewGroup.startActionModeForChild(ViewGroup.java:1044)
07-06 16:34:42.301 19629 19629 W DecorViewStubImpl: 	at android.view.ViewGroup.startActionModeForChild(ViewGroup.java:1044)
07-06 16:34:42.301 19629 19629 W DecorViewStubImpl: 	at android.view.ViewGroup.startActionModeForChild(ViewGroup.java:1044)
07-06 16:34:42.301 19629 19629 W DecorViewStubImpl: 	at android.view.View.startActionMode(View.java:7744)
07-06 16:34:42.301 19629 19629 W DecorViewStubImpl: 	at com.termux.view.textselection.TextSelectionCursorController.setActionModeCallBacks(TextSelectionCursorController.java:167)
07-06 16:34:42.301 19629 19629 W DecorViewStubImpl: 	at com.termux.view.textselection.TextSelectionCursorController.show(TextSelectionCursorController.java:52)
07-06 16:34:42.301 19629 19629 W DecorViewStubImpl: 	at com.termux.view.TerminalView.showTextSelectionCursors(TerminalView.java:1341)
07-06 16:34:42.301 19629 19629 W DecorViewStubImpl: 	at com.termux.view.TerminalView.startTextSelectionMode(TerminalView.java:1393)
07-06 16:34:42.301 19629 19629 W DecorViewStubImpl: 	at com.termux.view.TerminalView$1.onLongPress(TerminalView.java:249)
07-06 16:34:42.301 19629 19629 W DecorViewStubImpl: 	at com.termux.view.GestureAndScaleRecognizer$1.onLongPress(GestureAndScaleRecognizer.java:55)
07-06 16:34:42.301 19629 19629 W DecorViewStubImpl: 	at android.view.GestureDetector.dispatchLongPress(GestureDetector.java:890)
07-06 16:34:42.301 19629 19629 W DecorViewStubImpl: 	at android.view.GestureDetector.-$$Nest$mdispatchLongPress(GestureDetector.java:0)
07-06 16:34:42.301 19629 19629 W DecorViewStubImpl: 	at android.view.GestureDetector$GestureHandler.handleMessage(GestureDetector.java:324)
07-06 16:34:42.301 19629 19629 W DecorViewStubImpl: 	at android.os.Handler.dispatchMessage(Handler.java:106)
07-06 16:34:42.301 19629 19629 W DecorViewStubImpl: 	at android.os.Looper.loopOnce(Looper.java:211)
07-06 16:34:42.301 19629 19629 W DecorViewStubImpl: 	at android.os.Looper.loop(Looper.java:300)
07-06 16:34:42.301 19629 19629 W DecorViewStubImpl: 	at android.app.ActivityThread.main(ActivityThread.java:8296)
07-06 16:34:42.301 19629 19629 W DecorViewStubImpl: 	at java.lang.reflect.Method.invoke(Native Method)
07-06 16:34:42.301 19629 19629 W DecorViewStubImpl: 	at com.android.internal.os.RuntimeInit$MethodAndArgsCaller.run(RuntimeInit.java:559)
07-06 16:34:42.301 19629 19629 W DecorViewStubImpl: 	at com.android.internal.os.ZygoteInit.main(ZygoteInit.java:954)
07-06 16:34:42.301 19629 19629 W DecorViewStubImpl: Caused by: java.lang.ClassCastException: com.termux.view.TerminalView cannot be cast to android.widget.TextView
07-06 16:34:42.301 19629 19629 W DecorViewStubImpl: 	at miuix.toolbar.internal.ActionView.<init>(ActionView.java:20)
07-06 16:34:42.301 19629 19629 W DecorViewStubImpl: 	at miuix.toolbar.FloatingActionMode.<init>(FloatingActionMode.java:102)
07-06 16:34:42.301 19629 19629 W DecorViewStubImpl: 	at miuix.toolbar.FloatingActionModeHelper.startActionMode(FloatingActionModeHelper.java:24)
07-06 16:34:42.301 19629 19629 W DecorViewStubImpl: 	... 26 more
07-06 16:34:42.329 19629 19629 E FileUtils: err write to mi_exception_log
07-06 16:34:42.349 19629 19629 D VRI[PopupWindow:205f472]: vri.reportNextDraw android.view.ViewRootImpl.performTraversals:3779 android.view.ViewRootImpl.doTraversal:2543 android.view.ViewRootImpl$TraversalRunnable.run:9465 android.view.Choreographer$CallbackRecord.run:1451 android.view.Choreographer$CallbackRecord.run:1459 
07-06 16:34:42.349 19629 19629 D VRI[PopupWindow:205f472]: vri.Setup new sync id=0 syncSeqId=0
07-06 16:34:42.356 19629  9499 W Parcel  : Expecting binder but got null!
07-06 16:34:42.376 19629 19629 D VRI[PopupWindow:787e61f]: vri.reportNextDraw android.view.ViewRootImpl.performTraversals:3779 android.view.ViewRootImpl.doTraversal:2543 android.view.ViewRootImpl$TraversalRunnable.run:9465 android.view.Choreographer$CallbackRecord.run:1451 android.view.Choreographer$CallbackRecord.run:1459 
07-06 16:34:42.376 19629 19629 D VRI[PopupWindow:787e61f]: vri.Setup new sync id=0 syncSeqId=0
07-06 16:34:42.379 19629  9499 W Parcel  : Expecting binder but got null!
07-06 16:34:42.404 19629 19629 D VRI[PopupWindow:4f7732b]: vri.reportNextDraw android.view.ViewRootImpl.performTraversals:3779 android.view.ViewRootImpl.doTraversal:2543 android.view.ViewRootImpl$TraversalRunnable.run:9465 android.view.Choreographer$CallbackRecord.run:1451 android.view.Choreographer$CallbackRecord.run:1459 
07-06 16:34:42.404 19629 19629 D VRI[PopupWindow:4f7732b]: vri.Setup new sync id=0 syncSeqId=0
07-06 16:34:42.408 19629  9499 W Parcel  : Expecting binder but got null!
07-06 16:34:42.409 19629 19629 E FileUtils: err write to mi_exception_log
07-06 16:34:42.410 19629 19629 D VRI[PopupWindow:4f7732b]: vri.reportDrawFinished syncSeqId=0 android.view.ViewRootImpl.lambda$createSyncIfNeeded$4$android-view-ViewRootImpl:3847 android.view.ViewRootImpl$$ExternalSyntheticLambda1.run:6 android.os.Handler.handleCallback:942 android.os.Handler.dispatchMessage:99 android.os.Looper.loopOnce:211 
07-06 16:34:42.410 19629 19629 D VRI[PopupWindow:787e61f]: vri.reportDrawFinished syncSeqId=0 android.view.ViewRootImpl.lambda$createSyncIfNeeded$4$android-view-ViewRootImpl:3847 android.view.ViewRootImpl$$ExternalSyntheticLambda1.run:6 android.os.Handler.handleCallback:942 android.os.Handler.dispatchMessage:99 android.os.Looper.loopOnce:211 
07-06 16:34:42.411 19629 19629 D VRI[PopupWindow:205f472]: vri.reportDrawFinished syncSeqId=0 android.view.ViewRootImpl.lambda$createSyncIfNeeded$4$android-view-ViewRootImpl:3847 android.view.ViewRootImpl$$ExternalSyntheticLambda1.run:6 android.os.Handler.handleCallback:942 android.os.Handler.dispatchMessage:99 android.os.Looper.loopOnce:211 
07-06 16:34:42.421 19629 19629 D VRI[PopupWindow:205f472]: vri.reportNextDraw android.view.ViewRootImpl.performTraversals:3779 android.view.ViewRootImpl.doTraversal:2543 android.view.ViewRootImpl$TraversalRunnable.run:9465 android.view.Choreographer$CallbackRecord.run:1451 android.view.Choreographer$CallbackRecord.run:1459 
07-06 16:34:42.421 19629 19629 D VRI[PopupWindow:205f472]: vri.Setup new sync id=1 syncSeqId=0
07-06 16:34:42.440 19629 19629 D VRI[PopupWindow:205f472]: vri.reportDrawFinished syncSeqId=0 android.view.ViewRootImpl.lambda$createSyncIfNeeded$4$android-view-ViewRootImpl:3847 android.view.ViewRootImpl$$ExternalSyntheticLambda1.run:6 android.os.Handler.handleCallback:942 android.os.Handler.dispatchMessage:99 android.os.Looper.loopOnce:211 
07-06 16:34:42.441 19629 19629 D VRI[PopupWindow:205f472]: vri.reportNextDraw android.view.ViewRootImpl.handleResized:1936 android.view.ViewRootImpl.-$$Nest$mhandleResized:0 android.view.ViewRootImpl$ViewRootHandler.handleMessageImpl:5860 android.view.ViewRootImpl$ViewRootHandler.handleMessage:5829 android.os.Handler.dispatchMessage:106 
07-06 16:34:42.441 19629 19629 D VRI[PopupWindow:787e61f]: vri.reportNextDraw android.view.ViewRootImpl.handleResized:1936 android.view.ViewRootImpl.-$$Nest$mhandleResized:0 android.view.ViewRootImpl$ViewRootHandler.handleMessageImpl:5860 android.view.ViewRootImpl$ViewRootHandler.handleMessage:5829 android.os.Handler.dispatchMessage:106 
07-06 16:34:42.441 19629 19629 D VRI[PopupWindow:4f7732b]: vri.reportNextDraw android.view.ViewRootImpl.handleResized:1936 android.view.ViewRootImpl.-$$Nest$mhandleResized:0 android.view.ViewRootImpl$ViewRootHandler.handleMessageImpl:5860 android.view.ViewRootImpl$ViewRootHandler.handleMessage:5829 android.os.Handler.dispatchMessage:106 
07-06 16:34:42.442 19629 19629 D VRI[PopupWindow:205f472]: vri.Setup new sync id=2 syncSeqId=0
07-06 16:34:42.445 19629 19629 D VRI[PopupWindow:787e61f]: vri.Setup new sync id=1 syncSeqId=0
07-06 16:34:42.448 19629 19629 D VRI[PopupWindow:4f7732b]: vri.Setup new sync id=1 syncSeqId=0
07-06 16:34:42.453 19629 19629 D VRI[PopupWindow:4f7732b]: vri.reportDrawFinished syncSeqId=0 android.view.ViewRootImpl.lambda$createSyncIfNeeded$4$android-view-ViewRootImpl:3847 android.view.ViewRootImpl$$ExternalSyntheticLambda1.run:6 android.os.Handler.handleCallback:942 android.os.Handler.dispatchMessage:99 android.os.Looper.loopOnce:211 
07-06 16:34:42.453 19629 19629 D VRI[PopupWindow:787e61f]: vri.reportDrawFinished syncSeqId=0 android.view.ViewRootImpl.lambda$createSyncIfNeeded$4$android-view-ViewRootImpl:3847 android.view.ViewRootImpl$$ExternalSyntheticLambda1.run:6 android.os.Handler.handleCallback:942 android.os.Handler.dispatchMessage:99 android.os.Looper.loopOnce:211 
07-06 16:34:42.454 19629 19629 D VRI[PopupWindow:205f472]: vri.reportDrawFinished syncSeqId=0 android.view.ViewRootImpl.lambda$createSyncIfNeeded$4$android-view-ViewRootImpl:3847 android.view.ViewRootImpl$$ExternalSyntheticLambda1.run:6 android.os.Handler.handleCallback:942 android.os.Handler.dispatchMessage:99 android.os.Looper.loopOnce:211 
07-06 16:34:43.550 19629 19629 E FileUtils: err write to mi_exception_log
07-06 16:34:43.607 19629 19629 E FileUtils: err write to mi_exception_log
07-06 16:34:43.853 19629  9499 D OpenGLRenderer: endAllActiveAnimators on 0x7c5f946f00 (RippleDrawable) with handle 0x7c5f7aeae0
07-06 16:34:45.053 19629 19629 D InputMethodManager: showSoftInput() view=com.termux.view.TerminalView{35b37fd VFED.V.L. .F...... 0,0-1064,1133 #7f080191 app:id/terminal_view aid=1073741824} flags=0 reason=SHOW_SOFT_INPUT
07-06 16:34:45.078 19629 19629 D InsetsController: show(ime(), fromIme=true)
07-06 16:34:47.231 12825 12825 W bash    : type=1400 audit(0.0:77318): avc: granted { execute } for name="git" dev="dm-41" ino=2464664 scontext=u:r:untrusted_app_27:s0:c178,c256,c512,c768 tcontext=u:object_r:app_data_file:s0:c178,c256,c512,c768 tclass=file app=com.termux
07-06 16:34:47.231 12825 12825 W bash    : type=1400 audit(0.0:77319): avc: granted { execute } for name="git" dev="dm-41" ino=2464664 scontext=u:r:untrusted_app_27:s0:c178,c256,c512,c768 tcontext=u:object_r:app_data_file:s0:c178,c256,c512,c768 tclass=file app=com.termux
07-06 16:34:47.231 12825 12825 W bash    : type=1400 audit(0.0:77320): avc: granted { execute_no_trans } for path="/data/data/com.termux/files/usr/bin/git" dev="dm-41" ino=2464664 scontext=u:r:untrusted_app_27:s0:c178,c256,c512,c768 tcontext=u:object_r:app_data_file:s0:c178,c256,c512,c768 tclass=file app=com.termux
07-06 16:34:47.231 12825 12825 W git     : type=1400 audit(0.0:77321): avc: granted { execute } for path="/data/data/com.termux/files/usr/bin/git" dev="dm-41" ino=2464664 scontext=u:r:untrusted_app_27:s0:c178,c256,c512,c768 tcontext=u:object_r:app_data_file:s0:c178,c256,c512,c768 tclass=file app=com.termux
07-06 16:34:47.241 12825 12825 W git     : type=1400 audit(0.0:77322): avc: denied { search } for name="tests" dev="dm-41" ino=165402 scontext=u:r:untrusted_app_27:s0:c178,c256,c512,c768 tcontext=u:object_r:shell_test_data_file:s0 tclass=dir permissive=0 app=com.termux
07-06 16:36:12.520 19629 19629 D DecorView[]: onWindowFocusChanged hasWindowFocus false
07-06 16:36:12.609 19629  9499 W RenderInspector: DequeueBuffer time out on com.termux/com.termux.app.TermuxActivity, count=1, avg=20 ms, max=20 ms.
07-06 16:36:18.226 19629 19629 W OnBackInvokedCallback: OnBackInvokedCallback is not enabled for the application.
07-06 16:36:18.226 19629 19629 W OnBackInvokedCallback: Set 'android:enableOnBackInvokedCallback="true"' in the application manifest.
07-06 16:36:18.226 19629 19629 D DecorView[]: onWindowFocusChanged hasWindowFocus true
07-06 16:36:35.024 19629 19629 W DecorViewStubImpl: try catch editor reflect exception
07-06 16:36:35.024 19629 19629 W DecorViewStubImpl: java.lang.reflect.InvocationTargetException
07-06 16:36:35.024 19629 19629 W DecorViewStubImpl: 	at java.lang.reflect.Method.invoke(Native Method)
07-06 16:36:35.024 19629 19629 W DecorViewStubImpl: 	at com.android.internal.policy.DecorViewStubImpl.createActionMode(DecorViewStubImpl.java:41)
07-06 16:36:35.024 19629 19629 W DecorViewStubImpl: 	at com.android.internal.policy.DecorView.startActionMode(DecorView.java:1011)
07-06 16:36:35.024 19629 19629 W DecorViewStubImpl: 	at com.android.internal.policy.DecorView.startActionModeForChild(DecorView.java:959)
07-06 16:36:35.024 19629 19629 W DecorViewStubImpl: 	at android.view.ViewGroup.startActionModeForChild(ViewGroup.java:1044)
07-06 16:36:35.024 19629 19629 W DecorViewStubImpl: 	at android.view.ViewGroup.startActionModeForChild(ViewGroup.java:1044)
07-06 16:36:35.024 19629 19629 W DecorViewStubImpl: 	at android.view.ViewGroup.startActionModeForChild(ViewGroup.java:1044)
07-06 16:36:35.024 19629 19629 W DecorViewStubImpl: 	at android.view.ViewGroup.startActionModeForChild(ViewGroup.java:1044)
07-06 16:36:35.024 19629 19629 W DecorViewStubImpl: 	at android.view.ViewGroup.startActionModeForChild(ViewGroup.java:1044)
07-06 16:36:35.024 19629 19629 W DecorViewStubImpl: 	at android.view.View.startActionMode(View.java:7744)
07-06 16:36:35.024 19629 19629 W DecorViewStubImpl: 	at com.termux.view.textselection.TextSelectionCursorController.setActionModeCallBacks(TextSelectionCursorController.java:167)
07-06 16:36:35.024 19629 19629 W DecorViewStubImpl: 	at com.termux.view.textselection.TextSelectionCursorController.show(TextSelectionCursorController.java:52)
07-06 16:36:35.024 19629 19629 W DecorViewStubImpl: 	at com.termux.view.TerminalView.showTextSelectionCursors(TerminalView.java:1341)
07-06 16:36:35.024 19629 19629 W DecorViewStubImpl: 	at com.termux.view.TerminalView.startTextSelectionMode(TerminalView.java:1393)
07-06 16:36:35.024 19629 19629 W DecorViewStubImpl: 	at com.termux.view.TerminalView$1.onLongPress(TerminalView.java:249)
07-06 16:36:35.024 19629 19629 W DecorViewStubImpl: 	at com.termux.view.GestureAndScaleRecognizer$1.onLongPress(GestureAndScaleRecognizer.java:55)
07-06 16:36:35.024 19629 19629 W DecorViewStubImpl: 	at android.view.GestureDetector.dispatchLongPress(GestureDetector.java:890)
07-06 16:36:35.024 19629 19629 W DecorViewStubImpl: 	at android.view.GestureDetector.-$$Nest$mdispatchLongPress(GestureDetector.java:0)
07-06 16:36:35.024 19629 19629 W DecorViewStubImpl: 	at android.view.GestureDetector$GestureHandler.handleMessage(GestureDetector.java:324)
07-06 16:36:35.024 19629 19629 W DecorViewStubImpl: 	at android.os.Handler.dispatchMessage(Handler.java:106)
07-06 16:36:35.024 19629 19629 W DecorViewStubImpl: 	at android.os.Looper.loopOnce(Looper.java:211)
07-06 16:36:35.024 19629 19629 W DecorViewStubImpl: 	at android.os.Looper.loop(Looper.java:300)
07-06 16:36:35.024 19629 19629 W DecorViewStubImpl: 	at android.app.ActivityThread.main(ActivityThread.java:8296)
07-06 16:36:35.024 19629 19629 W DecorViewStubImpl: 	at java.lang.reflect.Method.invoke(Native Method)
07-06 16:36:35.024 19629 19629 W DecorViewStubImpl: 	at com.android.internal.os.RuntimeInit$MethodAndArgsCaller.run(RuntimeInit.java:559)
07-06 16:36:35.024 19629 19629 W DecorViewStubImpl: 	at com.android.internal.os.ZygoteInit.main(ZygoteInit.java:954)
07-06 16:36:35.024 19629 19629 W DecorViewStubImpl: Caused by: java.lang.ClassCastException: com.termux.view.TerminalView cannot be cast to android.widget.TextView
07-06 16:36:35.024 19629 19629 W DecorViewStubImpl: 	at miuix.toolbar.internal.ActionView.<init>(ActionView.java:20)
07-06 16:36:35.024 19629 19629 W DecorViewStubImpl: 	at miuix.toolbar.FloatingActionMode.<init>(FloatingActionMode.java:102)
07-06 16:36:35.024 19629 19629 W DecorViewStubImpl: 	at miuix.toolbar.FloatingActionModeHelper.startActionMode(FloatingActionModeHelper.java:24)
07-06 16:36:35.024 19629 19629 W DecorViewStubImpl: 	... 26 more
07-06 16:36:35.049 19629 19629 E FileUtils: err write to mi_exception_log
07-06 16:36:35.065 19629 19629 D VRI[PopupWindow:b45bf71]: vri.reportNextDraw android.view.ViewRootImpl.performTraversals:3779 android.view.ViewRootImpl.doTraversal:2543 android.view.ViewRootImpl$TraversalRunnable.run:9465 android.view.Choreographer$CallbackRecord.run:1451 android.view.Choreographer$CallbackRecord.run:1459 
07-06 16:36:35.065 19629 19629 D VRI[PopupWindow:b45bf71]: vri.Setup new sync id=0 syncSeqId=0
07-06 16:36:35.071 19629  9499 W Parcel  : Expecting binder but got null!
07-06 16:36:35.087 19629 19629 D VRI[PopupWindow:c31fce2]: vri.reportNextDraw android.view.ViewRootImpl.performTraversals:3779 android.view.ViewRootImpl.doTraversal:2543 android.view.ViewRootImpl$TraversalRunnable.run:9465 android.view.Choreographer$CallbackRecord.run:1451 android.view.Choreographer$CallbackRecord.run:1459 
07-06 16:36:35.087 19629 19629 D VRI[PopupWindow:c31fce2]: vri.Setup new sync id=0 syncSeqId=0
07-06 16:36:35.091 19629  9499 W Parcel  : Expecting binder but got null!
07-06 16:36:35.113 19629 19629 D VRI[PopupWindow:9c515de]: vri.reportNextDraw android.view.ViewRootImpl.performTraversals:3779 android.view.ViewRootImpl.doTraversal:2543 android.view.ViewRootImpl$TraversalRunnable.run:9465 android.view.Choreographer$CallbackRecord.run:1451 android.view.Choreographer$CallbackRecord.run:1459 
07-06 16:36:35.113 19629 19629 D VRI[PopupWindow:9c515de]: vri.Setup new sync id=0 syncSeqId=0
07-06 16:36:35.120 19629  9499 W Parcel  : Expecting binder but got null!
07-06 16:36:35.120 19629 19629 E FileUtils: err write to mi_exception_log
07-06 16:36:35.121 19629 19629 D VRI[PopupWindow:9c515de]: vri.reportDrawFinished syncSeqId=0 android.view.ViewRootImpl.lambda$createSyncIfNeeded$4$android-view-ViewRootImpl:3847 android.view.ViewRootImpl$$ExternalSyntheticLambda1.run:6 android.os.Handler.handleCallback:942 android.os.Handler.dispatchMessage:99 android.os.Looper.loopOnce:211 
07-06 16:36:35.121 19629 19629 D VRI[PopupWindow:c31fce2]: vri.reportDrawFinished syncSeqId=0 android.view.ViewRootImpl.lambda$createSyncIfNeeded$4$android-view-ViewRootImpl:3847 android.view.ViewRootImpl$$ExternalSyntheticLambda1.run:6 android.os.Handler.handleCallback:942 android.os.Handler.dispatchMessage:99 android.os.Looper.loopOnce:211 
07-06 16:36:35.122 19629 19629 D VRI[PopupWindow:b45bf71]: vri.reportDrawFinished syncSeqId=0 android.view.ViewRootImpl.lambda$createSyncIfNeeded$4$android-view-ViewRootImpl:3847 android.view.ViewRootImpl$$ExternalSyntheticLambda1.run:6 android.os.Handler.handleCallback:942 android.os.Handler.dispatchMessage:99 android.os.Looper.loopOnce:211 
07-06 16:36:35.137 19629 19629 D VRI[PopupWindow:b45bf71]: vri.reportNextDraw android.view.ViewRootImpl.performTraversals:3779 android.view.ViewRootImpl.doTraversal:2543 android.view.ViewRootImpl$TraversalRunnable.run:9465 android.view.Choreographer$CallbackRecord.run:1451 android.view.Choreographer$CallbackRecord.run:1459 
07-06 16:36:35.137 19629 19629 D VRI[PopupWindow:b45bf71]: vri.Setup new sync id=1 syncSeqId=0
07-06 16:36:35.157 19629 19629 D VRI[PopupWindow:b45bf71]: vri.reportDrawFinished syncSeqId=0 android.view.ViewRootImpl.lambda$createSyncIfNeeded$4$android-view-ViewRootImpl:3847 android.view.ViewRootImpl$$ExternalSyntheticLambda1.run:6 android.os.Handler.handleCallback:942 android.os.Handler.dispatchMessage:99 android.os.Looper.loopOnce:211 
07-06 16:36:35.158 19629 19629 D VRI[PopupWindow:b45bf71]: vri.reportNextDraw android.view.ViewRootImpl.handleResized:1936 android.view.ViewRootImpl.-$$Nest$mhandleResized:0 android.view.ViewRootImpl$ViewRootHandler.handleMessageImpl:5860 android.view.ViewRootImpl$ViewRootHandler.handleMessage:5829 android.os.Handler.dispatchMessage:106 
07-06 16:36:35.159 19629 19629 D VRI[PopupWindow:c31fce2]: vri.reportNextDraw android.view.ViewRootImpl.handleResized:1936 android.view.ViewRootImpl.-$$Nest$mhandleResized:0 android.view.ViewRootImpl$ViewRootHandler.handleMessageImpl:5860 android.view.ViewRootImpl$ViewRootHandler.handleMessage:5829 android.os.Handler.dispatchMessage:106 
07-06 16:36:35.159 19629 19629 D VRI[PopupWindow:9c515de]: vri.reportNextDraw android.view.ViewRootImpl.handleResized:1936 android.view.ViewRootImpl.-$$Nest$mhandleResized:0 android.view.ViewRootImpl$ViewRootHandler.handleMessageImpl:5860 android.view.ViewRootImpl$ViewRootHandler.handleMessage:5829 android.os.Handler.dispatchMessage:106 
07-06 16:36:35.159 19629 19629 D VRI[PopupWindow:b45bf71]: vri.Setup new sync id=2 syncSeqId=0
07-06 16:36:35.165 19629 19629 D VRI[PopupWindow:c31fce2]: vri.Setup new sync id=1 syncSeqId=0
07-06 16:36:35.168 19629 19629 D VRI[PopupWindow:9c515de]: vri.Setup new sync id=1 syncSeqId=0
07-06 16:36:35.173 19629 19629 D VRI[PopupWindow:9c515de]: vri.reportDrawFinished syncSeqId=0 android.view.ViewRootImpl.lambda$createSyncIfNeeded$4$android-view-ViewRootImpl:3847 android.view.ViewRootImpl$$ExternalSyntheticLambda1.run:6 android.os.Handler.handleCallback:942 android.os.Handler.dispatchMessage:99 android.os.Looper.loopOnce:211 
07-06 16:36:35.174 19629 19629 D VRI[PopupWindow:c31fce2]: vri.reportDrawFinished syncSeqId=0 android.view.ViewRootImpl.lambda$createSyncIfNeeded$4$android-view-ViewRootImpl:3847 android.view.ViewRootImpl$$ExternalSyntheticLambda1.run:6 android.os.Handler.handleCallback:942 android.os.Handler.dispatchMessage:99 android.os.Looper.loopOnce:211 
07-06 16:36:35.174 19629 19629 D VRI[PopupWindow:b45bf71]: vri.reportDrawFinished syncSeqId=0 android.view.ViewRootImpl.lambda$createSyncIfNeeded$4$android-view-ViewRootImpl:3847 android.view.ViewRootImpl$$ExternalSyntheticLambda1.run:6 android.os.Handler.handleCallback:942 android.os.Handler.dispatchMessage:99 android.os.Looper.loopOnce:211 
07-06 16:36:37.561 19629  9499 D OpenGLRenderer: endAllActiveAnimators on 0x7c5f8fab00 (RippleDrawable) with handle 0x7c5f723780
07-06 16:36:39.487 19629 19629 E FileUtils: err write to mi_exception_log
07-06 16:36:39.517 19629 19629 D DecorView[]: onWindowFocusChanged hasWindowFocus false
07-06 16:36:40.043 19629 19629 E FileUtils: err write to mi_exception_log
07-06 16:36:40.072 19629 19629 E FileUtils: err write to mi_exception_log
07-06 16:37:03.092 19629  9490 D AppScoutStateMachine: 19629-ScoutStateMachinecreated
07-06 16:37:03.166 19629 19629 E FileUtils: err write to mi_exception_log
07-06 16:37:03.230 19629 19629 D VRI[TermuxActivity]: vri.reportNextDraw android.view.ViewRootImpl.performTraversals:3779 android.view.ViewRootImpl.doTraversal:2543 android.view.ViewRootImpl$TraversalRunnable.run:9465 android.view.Choreographer$CallbackRecord.run:1451 android.view.Choreographer$CallbackRecord.run:1459 
07-06 16:37:03.230 19629 19629 D VRI[TermuxActivity]: vri.Setup new sync id=1 syncSeqId=0
07-06 16:37:03.246 19629 19629 E FileUtils: err write to mi_exception_log
07-06 16:37:03.246 19629 19629 D VRI[TermuxActivity]: vri.reportDrawFinished syncSeqId=0 android.view.ViewRootImpl.lambda$createSyncIfNeeded$4$android-view-ViewRootImpl:3847 android.view.ViewRootImpl$$ExternalSyntheticLambda1.run:6 android.os.Handler.handleCallback:942 android.os.Handler.dispatchMessage:99 android.os.Looper.loopOnce:211 
07-06 16:37:03.278 19629 19629 D DecorView[]: onWindowFocusChanged hasWindowFocus true
07-06 16:37:03.279 19629 19629 I HandWritingStubImpl: refreshLastKeyboardType: 1
07-06 16:37:03.280 19629 19629 I HandWritingStubImpl: getCurrentKeyboardType: 1
07-06 16:37:03.404 19629 19629 W OnBackInvokedCallback: OnBackInvokedCallback is not enabled for the application.
07-06 16:37:03.404 19629 19629 W OnBackInvokedCallback: Set 'android:enableOnBackInvokedCallback="true"' in the application manifest.
07-06 16:37:03.426 19629 13186 D MediaCodecList: codecHandlesFormat: no format, so no extra checks
07-06 16:37:03.426 19629 13186 D MediaCodecList: codecHandlesFormat: no format, so no extra checks
07-06 16:37:03.451 19629 13186 I MediaCodec: init video box disabled for codec not supported
07-06 16:37:03.453 19629 13192 D CCodec  : allocate(c2.android.vorbis.decoder)
07-06 16:37:03.462 19629 19629 D InputMethodManager: showSoftInput() view=com.termux.view.TerminalView{35b37fd VFED.V.L. .F...... 0,0-1064,1952 #7f080191 app:id/terminal_view aid=1073741824} flags=0 reason=SHOW_SOFT_INPUT
07-06 16:37:03.504 19629 13192 I CCodec  : setting up 'default' as default (vendor) store
07-06 16:37:03.515 19629 19629 D InsetsController: show(ime(), fromIme=true)
07-06 16:37:03.574 19629 19629 D InsetsController: show(ime(), fromIme=true)
07-06 16:37:03.578 19629  9499 W RenderInspector: DequeueBuffer time out on com.termux/com.termux.app.TermuxActivity, count=1, avg=9 ms, max=9 ms.
07-06 16:37:03.597 19629  9529 D BufferPoolAccessor2.0: bufferpool2 0x7ccd7f9e28 : 0(0 size) total buffers - 0(0 size) used buffers - 2/7 (recycle/alloc) - 5/24 (fetch/transfer)
07-06 16:37:03.599 19629  9529 D BufferPoolAccessor2.0: Destruction - bufferpool2 0x7ccd7f9e28 cached: 0/0M, 0/0% in use; allocs: 7, 29% recycled; transfers: 24, 79% unfetched
07-06 16:37:03.609 19629 13192 I CCodec  : Created component [c2.android.vorbis.decoder]
07-06 16:37:03.611 19629 13192 D CCodecConfig: read media type: audio/vorbis
07-06 16:37:03.614 19629 13192 D ReflectedParamUpdater: extent() != 1 for single value type: algo.buffers.max-count.values
07-06 16:37:03.616 19629 13192 D ReflectedParamUpdater: extent() != 1 for single value type: output.subscribed-indices.values
07-06 16:37:03.616 19629 13192 D ReflectedParamUpdater: extent() != 1 for single value type: input.buffers.allocator-ids.values
07-06 16:37:03.616 19629 13192 D ReflectedParamUpdater: extent() != 1 for single value type: output.buffers.allocator-ids.values
07-06 16:37:03.617 19629 13192 D ReflectedParamUpdater: extent() != 1 for single value type: algo.buffers.allocator-ids.values
07-06 16:37:03.617 19629 13192 D ReflectedParamUpdater: extent() != 1 for single value type: output.buffers.pool-ids.values
07-06 16:37:03.617 19629 13192 D ReflectedParamUpdater: extent() != 1 for single value type: algo.buffers.pool-ids.values
07-06 16:37:03.621 19629 13192 I CCodecConfig: query failed after returning 7 values (BAD_INDEX)
07-06 16:37:03.621 19629 13192 D CCodecConfig: c2 config diff is Dict {
07-06 16:37:03.621 19629 13192 D CCodecConfig:   c2::u32 coded.bitrate.value = 64000
07-06 16:37:03.621 19629 13192 D CCodecConfig:   c2::u32 input.buffers.max-size.value = 32768
07-06 16:37:03.621 19629 13192 D CCodecConfig:   c2::u32 input.delay.value = 0
07-06 16:37:03.621 19629 13192 D CCodecConfig:   string input.media-type.value = "audio/vorbis"
07-06 16:37:03.621 19629 13192 D CCodecConfig:   string output.media-type.value = "audio/raw"
07-06 16:37:03.621 19629 13192 D CCodecConfig:   c2::u32 raw.channel-count.value = 1
07-06 16:37:03.621 19629 13192 D CCodecConfig:   c2::u32 raw.sample-rate.value = 48000
07-06 16:37:03.621 19629 13192 D CCodecConfig: }
07-06 16:37:03.622 19629 13186 I MediaCodec: fps video to display disabled
07-06 16:37:03.624 19629 13186 I MediaCodec: MediaStub sendMine
07-06 16:37:03.628 19629 13186 D MediaImpl: MediaImpl::sendMine: audio/vorbis
07-06 16:37:03.629 19629 13186 D MediaStub: MediaStub::sendMine audio/vorbis
07-06 16:37:03.629 19629 13186 D MediaCodec: currery video type audio/vorbis
07-06 16:37:03.629 19629 13186 I MediaCodec: MediaStub sendDolbyVision
07-06 16:37:03.629 19629 13186 I MediaCodec: MediaStub sendPackageName
07-06 16:37:03.629 19629 13186 D MediaImpl: MediaImpl::sendPackageName: com.termux
07-06 16:37:03.629 19629 13186 D MediaStub: MediaStub::sendPackageName com.termux
07-06 16:37:03.629 19629 13192 D MediaCodec: flushMediametrics
07-06 16:37:03.631 19629 13192 D CCodec  : [c2.android.vorbis.decoder] buffers are bound to CCodec for this session
07-06 16:37:03.632 19629 13192 D CCodecConfig: no c2 equivalents for durationUs
07-06 16:37:03.632 19629 13192 D CCodecConfig: no c2 equivalents for track-id
07-06 16:37:03.632 19629 13192 D CCodecConfig: no c2 equivalents for csd-1
07-06 16:37:03.632 19629 13192 D CCodecConfig: no c2 equivalents for language
07-06 16:37:03.632 19629 13192 D CCodecConfig: no c2 equivalents for file-format
07-06 16:37:03.632 19629 13192 D CCodecConfig: no c2 equivalents for flags
07-06 16:37:03.633 19629 13192 D CCodecConfig: config failed => CORRUPTED
07-06 16:37:03.634 19629 13192 D CCodecConfig: c2 config diff is   c2::u32 coded.bitrate.value = 96000
07-06 16:37:03.634 19629 13192 D CCodecConfig:   c2::u32 raw.sample-rate.value = 44100
07-06 16:37:03.635 19629 13192 W Codec2Client: query -- param skipped: index = 1107298332.
07-06 16:37:03.635 19629 13192 D CCodec  : encoding statistics level = 0
07-06 16:37:03.635 19629 13192 D CCodec  : setup formats input: AMessage(what = 0x00000000) = {
07-06 16:37:03.635 19629 13192 D CCodec  :   int32_t bitrate = 96000
07-06 16:37:03.635 19629 13192 D CCodec  :   int32_t channel-count = 1
07-06 16:37:03.635 19629 13192 D CCodec  :   int32_t max-input-size = 65307
07-06 16:37:03.635 19629 13192 D CCodec  :   string mime = "audio/vorbis"
07-06 16:37:03.635 19629 13192 D CCodec  :   int32_t sample-rate = 44100
07-06 16:37:03.635 19629 13192 D CCodec  : }
07-06 16:37:03.635 19629 13192 D CCodec  : setup formats output: AMessage(what = 0x00000000) = {
07-06 16:37:03.635 19629 13192 D CCodec  :   int32_t channel-count = 1
07-06 16:37:03.635 19629 13192 D CCodec  :   string mime = "audio/raw"
07-06 16:37:03.635 19629 13192 D CCodec  :   int32_t sample-rate = 44100
07-06 16:37:03.635 19629 13192 D CCodec  :   int32_t android._config-pcm-encoding = 2
07-06 16:37:03.635 19629 13192 D CCodec  : }
07-06 16:37:03.635 19629 13192 I CCodecConfig: query failed after returning 7 values (BAD_INDEX)
07-06 16:37:03.637 19629 13192 W Codec2Client: query -- param skipped: index = 1342179345.
07-06 16:37:03.637 19629 13192 W Codec2Client: query -- param skipped: index = 2415921170.
07-06 16:37:03.638 19629 13192 D CCodecBufferChannel: [c2.android.vorbis.decoder#984] Created input block pool with allocatorID 16 => poolID 18 - OK (0)
07-06 16:37:03.642 19629 13192 I CCodecBufferChannel: [c2.android.vorbis.decoder#984] Created output block pool with allocatorID 16 => poolID 298 - OK
07-06 16:37:03.642 19629 13192 D CCodecBufferChannel: [c2.android.vorbis.decoder#984] Configured output block pool ids 298 => OK
07-06 16:37:03.644 19629 13192 D CCodecBufferChannel: [c2.android.vorbis.decoder#984] start: updating output delay 0
07-06 16:37:03.729 19629 13192 D CCodecBufferChannel: [c2.android.vorbis.decoder#984] MediaCodec discarded an unknown buffer
07-06 16:37:03.729 19629 13192 D CCodecBufferChannel: [c2.android.vorbis.decoder#984] MediaCodec discarded an unknown buffer
07-06 16:37:03.735 19629 13192 I hw-BpHwBinder: onLastStrongRef automatically unlinking death recipients
07-06 16:37:03.738 19629 13192 I MediaCodec: MediaStub sendHdrInfo/sendFrameRateFloatCal/updateFrcAieAisState
07-06 16:37:03.738 19629 13192 D MediaImpl: FRC not support: valueSupport : 
07-06 16:37:03.738 19629 13192 D MediaImpl: AIE not support: valueSupport : 
07-06 16:37:03.738 19629 13192 D MediaImpl: AIS not support: valueSupport : 
07-06 16:37:03.739 19629 13186 D MediaCodec: flushMediametrics
07-06 16:37:04.398 19629 19629 W DecorViewStubImpl: try catch editor reflect exception
07-06 16:37:04.398 19629 19629 W DecorViewStubImpl: java.lang.reflect.InvocationTargetException
07-06 16:37:04.398 19629 19629 W DecorViewStubImpl: 	at java.lang.reflect.Method.invoke(Native Method)
07-06 16:37:04.398 19629 19629 W DecorViewStubImpl: 	at com.android.internal.policy.DecorViewStubImpl.createActionMode(DecorViewStubImpl.java:41)
07-06 16:37:04.398 19629 19629 W DecorViewStubImpl: 	at com.android.internal.policy.DecorView.startActionMode(DecorView.java:1011)
07-06 16:37:04.398 19629 19629 W DecorViewStubImpl: 	at com.android.internal.policy.DecorView.startActionModeForChild(DecorView.java:959)
07-06 16:37:04.398 19629 19629 W DecorViewStubImpl: 	at android.view.ViewGroup.startActionModeForChild(ViewGroup.java:1044)
07-06 16:37:04.398 19629 19629 W DecorViewStubImpl: 	at android.view.ViewGroup.startActionModeForChild(ViewGroup.java:1044)
07-06 16:37:04.398 19629 19629 W DecorViewStubImpl: 	at android.view.ViewGroup.startActionModeForChild(ViewGroup.java:1044)
07-06 16:37:04.398 19629 19629 W DecorViewStubImpl: 	at android.view.ViewGroup.startActionModeForChild(ViewGroup.java:1044)
07-06 16:37:04.398 19629 19629 W DecorViewStubImpl: 	at android.view.ViewGroup.startActionModeForChild(ViewGroup.java:1044)
07-06 16:37:04.398 19629 19629 W DecorViewStubImpl: 	at android.view.View.startActionMode(View.java:7744)
07-06 16:37:04.398 19629 19629 W DecorViewStubImpl: 	at com.termux.view.textselection.TextSelectionCursorController.setActionModeCallBacks(TextSelectionCursorController.java:167)
07-06 16:37:04.398 19629 19629 W DecorViewStubImpl: 	at com.termux.view.textselection.TextSelectionCursorController.show(TextSelectionCursorController.java:52)
07-06 16:37:04.398 19629 19629 W DecorViewStubImpl: 	at com.termux.view.TerminalView.showTextSelectionCursors(TerminalView.java:1341)
07-06 16:37:04.398 19629 19629 W DecorViewStubImpl: 	at com.termux.view.TerminalView.startTextSelectionMode(TerminalView.java:1393)
07-06 16:37:04.398 19629 19629 W DecorViewStubImpl: 	at com.termux.view.TerminalView$1.onLongPress(TerminalView.java:249)
07-06 16:37:04.398 19629 19629 W DecorViewStubImpl: 	at com.termux.view.GestureAndScaleRecognizer$1.onLongPress(GestureAndScaleRecognizer.java:55)
07-06 16:37:04.398 19629 19629 W DecorViewStubImpl: 	at android.view.GestureDetector.dispatchLongPress(GestureDetector.java:890)
07-06 16:37:04.398 19629 19629 W DecorViewStubImpl: 	at android.view.GestureDetector.-$$Nest$mdispatchLongPress(GestureDetector.java:0)
07-06 16:37:04.398 19629 19629 W DecorViewStubImpl: 	at android.view.GestureDetector$GestureHandler.handleMessage(GestureDetector.java:324)
07-06 16:37:04.398 19629 19629 W DecorViewStubImpl: 	at android.os.Handler.dispatchMessage(Handler.java:106)
07-06 16:37:04.398 19629 19629 W DecorViewStubImpl: 	at android.os.Looper.loopOnce(Looper.java:211)
07-06 16:37:04.398 19629 19629 W DecorViewStubImpl: 	at android.os.Looper.loop(Looper.java:300)
07-06 16:37:04.398 19629 19629 W DecorViewStubImpl: 	at android.app.ActivityThread.main(ActivityThread.java:8296)
07-06 16:37:04.398 19629 19629 W DecorViewStubImpl: 	at java.lang.reflect.Method.invoke(Native Method)
07-06 16:37:04.398 19629 19629 W DecorViewStubImpl: 	at com.android.internal.os.RuntimeInit$MethodAndArgsCaller.run(RuntimeInit.java:559)
07-06 16:37:04.398 19629 19629 W DecorViewStubImpl: 	at com.android.internal.os.ZygoteInit.main(ZygoteInit.java:954)
07-06 16:37:04.398 19629 19629 W DecorViewStubImpl: Caused by: java.lang.ClassCastException: com.termux.view.TerminalView cannot be cast to android.widget.TextView
07-06 16:37:04.398 19629 19629 W DecorViewStubImpl: 	at miuix.toolbar.internal.ActionView.<init>(ActionView.java:20)
07-06 16:37:04.398 19629 19629 W DecorViewStubImpl: 	at miuix.toolbar.FloatingActionMode.<init>(FloatingActionMode.java:102)
07-06 16:37:04.398 19629 19629 W DecorViewStubImpl: 	at miuix.toolbar.FloatingActionModeHelper.startActionMode(FloatingActionModeHelper.java:24)
07-06 16:37:04.398 19629 19629 W DecorViewStubImpl: 	... 26 more
07-06 16:37:04.426 19629 19629 D VRI[PopupWindow:5e02413]: vri.reportNextDraw android.view.ViewRootImpl.performTraversals:3779 android.view.ViewRootImpl.doTraversal:2543 android.view.ViewRootImpl$TraversalRunnable.run:9465 android.view.Choreographer$CallbackRecord.run:1451 android.view.Choreographer$CallbackRecord.run:1459 
07-06 16:37:04.426 19629 19629 D VRI[PopupWindow:5e02413]: vri.Setup new sync id=0 syncSeqId=0
07-06 16:37:04.428 19629  9499 W Parcel  : Expecting binder but got null!
07-06 16:37:04.438 19629 19629 D VRI[PopupWindow:f2b877c]: vri.reportNextDraw android.view.ViewRootImpl.performTraversals:3779 android.view.ViewRootImpl.doTraversal:2543 android.view.ViewRootImpl$TraversalRunnable.run:9465 android.view.Choreographer$CallbackRecord.run:1451 android.view.Choreographer$CallbackRecord.run:1459 
07-06 16:37:04.438 19629 19629 D VRI[PopupWindow:f2b877c]: vri.Setup new sync id=0 syncSeqId=0
07-06 16:37:04.440 19629  9499 W Parcel  : Expecting binder but got null!
07-06 16:37:04.453 19629 19629 D VRI[PopupWindow:675b298]: vri.reportNextDraw android.view.ViewRootImpl.performTraversals:3779 android.view.ViewRootImpl.doTraversal:2543 android.view.ViewRootImpl$TraversalRunnable.run:9465 android.view.Choreographer$CallbackRecord.run:1451 android.view.Choreographer$CallbackRecord.run:1459 
07-06 16:37:04.453 19629 19629 D VRI[PopupWindow:675b298]: vri.Setup new sync id=0 syncSeqId=0
07-06 16:37:04.456 19629  9499 W Parcel  : Expecting binder but got null!
07-06 16:37:04.456 19629 19629 D VRI[PopupWindow:675b298]: vri.reportDrawFinished syncSeqId=0 android.view.ViewRootImpl.lambda$createSyncIfNeeded$4$android-view-ViewRootImpl:3847 android.view.ViewRootImpl$$ExternalSyntheticLambda1.run:6 android.os.Handler.handleCallback:942 android.os.Handler.dispatchMessage:99 android.os.Looper.loopOnce:211 
07-06 16:37:04.456 19629 19629 D VRI[PopupWindow:f2b877c]: vri.reportDrawFinished syncSeqId=0 android.view.ViewRootImpl.lambda$createSyncIfNeeded$4$android-view-ViewRootImpl:3847 android.view.ViewRootImpl$$ExternalSyntheticLambda1.run:6 android.os.Handler.handleCallback:942 android.os.Handler.dispatchMessage:99 android.os.Looper.loopOnce:211 
07-06 16:37:04.456 19629 19629 D VRI[PopupWindow:5e02413]: vri.reportDrawFinished syncSeqId=0 android.view.ViewRootImpl.lambda$createSyncIfNeeded$4$android-view-ViewRootImpl:3847 android.view.ViewRootImpl$$ExternalSyntheticLambda1.run:6 android.os.Handler.handleCallback:942 android.os.Handler.dispatchMessage:99 android.os.Looper.loopOnce:211 
07-06 16:37:04.467 19629 19629 D VRI[PopupWindow:5e02413]: vri.reportNextDraw android.view.ViewRootImpl.performTraversals:3779 android.view.ViewRootImpl.doTraversal:2543 android.view.ViewRootImpl$TraversalRunnable.run:9465 android.view.Choreographer$CallbackRecord.run:1451 android.view.Choreographer$CallbackRecord.run:1459 
07-06 16:37:04.467 19629 19629 D VRI[PopupWindow:5e02413]: vri.Setup new sync id=1 syncSeqId=0
07-06 16:37:04.479 19629 19629 D VRI[PopupWindow:5e02413]: vri.reportDrawFinished syncSeqId=0 android.view.ViewRootImpl.lambda$createSyncIfNeeded$4$android-view-ViewRootImpl:3847 android.view.ViewRootImpl$$ExternalSyntheticLambda1.run:6 android.os.Handler.handleCallback:942 android.os.Handler.dispatchMessage:99 android.os.Looper.loopOnce:211 
07-06 16:37:04.480 19629 19629 D VRI[PopupWindow:5e02413]: vri.reportNextDraw android.view.ViewRootImpl.handleResized:1936 android.view.ViewRootImpl.-$$Nest$mhandleResized:0 android.view.ViewRootImpl$ViewRootHandler.handleMessageImpl:5860 android.view.ViewRootImpl$ViewRootHandler.handleMessage:5829 android.os.Handler.dispatchMessage:106 
07-06 16:37:04.480 19629 19629 D VRI[PopupWindow:f2b877c]: vri.reportNextDraw android.view.ViewRootImpl.handleResized:1936 android.view.ViewRootImpl.-$$Nest$mhandleResized:0 android.view.ViewRootImpl$ViewRootHandler.handleMessageImpl:5860 android.view.ViewRootImpl$ViewRootHandler.handleMessage:5829 android.os.Handler.dispatchMessage:106 
07-06 16:37:04.480 19629 19629 D VRI[PopupWindow:675b298]: vri.reportNextDraw android.view.ViewRootImpl.handleResized:1936 android.view.ViewRootImpl.-$$Nest$mhandleResized:0 android.view.ViewRootImpl$ViewRootHandler.handleMessageImpl:5860 android.view.ViewRootImpl$ViewRootHandler.handleMessage:5829 android.os.Handler.dispatchMessage:106 
07-06 16:37:04.480 19629 19629 D VRI[PopupWindow:5e02413]: vri.Setup new sync id=2 syncSeqId=0
07-06 16:37:04.482 19629 19629 D VRI[PopupWindow:f2b877c]: vri.Setup new sync id=1 syncSeqId=0
07-06 16:37:04.484 19629 19629 D VRI[PopupWindow:675b298]: vri.Setup new sync id=1 syncSeqId=0
07-06 16:37:04.486 19629 19629 D VRI[PopupWindow:675b298]: vri.reportDrawFinished syncSeqId=0 android.view.ViewRootImpl.lambda$createSyncIfNeeded$4$android-view-ViewRootImpl:3847 android.view.ViewRootImpl$$ExternalSyntheticLambda1.run:6 android.os.Handler.handleCallback:942 android.os.Handler.dispatchMessage:99 android.os.Looper.loopOnce:211 
07-06 16:37:04.486 19629 19629 D VRI[PopupWindow:f2b877c]: vri.reportDrawFinished syncSeqId=0 android.view.ViewRootImpl.lambda$createSyncIfNeeded$4$android-view-ViewRootImpl:3847 android.view.ViewRootImpl$$ExternalSyntheticLambda1.run:6 android.os.Handler.handleCallback:942 android.os.Handler.dispatchMessage:99 android.os.Looper.loopOnce:211 
07-06 16:37:04.486 19629 19629 D VRI[PopupWindow:5e02413]: vri.reportDrawFinished syncSeqId=0 android.view.ViewRootImpl.lambda$createSyncIfNeeded$4$android-view-ViewRootImpl:3847 android.view.ViewRootImpl$$ExternalSyntheticLambda1.run:6 android.os.Handler.handleCallback:942 android.os.Handler.dispatchMessage:99 android.os.Looper.loopOnce:211 
07-06 16:37:05.877 19629  9499 D OpenGLRenderer: endAllActiveAnimators on 0x7c5f9cb100 (RippleDrawable) with handle 0x7c5f723ea0
07-06 16:37:07.460 19629 19629 W DecorViewStubImpl: try catch editor reflect exception
07-06 16:37:07.460 19629 19629 W DecorViewStubImpl: java.lang.reflect.InvocationTargetException
07-06 16:37:07.460 19629 19629 W DecorViewStubImpl: 	at java.lang.reflect.Method.invoke(Native Method)
07-06 16:37:07.460 19629 19629 W DecorViewStubImpl: 	at com.android.internal.policy.DecorViewStubImpl.createActionMode(DecorViewStubImpl.java:41)
07-06 16:37:07.460 19629 19629 W DecorViewStubImpl: 	at com.android.internal.policy.DecorView.startActionMode(DecorView.java:1011)
07-06 16:37:07.460 19629 19629 W DecorViewStubImpl: 	at com.android.internal.policy.DecorView.startActionModeForChild(DecorView.java:959)
07-06 16:37:07.460 19629 19629 W DecorViewStubImpl: 	at android.view.ViewGroup.startActionModeForChild(ViewGroup.java:1044)
07-06 16:37:07.460 19629 19629 W DecorViewStubImpl: 	at android.view.ViewGroup.startActionModeForChild(ViewGroup.java:1044)
07-06 16:37:07.460 19629 19629 W DecorViewStubImpl: 	at android.view.ViewGroup.startActionModeForChild(ViewGroup.java:1044)
07-06 16:37:07.460 19629 19629 W DecorViewStubImpl: 	at android.view.ViewGroup.startActionModeForChild(ViewGroup.java:1044)
07-06 16:37:07.460 19629 19629 W DecorViewStubImpl: 	at android.view.ViewGroup.startActionModeForChild(ViewGroup.java:1044)
07-06 16:37:07.460 19629 19629 W DecorViewStubImpl: 	at android.view.View.startActionMode(View.java:7744)
07-06 16:37:07.460 19629 19629 W DecorViewStubImpl: 	at com.termux.view.textselection.TextSelectionCursorController.setActionModeCallBacks(TextSelectionCursorController.java:167)
07-06 16:37:07.460 19629 19629 W DecorViewStubImpl: 	at com.termux.view.textselection.TextSelectionCursorController.show(TextSelectionCursorController.java:52)
07-06 16:37:07.460 19629 19629 W DecorViewStubImpl: 	at com.termux.view.TerminalView.showTextSelectionCursors(TerminalView.java:1341)
07-06 16:37:07.460 19629 19629 W DecorViewStubImpl: 	at com.termux.view.TerminalView.startTextSelectionMode(TerminalView.java:1393)
07-06 16:37:07.460 19629 19629 W DecorViewStubImpl: 	at com.termux.view.TerminalView$1.onLongPress(TerminalView.java:249)
07-06 16:37:07.460 19629 19629 W DecorViewStubImpl: 	at com.termux.view.GestureAndScaleRecognizer$1.onLongPress(GestureAndScaleRecognizer.java:55)
07-06 16:37:07.460 19629 19629 W DecorViewStubImpl: 	at android.view.GestureDetector.dispatchLongPress(GestureDetector.java:890)
07-06 16:37:07.460 19629 19629 W DecorViewStubImpl: 	at android.view.GestureDetector.-$$Nest$mdispatchLongPress(GestureDetector.java:0)
07-06 16:37:07.460 19629 19629 W DecorViewStubImpl: 	at android.view.GestureDetector$GestureHandler.handleMessage(GestureDetector.java:324)
07-06 16:37:07.460 19629 19629 W DecorViewStubImpl: 	at android.os.Handler.dispatchMessage(Handler.java:106)
07-06 16:37:07.460 19629 19629 W DecorViewStubImpl: 	at android.os.Looper.loopOnce(Looper.java:211)
07-06 16:37:07.460 19629 19629 W DecorViewStubImpl: 	at android.os.Looper.loop(Looper.java:300)
07-06 16:37:07.460 19629 19629 W DecorViewStubImpl: 	at android.app.ActivityThread.main(ActivityThread.java:8296)
07-06 16:37:07.460 19629 19629 W DecorViewStubImpl: 	at java.lang.reflect.Method.invoke(Native Method)
07-06 16:37:07.460 19629 19629 W DecorViewStubImpl: 	at com.android.internal.os.RuntimeInit$MethodAndArgsCaller.run(RuntimeInit.java:559)
07-06 16:37:07.460 19629 19629 W DecorViewStubImpl: 	at com.android.internal.os.ZygoteInit.main(ZygoteInit.java:954)
07-06 16:37:07.460 19629 19629 W DecorViewStubImpl: Caused by: java.lang.ClassCastException: com.termux.view.TerminalView cannot be cast to android.widget.TextView
07-06 16:37:07.460 19629 19629 W DecorViewStubImpl: 	at miuix.toolbar.internal.ActionView.<init>(ActionView.java:20)
07-06 16:37:07.460 19629 19629 W DecorViewStubImpl: 	at miuix.toolbar.FloatingActionMode.<init>(FloatingActionMode.java:102)
07-06 16:37:07.460 19629 19629 W DecorViewStubImpl: 	at miuix.toolbar.FloatingActionModeHelper.startActionMode(FloatingActionModeHelper.java:24)
07-06 16:37:07.460 19629 19629 W DecorViewStubImpl: 	... 26 more
07-06 16:37:07.498 19629 19629 D VRI[PopupWindow:dafac99]: vri.reportNextDraw android.view.ViewRootImpl.performTraversals:3779 android.view.ViewRootImpl.doTraversal:2543 android.view.ViewRootImpl$TraversalRunnable.run:9465 android.view.Choreographer$CallbackRecord.run:1451 android.view.Choreographer$CallbackRecord.run:1459 
07-06 16:37:07.498 19629 19629 D VRI[PopupWindow:dafac99]: vri.Setup new sync id=0 syncSeqId=0
07-06 16:37:07.502 19629  9499 W Parcel  : Expecting binder but got null!
07-06 16:37:07.515 19629 19629 D VRI[PopupWindow:84abf6a]: vri.reportNextDraw android.view.ViewRootImpl.performTraversals:3779 android.view.ViewRootImpl.doTraversal:2543 android.view.ViewRootImpl$TraversalRunnable.run:9465 android.view.Choreographer$CallbackRecord.run:1451 android.view.Choreographer$CallbackRecord.run:1459 
07-06 16:37:07.515 19629 19629 D VRI[PopupWindow:84abf6a]: vri.Setup new sync id=0 syncSeqId=0
07-06 16:37:07.521 19629  9499 W Parcel  : Expecting binder but got null!
07-06 16:37:07.543 19629 19629 D VRI[PopupWindow:a9e4ae6]: vri.reportNextDraw android.view.ViewRootImpl.performTraversals:3779 android.view.ViewRootImpl.doTraversal:2543 android.view.ViewRootImpl$TraversalRunnable.run:9465 android.view.Choreographer$CallbackRecord.run:1451 android.view.Choreographer$CallbackRecord.run:1459 
07-06 16:37:07.543 19629 19629 D VRI[PopupWindow:a9e4ae6]: vri.Setup new sync id=0 syncSeqId=0
07-06 16:37:07.547 19629  9499 W Parcel  : Expecting binder but got null!
07-06 16:37:07.547 19629 19629 E FileUtils: err write to mi_exception_log
07-06 16:37:07.548 19629 19629 D VRI[PopupWindow:a9e4ae6]: vri.reportDrawFinished syncSeqId=0 android.view.ViewRootImpl.lambda$createSyncIfNeeded$4$android-view-ViewRootImpl:3847 android.view.ViewRootImpl$$ExternalSyntheticLambda1.run:6 android.os.Handler.handleCallback:942 android.os.Handler.dispatchMessage:99 android.os.Looper.loopOnce:211 
