07-06 16:37:07.548 19629 19629 D VRI[PopupWindow:84abf6a]: vri.reportDrawFinished syncSeqId=0 android.view.ViewRootImpl.lambda$createSyncIfNeeded$4$android-view-ViewRootImpl:3847 android.view.ViewRootImpl$$ExternalSyntheticLambda1.run:6 android.os.Handler.handleCallback:942 android.os.Handler.dispatchMessage:99 android.os.Looper.loopOnce:211 
07-06 16:37:07.549 19629 19629 D VRI[PopupWindow:dafac99]: vri.reportDrawFinished syncSeqId=0 android.view.ViewRootImpl.lambda$createSyncIfNeeded$4$android-view-ViewRootImpl:3847 android.view.ViewRootImpl$$ExternalSyntheticLambda1.run:6 android.os.Handler.handleCallback:942 android.os.Handler.dispatchMessage:99 android.os.Looper.loopOnce:211 
07-06 16:37:07.559 19629 19629 D VRI[PopupWindow:dafac99]: vri.reportNextDraw android.view.ViewRootImpl.performTraversals:3779 android.view.ViewRootImpl.doTraversal:2543 android.view.ViewRootImpl$TraversalRunnable.run:9465 android.view.Choreographer$CallbackRecord.run:1451 android.view.Choreographer$CallbackRecord.run:1459 
07-06 16:37:07.559 19629 19629 D VRI[PopupWindow:dafac99]: vri.Setup new sync id=1 syncSeqId=0
07-06 16:37:07.579 19629 19629 D VRI[PopupWindow:dafac99]: vri.reportDrawFinished syncSeqId=0 android.view.ViewRootImpl.lambda$createSyncIfNeeded$4$android-view-ViewRootImpl:3847 android.view.ViewRootImpl$$ExternalSyntheticLambda1.run:6 android.os.Handler.handleCallback:942 android.os.Handler.dispatchMessage:99 android.os.Looper.loopOnce:211 
07-06 16:37:07.580 19629 19629 D VRI[PopupWindow:dafac99]: vri.reportNextDraw android.view.ViewRootImpl.handleResized:1936 android.view.ViewRootImpl.-$$Nest$mhandleResized:0 android.view.ViewRootImpl$ViewRootHandler.handleMessageImpl:5860 android.view.ViewRootImpl$ViewRootHandler.handleMessage:5829 android.os.Handler.dispatchMessage:106 
07-06 16:37:07.581 19629 19629 D VRI[PopupWindow:84abf6a]: vri.reportNextDraw android.view.ViewRootImpl.handleResized:1936 android.view.ViewRootImpl.-$$Nest$mhandleResized:0 android.view.ViewRootImpl$ViewRootHandler.handleMessageImpl:5860 android.view.ViewRootImpl$ViewRootHandler.handleMessage:5829 android.os.Handler.dispatchMessage:106 
07-06 16:37:07.581 19629 19629 D VRI[PopupWindow:a9e4ae6]: vri.reportNextDraw android.view.ViewRootImpl.handleResized:1936 android.view.ViewRootImpl.-$$Nest$mhandleResized:0 android.view.ViewRootImpl$ViewRootHandler.handleMessageImpl:5860 android.view.ViewRootImpl$ViewRootHandler.handleMessage:5829 android.os.Handler.dispatchMessage:106 
07-06 16:37:07.582 19629 19629 D VRI[PopupWindow:dafac99]: vri.Setup new sync id=2 syncSeqId=0
07-06 16:37:07.585 19629 19629 D VRI[PopupWindow:84abf6a]: vri.Setup new sync id=1 syncSeqId=0
07-06 16:37:07.587 19629 19629 D VRI[PopupWindow:a9e4ae6]: vri.Setup new sync id=1 syncSeqId=0
07-06 16:37:07.589 19629 19629 D VRI[PopupWindow:a9e4ae6]: vri.reportDrawFinished syncSeqId=0 android.view.ViewRootImpl.lambda$createSyncIfNeeded$4$android-view-ViewRootImpl:3847 android.view.ViewRootImpl$$ExternalSyntheticLambda1.run:6 android.os.Handler.handleCallback:942 android.os.Handler.dispatchMessage:99 android.os.Looper.loopOnce:211 
07-06 16:37:07.589 19629 19629 D VRI[PopupWindow:84abf6a]: vri.reportDrawFinished syncSeqId=0 android.view.ViewRootImpl.lambda$createSyncIfNeeded$4$android-view-ViewRootImpl:3847 android.view.ViewRootImpl$$ExternalSyntheticLambda1.run:6 android.os.Handler.handleCallback:942 android.os.Handler.dispatchMessage:99 android.os.Looper.loopOnce:211 
07-06 16:37:07.590 19629 19629 D VRI[PopupWindow:dafac99]: vri.reportDrawFinished syncSeqId=0 android.view.ViewRootImpl.lambda$createSyncIfNeeded$4$android-view-ViewRootImpl:3847 android.view.ViewRootImpl$$ExternalSyntheticLambda1.run:6 android.os.Handler.handleCallback:942 android.os.Handler.dispatchMessage:99 android.os.Looper.loopOnce:211 
07-06 16:37:08.600 19629  9528 D BufferPoolAccessor2.0: evictor expired: 1, evicted: 0
07-06 16:37:08.969 19629  9499 D OpenGLRenderer: endAllActiveAnimators on 0x7c5fa64300 (RippleDrawable) with handle 0x7c5f7235a0
07-06 16:37:09.600 19629  9528 D BufferPoolAccessor2.0: bufferpool2 0x7cdb704c28 : 0(0 size) total buffers - 0(0 size) used buffers - 2/7 (recycle/alloc) - 5/24 (fetch/transfer)
07-06 16:37:09.600 19629  9528 D BufferPoolAccessor2.0: evictor expired: 1, evicted: 1
07-06 16:37:10.456 19629 19629 W DecorViewStubImpl: try catch editor reflect exception
07-06 16:37:10.456 19629 19629 W DecorViewStubImpl: java.lang.reflect.InvocationTargetException
07-06 16:37:10.456 19629 19629 W DecorViewStubImpl: 	at java.lang.reflect.Method.invoke(Native Method)
07-06 16:37:10.456 19629 19629 W DecorViewStubImpl: 	at com.android.internal.policy.DecorViewStubImpl.createActionMode(DecorViewStubImpl.java:41)
07-06 16:37:10.456 19629 19629 W DecorViewStubImpl: 	at com.android.internal.policy.DecorView.startActionMode(DecorView.java:1011)
07-06 16:37:10.456 19629 19629 W DecorViewStubImpl: 	at com.android.internal.policy.DecorView.startActionModeForChild(DecorView.java:959)
07-06 16:37:10.456 19629 19629 W DecorViewStubImpl: 	at android.view.ViewGroup.startActionModeForChild(ViewGroup.java:1044)
07-06 16:37:10.456 19629 19629 W DecorViewStubImpl: 	at android.view.ViewGroup.startActionModeForChild(ViewGroup.java:1044)
07-06 16:37:10.456 19629 19629 W DecorViewStubImpl: 	at android.view.ViewGroup.startActionModeForChild(ViewGroup.java:1044)
07-06 16:37:10.456 19629 19629 W DecorViewStubImpl: 	at android.view.ViewGroup.startActionModeForChild(ViewGroup.java:1044)
07-06 16:37:10.456 19629 19629 W DecorViewStubImpl: 	at android.view.ViewGroup.startActionModeForChild(ViewGroup.java:1044)
07-06 16:37:10.456 19629 19629 W DecorViewStubImpl: 	at android.view.View.startActionMode(View.java:7744)
07-06 16:37:10.456 19629 19629 W DecorViewStubImpl: 	at com.termux.view.textselection.TextSelectionCursorController.setActionModeCallBacks(TextSelectionCursorController.java:167)
07-06 16:37:10.456 19629 19629 W DecorViewStubImpl: 	at com.termux.view.textselection.TextSelectionCursorController.show(TextSelectionCursorController.java:52)
07-06 16:37:10.456 19629 19629 W DecorViewStubImpl: 	at com.termux.view.TerminalView.showTextSelectionCursors(TerminalView.java:1341)
07-06 16:37:10.456 19629 19629 W DecorViewStubImpl: 	at com.termux.view.TerminalView.startTextSelectionMode(TerminalView.java:1393)
07-06 16:37:10.456 19629 19629 W DecorViewStubImpl: 	at com.termux.view.TerminalView$1.onLongPress(TerminalView.java:249)
07-06 16:37:10.456 19629 19629 W DecorViewStubImpl: 	at com.termux.view.GestureAndScaleRecognizer$1.onLongPress(GestureAndScaleRecognizer.java:55)
07-06 16:37:10.456 19629 19629 W DecorViewStubImpl: 	at android.view.GestureDetector.dispatchLongPress(GestureDetector.java:890)
07-06 16:37:10.456 19629 19629 W DecorViewStubImpl: 	at android.view.GestureDetector.-$$Nest$mdispatchLongPress(GestureDetector.java:0)
07-06 16:37:10.456 19629 19629 W DecorViewStubImpl: 	at android.view.GestureDetector$GestureHandler.handleMessage(GestureDetector.java:324)
07-06 16:37:10.456 19629 19629 W DecorViewStubImpl: 	at android.os.Handler.dispatchMessage(Handler.java:106)
07-06 16:37:10.456 19629 19629 W DecorViewStubImpl: 	at android.os.Looper.loopOnce(Looper.java:211)
07-06 16:37:10.456 19629 19629 W DecorViewStubImpl: 	at android.os.Looper.loop(Looper.java:300)
07-06 16:37:10.456 19629 19629 W DecorViewStubImpl: 	at android.app.ActivityThread.main(ActivityThread.java:8296)
07-06 16:37:10.456 19629 19629 W DecorViewStubImpl: 	at java.lang.reflect.Method.invoke(Native Method)
07-06 16:37:10.456 19629 19629 W DecorViewStubImpl: 	at com.android.internal.os.RuntimeInit$MethodAndArgsCaller.run(RuntimeInit.java:559)
07-06 16:37:10.456 19629 19629 W DecorViewStubImpl: 	at com.android.internal.os.ZygoteInit.main(ZygoteInit.java:954)
07-06 16:37:10.456 19629 19629 W DecorViewStubImpl: Caused by: java.lang.ClassCastException: com.termux.view.TerminalView cannot be cast to android.widget.TextView
07-06 16:37:10.456 19629 19629 W DecorViewStubImpl: 	at miuix.toolbar.internal.ActionView.<init>(ActionView.java:20)
07-06 16:37:10.456 19629 19629 W DecorViewStubImpl: 	at miuix.toolbar.FloatingActionMode.<init>(FloatingActionMode.java:102)
07-06 16:37:10.456 19629 19629 W DecorViewStubImpl: 	at miuix.toolbar.FloatingActionModeHelper.startActionMode(FloatingActionModeHelper.java:24)
07-06 16:37:10.456 19629 19629 W DecorViewStubImpl: 	... 26 more
07-06 16:37:10.483 19629 19629 E FileUtils: err write to mi_exception_log
07-06 16:37:10.498 19629 19629 D VRI[PopupWindow:1fa640f]: vri.reportNextDraw android.view.ViewRootImpl.performTraversals:3779 android.view.ViewRootImpl.doTraversal:2543 android.view.ViewRootImpl$TraversalRunnable.run:9465 android.view.Choreographer$CallbackRecord.run:1451 android.view.Choreographer$CallbackRecord.run:1459 
07-06 16:37:10.498 19629 19629 D VRI[PopupWindow:1fa640f]: vri.Setup new sync id=0 syncSeqId=0
07-06 16:37:10.504 19629  9499 W Parcel  : Expecting binder but got null!
07-06 16:37:10.517 19629 19629 D VRI[PopupWindow:4e7a688]: vri.reportNextDraw android.view.ViewRootImpl.performTraversals:3779 android.view.ViewRootImpl.doTraversal:2543 android.view.ViewRootImpl$TraversalRunnable.run:9465 android.view.Choreographer$CallbackRecord.run:1451 android.view.Choreographer$CallbackRecord.run:1459 
07-06 16:37:10.517 19629 19629 D VRI[PopupWindow:4e7a688]: vri.Setup new sync id=0 syncSeqId=0
07-06 16:37:10.520 19629  9499 W Parcel  : Expecting binder but got null!
07-06 16:37:10.538 19629 19629 D VRI[PopupWindow:1414164]: vri.reportNextDraw android.view.ViewRootImpl.performTraversals:3779 android.view.ViewRootImpl.doTraversal:2543 android.view.ViewRootImpl$TraversalRunnable.run:9465 android.view.Choreographer$CallbackRecord.run:1451 android.view.Choreographer$CallbackRecord.run:1459 
07-06 16:37:10.538 19629 19629 D VRI[PopupWindow:1414164]: vri.Setup new sync id=0 syncSeqId=0
07-06 16:37:10.543 19629  9499 W Parcel  : Expecting binder but got null!
07-06 16:37:10.543 19629 19629 E FileUtils: err write to mi_exception_log
07-06 16:37:10.544 19629 19629 D VRI[PopupWindow:1414164]: vri.reportDrawFinished syncSeqId=0 android.view.ViewRootImpl.lambda$createSyncIfNeeded$4$android-view-ViewRootImpl:3847 android.view.ViewRootImpl$$ExternalSyntheticLambda1.run:6 android.os.Handler.handleCallback:942 android.os.Handler.dispatchMessage:99 android.os.Looper.loopOnce:211 
07-06 16:37:10.544 19629 19629 D VRI[PopupWindow:4e7a688]: vri.reportDrawFinished syncSeqId=0 android.view.ViewRootImpl.lambda$createSyncIfNeeded$4$android-view-ViewRootImpl:3847 android.view.ViewRootImpl$$ExternalSyntheticLambda1.run:6 android.os.Handler.handleCallback:942 android.os.Handler.dispatchMessage:99 android.os.Looper.loopOnce:211 
07-06 16:37:10.544 19629 19629 D VRI[PopupWindow:1fa640f]: vri.reportDrawFinished syncSeqId=0 android.view.ViewRootImpl.lambda$createSyncIfNeeded$4$android-view-ViewRootImpl:3847 android.view.ViewRootImpl$$ExternalSyntheticLambda1.run:6 android.os.Handler.handleCallback:942 android.os.Handler.dispatchMessage:99 android.os.Looper.loopOnce:211 
07-06 16:37:10.556 19629 19629 D VRI[PopupWindow:1fa640f]: vri.reportNextDraw android.view.ViewRootImpl.performTraversals:3779 android.view.ViewRootImpl.doTraversal:2543 android.view.ViewRootImpl$TraversalRunnable.run:9465 android.view.Choreographer$CallbackRecord.run:1451 android.view.Choreographer$CallbackRecord.run:1459 
07-06 16:37:10.556 19629 19629 D VRI[PopupWindow:1fa640f]: vri.Setup new sync id=1 syncSeqId=0
07-06 16:37:10.573 19629 19629 D VRI[PopupWindow:1fa640f]: vri.reportDrawFinished syncSeqId=0 android.view.ViewRootImpl.lambda$createSyncIfNeeded$4$android-view-ViewRootImpl:3847 android.view.ViewRootImpl$$ExternalSyntheticLambda1.run:6 android.os.Handler.handleCallback:942 android.os.Handler.dispatchMessage:99 android.os.Looper.loopOnce:211 
07-06 16:37:10.574 19629 19629 D VRI[PopupWindow:1fa640f]: vri.reportNextDraw android.view.ViewRootImpl.handleResized:1936 android.view.ViewRootImpl.-$$Nest$mhandleResized:0 android.view.ViewRootImpl$ViewRootHandler.handleMessageImpl:5860 android.view.ViewRootImpl$ViewRootHandler.handleMessage:5829 android.os.Handler.dispatchMessage:106 
07-06 16:37:10.575 19629 19629 D VRI[PopupWindow:4e7a688]: vri.reportNextDraw android.view.ViewRootImpl.handleResized:1936 android.view.ViewRootImpl.-$$Nest$mhandleResized:0 android.view.ViewRootImpl$ViewRootHandler.handleMessageImpl:5860 android.view.ViewRootImpl$ViewRootHandler.handleMessage:5829 android.os.Handler.dispatchMessage:106 
07-06 16:37:10.575 19629 19629 D VRI[PopupWindow:1414164]: vri.reportNextDraw android.view.ViewRootImpl.handleResized:1936 android.view.ViewRootImpl.-$$Nest$mhandleResized:0 android.view.ViewRootImpl$ViewRootHandler.handleMessageImpl:5860 android.view.ViewRootImpl$ViewRootHandler.handleMessage:5829 android.os.Handler.dispatchMessage:106 
07-06 16:37:10.576 19629 19629 D VRI[PopupWindow:1fa640f]: vri.Setup new sync id=2 syncSeqId=0
07-06 16:37:10.577 19629 19629 D VRI[PopupWindow:4e7a688]: vri.Setup new sync id=1 syncSeqId=0
07-06 16:37:10.579 19629 19629 D VRI[PopupWindow:1414164]: vri.Setup new sync id=1 syncSeqId=0
07-06 16:37:10.583 19629 19629 D VRI[PopupWindow:1414164]: vri.reportDrawFinished syncSeqId=0 android.view.ViewRootImpl.lambda$createSyncIfNeeded$4$android-view-ViewRootImpl:3847 android.view.ViewRootImpl$$ExternalSyntheticLambda1.run:6 android.os.Handler.handleCallback:942 android.os.Handler.dispatchMessage:99 android.os.Looper.loopOnce:211 
07-06 16:37:10.583 19629 19629 D VRI[PopupWindow:4e7a688]: vri.reportDrawFinished syncSeqId=0 android.view.ViewRootImpl.lambda$createSyncIfNeeded$4$android-view-ViewRootImpl:3847 android.view.ViewRootImpl$$ExternalSyntheticLambda1.run:6 android.os.Handler.handleCallback:942 android.os.Handler.dispatchMessage:99 android.os.Looper.loopOnce:211 
07-06 16:37:10.583 19629 19629 D VRI[PopupWindow:1fa640f]: vri.reportDrawFinished syncSeqId=0 android.view.ViewRootImpl.lambda$createSyncIfNeeded$4$android-view-ViewRootImpl:3847 android.view.ViewRootImpl$$ExternalSyntheticLambda1.run:6 android.os.Handler.handleCallback:942 android.os.Handler.dispatchMessage:99 android.os.Looper.loopOnce:211 
07-06 16:37:11.744 19629  9499 D OpenGLRenderer: endAllActiveAnimators on 0x7c5fac9300 (RippleDrawable) with handle 0x7c5f6eef60
07-06 16:37:14.407 19629 19629 W DecorViewStubImpl: try catch editor reflect exception
07-06 16:37:14.407 19629 19629 W DecorViewStubImpl: java.lang.reflect.InvocationTargetException
07-06 16:37:14.407 19629 19629 W DecorViewStubImpl: 	at java.lang.reflect.Method.invoke(Native Method)
07-06 16:37:14.407 19629 19629 W DecorViewStubImpl: 	at com.android.internal.policy.DecorViewStubImpl.createActionMode(DecorViewStubImpl.java:41)
07-06 16:37:14.407 19629 19629 W DecorViewStubImpl: 	at com.android.internal.policy.DecorView.startActionMode(DecorView.java:1011)
07-06 16:37:14.407 19629 19629 W DecorViewStubImpl: 	at com.android.internal.policy.DecorView.startActionModeForChild(DecorView.java:959)
07-06 16:37:14.407 19629 19629 W DecorViewStubImpl: 	at android.view.ViewGroup.startActionModeForChild(ViewGroup.java:1044)
07-06 16:37:14.407 19629 19629 W DecorViewStubImpl: 	at android.view.ViewGroup.startActionModeForChild(ViewGroup.java:1044)
07-06 16:37:14.407 19629 19629 W DecorViewStubImpl: 	at android.view.ViewGroup.startActionModeForChild(ViewGroup.java:1044)
07-06 16:37:14.407 19629 19629 W DecorViewStubImpl: 	at android.view.ViewGroup.startActionModeForChild(ViewGroup.java:1044)
07-06 16:37:14.407 19629 19629 W DecorViewStubImpl: 	at android.view.ViewGroup.startActionModeForChild(ViewGroup.java:1044)
07-06 16:37:14.407 19629 19629 W DecorViewStubImpl: 	at android.view.View.startActionMode(View.java:7744)
07-06 16:37:14.407 19629 19629 W DecorViewStubImpl: 	at com.termux.view.textselection.TextSelectionCursorController.setActionModeCallBacks(TextSelectionCursorController.java:167)
07-06 16:37:14.407 19629 19629 W DecorViewStubImpl: 	at com.termux.view.textselection.TextSelectionCursorController.show(TextSelectionCursorController.java:52)
07-06 16:37:14.407 19629 19629 W DecorViewStubImpl: 	at com.termux.view.TerminalView.showTextSelectionCursors(TerminalView.java:1341)
07-06 16:37:14.407 19629 19629 W DecorViewStubImpl: 	at com.termux.view.TerminalView.startTextSelectionMode(TerminalView.java:1393)
07-06 16:37:14.407 19629 19629 W DecorViewStubImpl: 	at com.termux.view.TerminalView$1.onLongPress(TerminalView.java:249)
07-06 16:37:14.407 19629 19629 W DecorViewStubImpl: 	at com.termux.view.GestureAndScaleRecognizer$1.onLongPress(GestureAndScaleRecognizer.java:55)
07-06 16:37:14.407 19629 19629 W DecorViewStubImpl: 	at android.view.GestureDetector.dispatchLongPress(GestureDetector.java:890)
07-06 16:37:14.407 19629 19629 W DecorViewStubImpl: 	at android.view.GestureDetector.-$$Nest$mdispatchLongPress(GestureDetector.java:0)
07-06 16:37:14.407 19629 19629 W DecorViewStubImpl: 	at android.view.GestureDetector$GestureHandler.handleMessage(GestureDetector.java:324)
07-06 16:37:14.407 19629 19629 W DecorViewStubImpl: 	at android.os.Handler.dispatchMessage(Handler.java:106)
07-06 16:37:14.407 19629 19629 W DecorViewStubImpl: 	at android.os.Looper.loopOnce(Looper.java:211)
07-06 16:37:14.407 19629 19629 W DecorViewStubImpl: 	at android.os.Looper.loop(Looper.java:300)
07-06 16:37:14.407 19629 19629 W DecorViewStubImpl: 	at android.app.ActivityThread.main(ActivityThread.java:8296)
07-06 16:37:14.407 19629 19629 W DecorViewStubImpl: 	at java.lang.reflect.Method.invoke(Native Method)
07-06 16:37:14.407 19629 19629 W DecorViewStubImpl: 	at com.android.internal.os.RuntimeInit$MethodAndArgsCaller.run(RuntimeInit.java:559)
07-06 16:37:14.407 19629 19629 W DecorViewStubImpl: 	at com.android.internal.os.ZygoteInit.main(ZygoteInit.java:954)
07-06 16:37:14.407 19629 19629 W DecorViewStubImpl: Caused by: java.lang.ClassCastException: com.termux.view.TerminalView cannot be cast to android.widget.TextView
07-06 16:37:14.407 19629 19629 W DecorViewStubImpl: 	at miuix.toolbar.internal.ActionView.<init>(ActionView.java:20)
07-06 16:37:14.407 19629 19629 W DecorViewStubImpl: 	at miuix.toolbar.FloatingActionMode.<init>(FloatingActionMode.java:102)
07-06 16:37:14.407 19629 19629 W DecorViewStubImpl: 	at miuix.toolbar.FloatingActionModeHelper.startActionMode(FloatingActionModeHelper.java:24)
07-06 16:37:14.407 19629 19629 W DecorViewStubImpl: 	... 26 more
07-06 16:37:14.433 19629 19629 E FileUtils: err write to mi_exception_log
07-06 16:37:14.447 19629 19629 D VRI[PopupWindow:9efaff5]: vri.reportNextDraw android.view.ViewRootImpl.performTraversals:3779 android.view.ViewRootImpl.doTraversal:2543 android.view.ViewRootImpl$TraversalRunnable.run:9465 android.view.Choreographer$CallbackRecord.run:1451 android.view.Choreographer$CallbackRecord.run:1459 
07-06 16:37:14.447 19629 19629 D VRI[PopupWindow:9efaff5]: vri.Setup new sync id=0 syncSeqId=0
07-06 16:37:14.453 19629  9499 W Parcel  : Expecting binder but got null!
07-06 16:37:14.467 19629 19629 D VRI[PopupWindow:5596c56]: vri.reportNextDraw android.view.ViewRootImpl.performTraversals:3779 android.view.ViewRootImpl.doTraversal:2543 android.view.ViewRootImpl$TraversalRunnable.run:9465 android.view.Choreographer$CallbackRecord.run:1451 android.view.Choreographer$CallbackRecord.run:1459 
07-06 16:37:14.467 19629 19629 D VRI[PopupWindow:5596c56]: vri.Setup new sync id=0 syncSeqId=0
07-06 16:37:14.470 19629  9499 W Parcel  : Expecting binder but got null!
07-06 16:37:14.489 19629 19629 D VRI[PopupWindow:3721d92]: vri.reportNextDraw android.view.ViewRootImpl.performTraversals:3779 android.view.ViewRootImpl.doTraversal:2543 android.view.ViewRootImpl$TraversalRunnable.run:9465 android.view.Choreographer$CallbackRecord.run:1451 android.view.Choreographer$CallbackRecord.run:1459 
07-06 16:37:14.490 19629 19629 D VRI[PopupWindow:3721d92]: vri.Setup new sync id=0 syncSeqId=0
07-06 16:37:14.495 19629  9499 W Parcel  : Expecting binder but got null!
07-06 16:37:14.495 19629 19629 E FileUtils: err write to mi_exception_log
07-06 16:37:14.496 19629 19629 D VRI[PopupWindow:3721d92]: vri.reportDrawFinished syncSeqId=0 android.view.ViewRootImpl.lambda$createSyncIfNeeded$4$android-view-ViewRootImpl:3847 android.view.ViewRootImpl$$ExternalSyntheticLambda1.run:6 android.os.Handler.handleCallback:942 android.os.Handler.dispatchMessage:99 android.os.Looper.loopOnce:211 
07-06 16:37:14.496 19629 19629 D VRI[PopupWindow:5596c56]: vri.reportDrawFinished syncSeqId=0 android.view.ViewRootImpl.lambda$createSyncIfNeeded$4$android-view-ViewRootImpl:3847 android.view.ViewRootImpl$$ExternalSyntheticLambda1.run:6 android.os.Handler.handleCallback:942 android.os.Handler.dispatchMessage:99 android.os.Looper.loopOnce:211 
07-06 16:37:14.497 19629 19629 D VRI[PopupWindow:9efaff5]: vri.reportDrawFinished syncSeqId=0 android.view.ViewRootImpl.lambda$createSyncIfNeeded$4$android-view-ViewRootImpl:3847 android.view.ViewRootImpl$$ExternalSyntheticLambda1.run:6 android.os.Handler.handleCallback:942 android.os.Handler.dispatchMessage:99 android.os.Looper.loopOnce:211 
07-06 16:37:14.505 19629 19629 D VRI[PopupWindow:9efaff5]: vri.reportNextDraw android.view.ViewRootImpl.performTraversals:3779 android.view.ViewRootImpl.doTraversal:2543 android.view.ViewRootImpl$TraversalRunnable.run:9465 android.view.Choreographer$CallbackRecord.run:1451 android.view.Choreographer$CallbackRecord.run:1459 
07-06 16:37:14.505 19629 19629 D VRI[PopupWindow:9efaff5]: vri.Setup new sync id=1 syncSeqId=0
07-06 16:37:14.523 19629 19629 D VRI[PopupWindow:9efaff5]: vri.reportDrawFinished syncSeqId=0 android.view.ViewRootImpl.lambda$createSyncIfNeeded$4$android-view-ViewRootImpl:3847 android.view.ViewRootImpl$$ExternalSyntheticLambda1.run:6 android.os.Handler.handleCallback:942 android.os.Handler.dispatchMessage:99 android.os.Looper.loopOnce:211 
07-06 16:37:14.524 19629 19629 D VRI[PopupWindow:9efaff5]: vri.reportNextDraw android.view.ViewRootImpl.handleResized:1936 android.view.ViewRootImpl.-$$Nest$mhandleResized:0 android.view.ViewRootImpl$ViewRootHandler.handleMessageImpl:5860 android.view.ViewRootImpl$ViewRootHandler.handleMessage:5829 android.os.Handler.dispatchMessage:106 
07-06 16:37:14.524 19629 19629 D VRI[PopupWindow:5596c56]: vri.reportNextDraw android.view.ViewRootImpl.handleResized:1936 android.view.ViewRootImpl.-$$Nest$mhandleResized:0 android.view.ViewRootImpl$ViewRootHandler.handleMessageImpl:5860 android.view.ViewRootImpl$ViewRootHandler.handleMessage:5829 android.os.Handler.dispatchMessage:106 
07-06 16:37:14.525 19629 19629 D VRI[PopupWindow:3721d92]: vri.reportNextDraw android.view.ViewRootImpl.handleResized:1936 android.view.ViewRootImpl.-$$Nest$mhandleResized:0 android.view.ViewRootImpl$ViewRootHandler.handleMessageImpl:5860 android.view.ViewRootImpl$ViewRootHandler.handleMessage:5829 android.os.Handler.dispatchMessage:106 
07-06 16:37:14.525 19629 19629 D VRI[PopupWindow:9efaff5]: vri.Setup new sync id=2 syncSeqId=0
07-06 16:37:14.528 19629 19629 D VRI[PopupWindow:5596c56]: vri.Setup new sync id=1 syncSeqId=0
07-06 16:37:14.530 19629 19629 D VRI[PopupWindow:3721d92]: vri.Setup new sync id=1 syncSeqId=0
07-06 16:37:14.534 19629 19629 D VRI[PopupWindow:3721d92]: vri.reportDrawFinished syncSeqId=0 android.view.ViewRootImpl.lambda$createSyncIfNeeded$4$android-view-ViewRootImpl:3847 android.view.ViewRootImpl$$ExternalSyntheticLambda1.run:6 android.os.Handler.handleCallback:942 android.os.Handler.dispatchMessage:99 android.os.Looper.loopOnce:211 
07-06 16:37:14.535 19629 19629 D VRI[PopupWindow:5596c56]: vri.reportDrawFinished syncSeqId=0 android.view.ViewRootImpl.lambda$createSyncIfNeeded$4$android-view-ViewRootImpl:3847 android.view.ViewRootImpl$$ExternalSyntheticLambda1.run:6 android.os.Handler.handleCallback:942 android.os.Handler.dispatchMessage:99 android.os.Looper.loopOnce:211 
07-06 16:37:14.535 19629 19629 D VRI[PopupWindow:9efaff5]: vri.reportDrawFinished syncSeqId=0 android.view.ViewRootImpl.lambda$createSyncIfNeeded$4$android-view-ViewRootImpl:3847 android.view.ViewRootImpl$$ExternalSyntheticLambda1.run:6 android.os.Handler.handleCallback:942 android.os.Handler.dispatchMessage:99 android.os.Looper.loopOnce:211 
07-06 16:37:16.361 19629  9499 W RenderInspector: DequeueBuffer time out on PopupWindow:3721d92, count=1, avg=8 ms, max=8 ms.
07-06 16:37:16.565 19629  9499 D OpenGLRenderer: endAllActiveAnimators on 0x7c5fb35900 (RippleDrawable) with handle 0x7c5f976760
07-06 16:37:23.104 19629 19629 W DecorViewStubImpl: try catch editor reflect exception
07-06 16:37:23.104 19629 19629 W DecorViewStubImpl: java.lang.reflect.InvocationTargetException
07-06 16:37:23.104 19629 19629 W DecorViewStubImpl: 	at java.lang.reflect.Method.invoke(Native Method)
07-06 16:37:23.104 19629 19629 W DecorViewStubImpl: 	at com.android.internal.policy.DecorViewStubImpl.createActionMode(DecorViewStubImpl.java:41)
07-06 16:37:23.104 19629 19629 W DecorViewStubImpl: 	at com.android.internal.policy.DecorView.startActionMode(DecorView.java:1011)
07-06 16:37:23.104 19629 19629 W DecorViewStubImpl: 	at com.android.internal.policy.DecorView.startActionModeForChild(DecorView.java:959)
07-06 16:37:23.104 19629 19629 W DecorViewStubImpl: 	at android.view.ViewGroup.startActionModeForChild(ViewGroup.java:1044)
07-06 16:37:23.104 19629 19629 W DecorViewStubImpl: 	at android.view.ViewGroup.startActionModeForChild(ViewGroup.java:1044)
07-06 16:37:23.104 19629 19629 W DecorViewStubImpl: 	at android.view.ViewGroup.startActionModeForChild(ViewGroup.java:1044)
07-06 16:37:23.104 19629 19629 W DecorViewStubImpl: 	at android.view.ViewGroup.startActionModeForChild(ViewGroup.java:1044)
07-06 16:37:23.104 19629 19629 W DecorViewStubImpl: 	at android.view.ViewGroup.startActionModeForChild(ViewGroup.java:1044)
07-06 16:37:23.104 19629 19629 W DecorViewStubImpl: 	at android.view.View.startActionMode(View.java:7744)
07-06 16:37:23.104 19629 19629 W DecorViewStubImpl: 	at com.termux.view.textselection.TextSelectionCursorController.setActionModeCallBacks(TextSelectionCursorController.java:167)
07-06 16:37:23.104 19629 19629 W DecorViewStubImpl: 	at com.termux.view.textselection.TextSelectionCursorController.show(TextSelectionCursorController.java:52)
07-06 16:37:23.104 19629 19629 W DecorViewStubImpl: 	at com.termux.view.TerminalView.showTextSelectionCursors(TerminalView.java:1341)
07-06 16:37:23.104 19629 19629 W DecorViewStubImpl: 	at com.termux.view.TerminalView.startTextSelectionMode(TerminalView.java:1393)
07-06 16:37:23.104 19629 19629 W DecorViewStubImpl: 	at com.termux.view.TerminalView$1.onLongPress(TerminalView.java:249)
07-06 16:37:23.104 19629 19629 W DecorViewStubImpl: 	at com.termux.view.GestureAndScaleRecognizer$1.onLongPress(GestureAndScaleRecognizer.java:55)
07-06 16:37:23.104 19629 19629 W DecorViewStubImpl: 	at android.view.GestureDetector.dispatchLongPress(GestureDetector.java:890)
07-06 16:37:23.104 19629 19629 W DecorViewStubImpl: 	at android.view.GestureDetector.-$$Nest$mdispatchLongPress(GestureDetector.java:0)
07-06 16:37:23.104 19629 19629 W DecorViewStubImpl: 	at android.view.GestureDetector$GestureHandler.handleMessage(GestureDetector.java:324)
07-06 16:37:23.104 19629 19629 W DecorViewStubImpl: 	at android.os.Handler.dispatchMessage(Handler.java:106)
07-06 16:37:23.104 19629 19629 W DecorViewStubImpl: 	at android.os.Looper.loopOnce(Looper.java:211)
07-06 16:37:23.104 19629 19629 W DecorViewStubImpl: 	at android.os.Looper.loop(Looper.java:300)
07-06 16:37:23.104 19629 19629 W DecorViewStubImpl: 	at android.app.ActivityThread.main(ActivityThread.java:8296)
07-06 16:37:23.104 19629 19629 W DecorViewStubImpl: 	at java.lang.reflect.Method.invoke(Native Method)
07-06 16:37:23.104 19629 19629 W DecorViewStubImpl: 	at com.android.internal.os.RuntimeInit$MethodAndArgsCaller.run(RuntimeInit.java:559)
07-06 16:37:23.104 19629 19629 W DecorViewStubImpl: 	at com.android.internal.os.ZygoteInit.main(ZygoteInit.java:954)
07-06 16:37:23.104 19629 19629 W DecorViewStubImpl: Caused by: java.lang.ClassCastException: com.termux.view.TerminalView cannot be cast to android.widget.TextView
07-06 16:37:23.104 19629 19629 W DecorViewStubImpl: 	at miuix.toolbar.internal.ActionView.<init>(ActionView.java:20)
07-06 16:37:23.104 19629 19629 W DecorViewStubImpl: 	at miuix.toolbar.FloatingActionMode.<init>(FloatingActionMode.java:102)
07-06 16:37:23.104 19629 19629 W DecorViewStubImpl: 	at miuix.toolbar.FloatingActionModeHelper.startActionMode(FloatingActionModeHelper.java:24)
07-06 16:37:23.104 19629 19629 W DecorViewStubImpl: 	... 26 more
07-06 16:37:23.133 19629 19629 E FileUtils: err write to mi_exception_log
07-06 16:37:23.154 19629 19629 D VRI[PopupWindow:a9951cb]: vri.reportNextDraw android.view.ViewRootImpl.performTraversals:3779 android.view.ViewRootImpl.doTraversal:2543 android.view.ViewRootImpl$TraversalRunnable.run:9465 android.view.Choreographer$CallbackRecord.run:1451 android.view.Choreographer$CallbackRecord.run:1459 
07-06 16:37:23.155 19629 19629 D VRI[PopupWindow:a9951cb]: vri.Setup new sync id=0 syncSeqId=0
07-06 16:37:23.160 19629  9499 W Parcel  : Expecting binder but got null!
07-06 16:37:23.180 19629 19629 D VRI[PopupWindow:cdf2c54]: vri.reportNextDraw android.view.ViewRootImpl.performTraversals:3779 android.view.ViewRootImpl.doTraversal:2543 android.view.ViewRootImpl$TraversalRunnable.run:9465 android.view.Choreographer$CallbackRecord.run:1451 android.view.Choreographer$CallbackRecord.run:1459 
07-06 16:37:23.181 19629 19629 D VRI[PopupWindow:cdf2c54]: vri.Setup new sync id=0 syncSeqId=0
07-06 16:37:23.186 19629  9499 W Parcel  : Expecting binder but got null!
07-06 16:37:23.212 19629 19629 D VRI[PopupWindow:bc212f0]: vri.reportNextDraw android.view.ViewRootImpl.performTraversals:3779 android.view.ViewRootImpl.doTraversal:2543 android.view.ViewRootImpl$TraversalRunnable.run:9465 android.view.Choreographer$CallbackRecord.run:1451 android.view.Choreographer$CallbackRecord.run:1459 
07-06 16:37:23.213 19629 19629 D VRI[PopupWindow:bc212f0]: vri.Setup new sync id=0 syncSeqId=0
07-06 16:37:23.219 19629  9499 W Parcel  : Expecting binder but got null!
07-06 16:37:23.220 19629 19629 E FileUtils: err write to mi_exception_log
07-06 16:37:23.221 19629 19629 D VRI[PopupWindow:bc212f0]: vri.reportDrawFinished syncSeqId=0 android.view.ViewRootImpl.lambda$createSyncIfNeeded$4$android-view-ViewRootImpl:3847 android.view.ViewRootImpl$$ExternalSyntheticLambda1.run:6 android.os.Handler.handleCallback:942 android.os.Handler.dispatchMessage:99 android.os.Looper.loopOnce:211 
07-06 16:37:23.221 19629 19629 D VRI[PopupWindow:cdf2c54]: vri.reportDrawFinished syncSeqId=0 android.view.ViewRootImpl.lambda$createSyncIfNeeded$4$android-view-ViewRootImpl:3847 android.view.ViewRootImpl$$ExternalSyntheticLambda1.run:6 android.os.Handler.handleCallback:942 android.os.Handler.dispatchMessage:99 android.os.Looper.loopOnce:211 
07-06 16:37:23.222 19629 19629 D VRI[PopupWindow:a9951cb]: vri.reportDrawFinished syncSeqId=0 android.view.ViewRootImpl.lambda$createSyncIfNeeded$4$android-view-ViewRootImpl:3847 android.view.ViewRootImpl$$ExternalSyntheticLambda1.run:6 android.os.Handler.handleCallback:942 android.os.Handler.dispatchMessage:99 android.os.Looper.loopOnce:211 
07-06 16:37:23.230 19629 19629 D VRI[PopupWindow:a9951cb]: vri.reportNextDraw android.view.ViewRootImpl.performTraversals:3779 android.view.ViewRootImpl.doTraversal:2543 android.view.ViewRootImpl$TraversalRunnable.run:9465 android.view.Choreographer$CallbackRecord.run:1451 android.view.Choreographer$CallbackRecord.run:1459 
07-06 16:37:23.230 19629 19629 D VRI[PopupWindow:a9951cb]: vri.Setup new sync id=1 syncSeqId=0
07-06 16:37:23.245 19629 19629 D VRI[PopupWindow:a9951cb]: vri.reportDrawFinished syncSeqId=0 android.view.ViewRootImpl.lambda$createSyncIfNeeded$4$android-view-ViewRootImpl:3847 android.view.ViewRootImpl$$ExternalSyntheticLambda1.run:6 android.os.Handler.handleCallback:942 android.os.Handler.dispatchMessage:99 android.os.Looper.loopOnce:211 
07-06 16:37:23.246 19629 19629 D VRI[PopupWindow:a9951cb]: vri.reportNextDraw android.view.ViewRootImpl.handleResized:1936 android.view.ViewRootImpl.-$$Nest$mhandleResized:0 android.view.ViewRootImpl$ViewRootHandler.handleMessageImpl:5860 android.view.ViewRootImpl$ViewRootHandler.handleMessage:5829 android.os.Handler.dispatchMessage:106 
07-06 16:37:23.246 19629 19629 D VRI[PopupWindow:cdf2c54]: vri.reportNextDraw android.view.ViewRootImpl.handleResized:1936 android.view.ViewRootImpl.-$$Nest$mhandleResized:0 android.view.ViewRootImpl$ViewRootHandler.handleMessageImpl:5860 android.view.ViewRootImpl$ViewRootHandler.handleMessage:5829 android.os.Handler.dispatchMessage:106 
07-06 16:37:23.246 19629 19629 D VRI[PopupWindow:bc212f0]: vri.reportNextDraw android.view.ViewRootImpl.handleResized:1936 android.view.ViewRootImpl.-$$Nest$mhandleResized:0 android.view.ViewRootImpl$ViewRootHandler.handleMessageImpl:5860 android.view.ViewRootImpl$ViewRootHandler.handleMessage:5829 android.os.Handler.dispatchMessage:106 
07-06 16:37:23.247 19629 19629 D VRI[PopupWindow:a9951cb]: vri.Setup new sync id=2 syncSeqId=0
07-06 16:37:23.250 19629 19629 D VRI[PopupWindow:cdf2c54]: vri.Setup new sync id=1 syncSeqId=0
07-06 16:37:23.254 19629 19629 D VRI[PopupWindow:bc212f0]: vri.Setup new sync id=1 syncSeqId=0
07-06 16:37:23.258 19629 19629 D VRI[PopupWindow:bc212f0]: vri.reportDrawFinished syncSeqId=0 android.view.ViewRootImpl.lambda$createSyncIfNeeded$4$android-view-ViewRootImpl:3847 android.view.ViewRootImpl$$ExternalSyntheticLambda1.run:6 android.os.Handler.handleCallback:942 android.os.Handler.dispatchMessage:99 android.os.Looper.loopOnce:211 
07-06 16:37:23.259 19629 19629 D VRI[PopupWindow:cdf2c54]: vri.reportDrawFinished syncSeqId=0 android.view.ViewRootImpl.lambda$createSyncIfNeeded$4$android-view-ViewRootImpl:3847 android.view.ViewRootImpl$$ExternalSyntheticLambda1.run:6 android.os.Handler.handleCallback:942 android.os.Handler.dispatchMessage:99 android.os.Looper.loopOnce:211 
07-06 16:37:23.260 19629 19629 D VRI[PopupWindow:a9951cb]: vri.reportDrawFinished syncSeqId=0 android.view.ViewRootImpl.lambda$createSyncIfNeeded$4$android-view-ViewRootImpl:3847 android.view.ViewRootImpl$$ExternalSyntheticLambda1.run:6 android.os.Handler.handleCallback:942 android.os.Handler.dispatchMessage:99 android.os.Looper.loopOnce:211 
07-06 16:37:24.320 19629  9499 D OpenGLRenderer: endAllActiveAnimators on 0x7c5fbadf00 (RippleDrawable) with handle 0x7c5f9769c0
07-06 16:37:25.211 13229 13229 W bash    : type=1400 audit(0.0:77445): avc: granted { execute } for name="command-not-found" dev="dm-41" ino=2474742 scontext=u:r:untrusted_app_27:s0:c178,c256,c512,c768 tcontext=u:object_r:app_data_file:s0:c178,c256,c512,c768 tclass=file app=com.termux
07-06 16:37:25.211 13229 13229 W bash    : type=1400 audit(0.0:77446): avc: granted { execute } for name="command-not-found" dev="dm-41" ino=2474742 scontext=u:r:untrusted_app_27:s0:c178,c256,c512,c768 tcontext=u:object_r:app_data_file:s0:c178,c256,c512,c768 tclass=file app=com.termux
07-06 16:37:25.211 13229 13229 W bash    : type=1400 audit(0.0:77447): avc: granted { execute_no_trans } for path="/data/data/com.termux/files/usr/libexec/termux/command-not-found" dev="dm-41" ino=2474742 scontext=u:r:untrusted_app_27:s0:c178,c256,c512,c768 tcontext=u:object_r:app_data_file:s0:c178,c256,c512,c768 tclass=file app=com.termux
07-06 16:37:25.211 13229 13229 W command-not-fou: type=1400 audit(0.0:77448): avc: granted { execute } for path="/data/data/com.termux/files/usr/libexec/termux/command-not-found" dev="dm-41" ino=2474742 scontext=u:r:untrusted_app_27:s0:c178,c256,c512,c768 tcontext=u:object_r:app_data_file:s0:c178,c256,c512,c768 tclass=file app=com.termux
07-06 16:37:25.231 13229 13229 W command-not-fou: type=1400 audit(0.0:77449): avc: denied { search } for name="tests" dev="dm-41" ino=165402 scontext=u:r:untrusted_app_27:s0:c178,c256,c512,c768 tcontext=u:object_r:shell_test_data_file:s0 tclass=dir permissive=0 app=com.termux
07-06 16:37:25.231 13229 13229 W command-not-fou: type=1400 audit(0.0:77450): avc: denied { search } for name="tests" dev="dm-41" ino=165402 scontext=u:r:untrusted_app_27:s0:c178,c256,c512,c768 tcontext=u:object_r:shell_test_data_file:s0 tclass=dir permissive=0 app=com.termux
07-06 16:37:25.231 13229 13229 W command-not-fou: type=1400 audit(0.0:77451): avc: denied { search } for name="tests" dev="dm-41" ino=165402 scontext=u:r:untrusted_app_27:s0:c178,c256,c512,c768 tcontext=u:object_r:shell_test_data_file:s0 tclass=dir permissive=0 app=com.termux
07-06 16:37:25.231 13229 13229 W command-not-fou: type=1400 audit(0.0:77452): avc: denied { search } for name="tests" dev="dm-41" ino=165402 scontext=u:r:untrusted_app_27:s0:c178,c256,c512,c768 tcontext=u:object_r:shell_test_data_file:s0 tclass=dir permissive=0 app=com.termux
07-06 16:37:25.241 13229 13229 W command-not-fou: type=1400 audit(0.0:77453): avc: granted { execute } for path="/data/data/com.termux/files/usr/lib/libtermux-exec-ld-preload.so" dev="dm-41" ino=2450778 scontext=u:r:untrusted_app_27:s0:c178,c256,c512,c768 tcontext=u:object_r:app_data_file:s0:c178,c256,c512,c768 tclass=file app=com.termux
07-06 16:38:37.452 19629 19629 W DecorViewStubImpl: try catch editor reflect exception
07-06 16:38:37.452 19629 19629 W DecorViewStubImpl: java.lang.reflect.InvocationTargetException
07-06 16:38:37.452 19629 19629 W DecorViewStubImpl: 	at java.lang.reflect.Method.invoke(Native Method)
07-06 16:38:37.452 19629 19629 W DecorViewStubImpl: 	at com.android.internal.policy.DecorViewStubImpl.createActionMode(DecorViewStubImpl.java:41)
07-06 16:38:37.452 19629 19629 W DecorViewStubImpl: 	at com.android.internal.policy.DecorView.startActionMode(DecorView.java:1011)
07-06 16:38:37.452 19629 19629 W DecorViewStubImpl: 	at com.android.internal.policy.DecorView.startActionModeForChild(DecorView.java:959)
07-06 16:38:37.452 19629 19629 W DecorViewStubImpl: 	at android.view.ViewGroup.startActionModeForChild(ViewGroup.java:1044)
07-06 16:38:37.452 19629 19629 W DecorViewStubImpl: 	at android.view.ViewGroup.startActionModeForChild(ViewGroup.java:1044)
07-06 16:38:37.452 19629 19629 W DecorViewStubImpl: 	at android.view.ViewGroup.startActionModeForChild(ViewGroup.java:1044)
07-06 16:38:37.452 19629 19629 W DecorViewStubImpl: 	at android.view.ViewGroup.startActionModeForChild(ViewGroup.java:1044)
07-06 16:38:37.452 19629 19629 W DecorViewStubImpl: 	at android.view.ViewGroup.startActionModeForChild(ViewGroup.java:1044)
07-06 16:38:37.452 19629 19629 W DecorViewStubImpl: 	at android.view.View.startActionMode(View.java:7744)
07-06 16:38:37.452 19629 19629 W DecorViewStubImpl: 	at com.termux.view.textselection.TextSelectionCursorController.setActionModeCallBacks(TextSelectionCursorController.java:167)
07-06 16:38:37.452 19629 19629 W DecorViewStubImpl: 	at com.termux.view.textselection.TextSelectionCursorController.show(TextSelectionCursorController.java:52)
07-06 16:38:37.452 19629 19629 W DecorViewStubImpl: 	at com.termux.view.TerminalView.showTextSelectionCursors(TerminalView.java:1341)
07-06 16:38:37.452 19629 19629 W DecorViewStubImpl: 	at com.termux.view.TerminalView.startTextSelectionMode(TerminalView.java:1393)
07-06 16:38:37.452 19629 19629 W DecorViewStubImpl: 	at com.termux.view.TerminalView$1.onLongPress(TerminalView.java:249)
07-06 16:38:37.452 19629 19629 W DecorViewStubImpl: 	at com.termux.view.GestureAndScaleRecognizer$1.onLongPress(GestureAndScaleRecognizer.java:55)
07-06 16:38:37.452 19629 19629 W DecorViewStubImpl: 	at android.view.GestureDetector.dispatchLongPress(GestureDetector.java:890)
07-06 16:38:37.452 19629 19629 W DecorViewStubImpl: 	at android.view.GestureDetector.-$$Nest$mdispatchLongPress(GestureDetector.java:0)
07-06 16:38:37.452 19629 19629 W DecorViewStubImpl: 	at android.view.GestureDetector$GestureHandler.handleMessage(GestureDetector.java:324)
07-06 16:38:37.452 19629 19629 W DecorViewStubImpl: 	at android.os.Handler.dispatchMessage(Handler.java:106)
07-06 16:38:37.452 19629 19629 W DecorViewStubImpl: 	at android.os.Looper.loopOnce(Looper.java:211)
07-06 16:38:37.452 19629 19629 W DecorViewStubImpl: 	at android.os.Looper.loop(Looper.java:300)
07-06 16:38:37.452 19629 19629 W DecorViewStubImpl: 	at android.app.ActivityThread.main(ActivityThread.java:8296)
07-06 16:38:37.452 19629 19629 W DecorViewStubImpl: 	at java.lang.reflect.Method.invoke(Native Method)
07-06 16:38:37.452 19629 19629 W DecorViewStubImpl: 	at com.android.internal.os.RuntimeInit$MethodAndArgsCaller.run(RuntimeInit.java:559)
07-06 16:38:37.452 19629 19629 W DecorViewStubImpl: 	at com.android.internal.os.ZygoteInit.main(ZygoteInit.java:954)
07-06 16:38:37.452 19629 19629 W DecorViewStubImpl: Caused by: java.lang.ClassCastException: com.termux.view.TerminalView cannot be cast to android.widget.TextView
07-06 16:38:37.452 19629 19629 W DecorViewStubImpl: 	at miuix.toolbar.internal.ActionView.<init>(ActionView.java:20)
07-06 16:38:37.452 19629 19629 W DecorViewStubImpl: 	at miuix.toolbar.FloatingActionMode.<init>(FloatingActionMode.java:102)
07-06 16:38:37.452 19629 19629 W DecorViewStubImpl: 	at miuix.toolbar.FloatingActionModeHelper.startActionMode(FloatingActionModeHelper.java:24)
07-06 16:38:37.452 19629 19629 W DecorViewStubImpl: 	... 26 more
07-06 16:38:37.478 19629 19629 E FileUtils: err write to mi_exception_log
07-06 16:38:37.492 19629 19629 D VRI[PopupWindow:85dc711]: vri.reportNextDraw android.view.ViewRootImpl.performTraversals:3779 android.view.ViewRootImpl.doTraversal:2543 android.view.ViewRootImpl$TraversalRunnable.run:9465 android.view.Choreographer$CallbackRecord.run:1451 android.view.Choreographer$CallbackRecord.run:1459 
07-06 16:38:37.492 19629 19629 D VRI[PopupWindow:85dc711]: vri.Setup new sync id=0 syncSeqId=0
07-06 16:38:37.496 19629  9499 W Parcel  : Expecting binder but got null!
07-06 16:38:37.513 19629 19629 D VRI[PopupWindow:8b0ce02]: vri.reportNextDraw android.view.ViewRootImpl.performTraversals:3779 android.view.ViewRootImpl.doTraversal:2543 android.view.ViewRootImpl$TraversalRunnable.run:9465 android.view.Choreographer$CallbackRecord.run:1451 android.view.Choreographer$CallbackRecord.run:1459 
07-06 16:38:37.513 19629 19629 D VRI[PopupWindow:8b0ce02]: vri.Setup new sync id=0 syncSeqId=0
07-06 16:38:37.517 19629  9499 W Parcel  : Expecting binder but got null!
07-06 16:38:37.539 19629 19629 D VRI[PopupWindow:af6e0fe]: vri.reportNextDraw android.view.ViewRootImpl.performTraversals:3779 android.view.ViewRootImpl.doTraversal:2543 android.view.ViewRootImpl$TraversalRunnable.run:9465 android.view.Choreographer$CallbackRecord.run:1451 android.view.Choreographer$CallbackRecord.run:1459 
07-06 16:38:37.539 19629 19629 D VRI[PopupWindow:af6e0fe]: vri.Setup new sync id=0 syncSeqId=0
07-06 16:38:37.546 19629  9499 W Parcel  : Expecting binder but got null!
07-06 16:38:37.547 19629 19629 E FileUtils: err write to mi_exception_log
07-06 16:38:37.547 19629 19629 D VRI[PopupWindow:af6e0fe]: vri.reportDrawFinished syncSeqId=0 android.view.ViewRootImpl.lambda$createSyncIfNeeded$4$android-view-ViewRootImpl:3847 android.view.ViewRootImpl$$ExternalSyntheticLambda1.run:6 android.os.Handler.handleCallback:942 android.os.Handler.dispatchMessage:99 android.os.Looper.loopOnce:211 
07-06 16:38:37.548 19629 19629 D VRI[PopupWindow:8b0ce02]: vri.reportDrawFinished syncSeqId=0 android.view.ViewRootImpl.lambda$createSyncIfNeeded$4$android-view-ViewRootImpl:3847 android.view.ViewRootImpl$$ExternalSyntheticLambda1.run:6 android.os.Handler.handleCallback:942 android.os.Handler.dispatchMessage:99 android.os.Looper.loopOnce:211 
07-06 16:38:37.548 19629 19629 D VRI[PopupWindow:85dc711]: vri.reportDrawFinished syncSeqId=0 android.view.ViewRootImpl.lambda$createSyncIfNeeded$4$android-view-ViewRootImpl:3847 android.view.ViewRootImpl$$ExternalSyntheticLambda1.run:6 android.os.Handler.handleCallback:942 android.os.Handler.dispatchMessage:99 android.os.Looper.loopOnce:211 
07-06 16:38:37.560 19629 19629 D VRI[PopupWindow:85dc711]: vri.reportNextDraw android.view.ViewRootImpl.performTraversals:3779 android.view.ViewRootImpl.doTraversal:2543 android.view.ViewRootImpl$TraversalRunnable.run:9465 android.view.Choreographer$CallbackRecord.run:1451 android.view.Choreographer$CallbackRecord.run:1459 
07-06 16:38:37.560 19629 19629 D VRI[PopupWindow:85dc711]: vri.Setup new sync id=1 syncSeqId=0
07-06 16:38:37.584 19629 19629 D VRI[PopupWindow:85dc711]: vri.reportDrawFinished syncSeqId=0 android.view.ViewRootImpl.lambda$createSyncIfNeeded$4$android-view-ViewRootImpl:3847 android.view.ViewRootImpl$$ExternalSyntheticLambda1.run:6 android.os.Handler.handleCallback:942 android.os.Handler.dispatchMessage:99 android.os.Looper.loopOnce:211 
07-06 16:38:37.585 19629 19629 D VRI[PopupWindow:85dc711]: vri.reportNextDraw android.view.ViewRootImpl.handleResized:1936 android.view.ViewRootImpl.-$$Nest$mhandleResized:0 android.view.ViewRootImpl$ViewRootHandler.handleMessageImpl:5860 android.view.ViewRootImpl$ViewRootHandler.handleMessage:5829 android.os.Handler.dispatchMessage:106 
07-06 16:38:37.586 19629 19629 D VRI[PopupWindow:8b0ce02]: vri.reportNextDraw android.view.ViewRootImpl.handleResized:1936 android.view.ViewRootImpl.-$$Nest$mhandleResized:0 android.view.ViewRootImpl$ViewRootHandler.handleMessageImpl:5860 android.view.ViewRootImpl$ViewRootHandler.handleMessage:5829 android.os.Handler.dispatchMessage:106 
07-06 16:38:37.586 19629 19629 D VRI[PopupWindow:af6e0fe]: vri.reportNextDraw android.view.ViewRootImpl.handleResized:1936 android.view.ViewRootImpl.-$$Nest$mhandleResized:0 android.view.ViewRootImpl$ViewRootHandler.handleMessageImpl:5860 android.view.ViewRootImpl$ViewRootHandler.handleMessage:5829 android.os.Handler.dispatchMessage:106 
07-06 16:38:37.587 19629 19629 D VRI[PopupWindow:85dc711]: vri.Setup new sync id=2 syncSeqId=0
07-06 16:38:37.590 19629 19629 D VRI[PopupWindow:8b0ce02]: vri.Setup new sync id=1 syncSeqId=0
07-06 16:38:37.594 19629 19629 D VRI[PopupWindow:af6e0fe]: vri.Setup new sync id=1 syncSeqId=0
07-06 16:38:37.600 19629 19629 D VRI[PopupWindow:af6e0fe]: vri.reportDrawFinished syncSeqId=0 android.view.ViewRootImpl.lambda$createSyncIfNeeded$4$android-view-ViewRootImpl:3847 android.view.ViewRootImpl$$ExternalSyntheticLambda1.run:6 android.os.Handler.handleCallback:942 android.os.Handler.dispatchMessage:99 android.os.Looper.loopOnce:211 
07-06 16:38:37.601 19629 19629 D VRI[PopupWindow:8b0ce02]: vri.reportDrawFinished syncSeqId=0 android.view.ViewRootImpl.lambda$createSyncIfNeeded$4$android-view-ViewRootImpl:3847 android.view.ViewRootImpl$$ExternalSyntheticLambda1.run:6 android.os.Handler.handleCallback:942 android.os.Handler.dispatchMessage:99 android.os.Looper.loopOnce:211 
07-06 16:38:37.601 19629 19629 D VRI[PopupWindow:85dc711]: vri.reportDrawFinished syncSeqId=0 android.view.ViewRootImpl.lambda$createSyncIfNeeded$4$android-view-ViewRootImpl:3847 android.view.ViewRootImpl$$ExternalSyntheticLambda1.run:6 android.os.Handler.handleCallback:942 android.os.Handler.dispatchMessage:99 android.os.Looper.loopOnce:211 
07-06 16:38:37.638 19629 19629 E ViewDragHelper: Ignoring pointerId=0 because ACTION_DOWN was not received for this pointer before ACTION_MOVE. It likely happened because  ViewDragHelper did not receive all the events in the event stream.
07-06 16:38:37.638 19629 19629 E ViewDragHelper: Ignoring pointerId=0 because ACTION_DOWN was not received for this pointer before ACTION_MOVE. It likely happened because  ViewDragHelper did not receive all the events in the event stream.
07-06 16:38:37.638 19629 19629 E ViewDragHelper: Ignoring pointerId=0 because ACTION_DOWN was not received for this pointer before ACTION_MOVE. It likely happened because  ViewDragHelper did not receive all the events in the event stream.
07-06 16:38:37.638 19629 19629 E ViewDragHelper: Ignoring pointerId=0 because ACTION_DOWN was not received for this pointer before ACTION_MOVE. It likely happened because  ViewDragHelper did not receive all the events in the event stream.
07-06 16:38:37.640 19629 19629 E ViewDragHelper: Ignoring pointerId=0 because ACTION_DOWN was not received for this pointer before ACTION_MOVE. It likely happened because  ViewDragHelper did not receive all the events in the event stream.
07-06 16:38:37.640 19629 19629 E ViewDragHelper: Ignoring pointerId=0 because ACTION_DOWN was not received for this pointer before ACTION_MOVE. It likely happened because  ViewDragHelper did not receive all the events in the event stream.
07-06 16:38:37.640 19629 19629 E ViewDragHelper: Ignoring pointerId=0 because ACTION_DOWN was not received for this pointer before ACTION_MOVE. It likely happened because  ViewDragHelper did not receive all the events in the event stream.
07-06 16:38:37.640 19629 19629 E ViewDragHelper: Ignoring pointerId=0 because ACTION_DOWN was not received for this pointer before ACTION_MOVE. It likely happened because  ViewDragHelper did not receive all the events in the event stream.
07-06 16:38:37.992 19629 19629 D VRI[PopupWindow:af6e0fe]: vri.reportNextDraw android.view.ViewRootImpl.performTraversals:3779 android.view.ViewRootImpl.doTraversal:2543 android.view.ViewRootImpl$TraversalRunnable.run:9465 android.view.Choreographer$CallbackRecord.run:1451 android.view.Choreographer$CallbackRecord.run:1459 
07-06 16:38:37.992 19629 19629 D VRI[PopupWindow:af6e0fe]: vri.Setup new sync id=0 syncSeqId=0
07-06 16:38:37.997 19629  9499 W Parcel  : Expecting binder but got null!
07-06 16:38:37.998 19629 19629 D VRI[PopupWindow:af6e0fe]: vri.reportDrawFinished syncSeqId=0 android.view.ViewRootImpl.lambda$createSyncIfNeeded$4$android-view-ViewRootImpl:3847 android.view.ViewRootImpl$$ExternalSyntheticLambda1.run:6 android.os.Handler.handleCallback:942 android.os.Handler.dispatchMessage:99 android.os.Looper.loopOnce:211 
